Archive member included to satisfy reference by file (symbol)

C:/PROGRA~2/ARMGNU~1/13C7F1~1.2RE/bin/../lib/gcc/arm-none-eabi/13.2.1/thumb/v8-m.main+fp/hard\libg_nano.a(libc_a-exit.o)
                              C:/PROGRA~2/ARMGNU~1/13C7F1~1.2RE/bin/../lib/gcc/arm-none-eabi/13.2.1/thumb/v8-m.main+fp/hard/crt0.o (exit)
C:/PROGRA~2/ARMGNU~1/13C7F1~1.2RE/bin/../lib/gcc/arm-none-eabi/13.2.1/thumb/v8-m.main+fp/hard\libg_nano.a(libc_a-findfp.o)
                              C:/PROGRA~2/ARMGNU~1/13C7F1~1.2RE/bin/../lib/gcc/arm-none-eabi/13.2.1/thumb/v8-m.main+fp/hard\libg_nano.a(libc_a-exit.o) (__stdio_exit_handler)
C:/PROGRA~2/ARMGNU~1/13C7F1~1.2RE/bin/../lib/gcc/arm-none-eabi/13.2.1/thumb/v8-m.main+fp/hard\libg_nano.a(libc_a-fwalk.o)
                              C:/PROGRA~2/ARMGNU~1/13C7F1~1.2RE/bin/../lib/gcc/arm-none-eabi/13.2.1/thumb/v8-m.main+fp/hard\libg_nano.a(libc_a-findfp.o) (_fwalk_sglue)
C:/PROGRA~2/ARMGNU~1/13C7F1~1.2RE/bin/../lib/gcc/arm-none-eabi/13.2.1/thumb/v8-m.main+fp/hard\libg_nano.a(libc_a-snprintf.o)
                              CMakeFiles/freertos_learn.elf.dir/ra/aws/FreeRTOS/FreeRTOS/Source/tasks.c.obj (snprintf)
C:/PROGRA~2/ARMGNU~1/13C7F1~1.2RE/bin/../lib/gcc/arm-none-eabi/13.2.1/thumb/v8-m.main+fp/hard\libg_nano.a(libc_a-stdio.o)
                              C:/PROGRA~2/ARMGNU~1/13C7F1~1.2RE/bin/../lib/gcc/arm-none-eabi/13.2.1/thumb/v8-m.main+fp/hard\libg_nano.a(libc_a-findfp.o) (__sread)
C:/PROGRA~2/ARMGNU~1/13C7F1~1.2RE/bin/../lib/gcc/arm-none-eabi/13.2.1/thumb/v8-m.main+fp/hard\libg_nano.a(libc_a-memset.o)
                              C:/PROGRA~2/ARMGNU~1/13C7F1~1.2RE/bin/../lib/gcc/arm-none-eabi/13.2.1/thumb/v8-m.main+fp/hard/crt0.o (memset)
C:/PROGRA~2/ARMGNU~1/13C7F1~1.2RE/bin/../lib/gcc/arm-none-eabi/13.2.1/thumb/v8-m.main+fp/hard\libg_nano.a(libc_a-closer.o)
                              C:/PROGRA~2/ARMGNU~1/13C7F1~1.2RE/bin/../lib/gcc/arm-none-eabi/13.2.1/thumb/v8-m.main+fp/hard\libg_nano.a(libc_a-stdio.o) (_close_r)
C:/PROGRA~2/ARMGNU~1/13C7F1~1.2RE/bin/../lib/gcc/arm-none-eabi/13.2.1/thumb/v8-m.main+fp/hard\libg_nano.a(libc_a-reent.o)
                              C:/PROGRA~2/ARMGNU~1/13C7F1~1.2RE/bin/../lib/gcc/arm-none-eabi/13.2.1/thumb/v8-m.main+fp/hard\libg_nano.a(libc_a-closer.o) (errno)
C:/PROGRA~2/ARMGNU~1/13C7F1~1.2RE/bin/../lib/gcc/arm-none-eabi/13.2.1/thumb/v8-m.main+fp/hard\libg_nano.a(libc_a-impure.o)
                              C:/PROGRA~2/ARMGNU~1/13C7F1~1.2RE/bin/../lib/gcc/arm-none-eabi/13.2.1/thumb/v8-m.main+fp/hard\libg_nano.a(libc_a-snprintf.o) (_impure_ptr)
C:/PROGRA~2/ARMGNU~1/13C7F1~1.2RE/bin/../lib/gcc/arm-none-eabi/13.2.1/thumb/v8-m.main+fp/hard\libg_nano.a(libc_a-lseekr.o)
                              C:/PROGRA~2/ARMGNU~1/13C7F1~1.2RE/bin/../lib/gcc/arm-none-eabi/13.2.1/thumb/v8-m.main+fp/hard\libg_nano.a(libc_a-stdio.o) (_lseek_r)
C:/PROGRA~2/ARMGNU~1/13C7F1~1.2RE/bin/../lib/gcc/arm-none-eabi/13.2.1/thumb/v8-m.main+fp/hard\libg_nano.a(libc_a-readr.o)
                              C:/PROGRA~2/ARMGNU~1/13C7F1~1.2RE/bin/../lib/gcc/arm-none-eabi/13.2.1/thumb/v8-m.main+fp/hard\libg_nano.a(libc_a-stdio.o) (_read_r)
C:/PROGRA~2/ARMGNU~1/13C7F1~1.2RE/bin/../lib/gcc/arm-none-eabi/13.2.1/thumb/v8-m.main+fp/hard\libg_nano.a(libc_a-writer.o)
                              C:/PROGRA~2/ARMGNU~1/13C7F1~1.2RE/bin/../lib/gcc/arm-none-eabi/13.2.1/thumb/v8-m.main+fp/hard\libg_nano.a(libc_a-stdio.o) (_write_r)
C:/PROGRA~2/ARMGNU~1/13C7F1~1.2RE/bin/../lib/gcc/arm-none-eabi/13.2.1/thumb/v8-m.main+fp/hard\libg_nano.a(libc_a-errno.o)
                              CMakeFiles/freertos_learn.elf.dir/ra/fsp/src/bsp/mcu/all/bsp_sbrk.c.obj (__errno)
C:/PROGRA~2/ARMGNU~1/13C7F1~1.2RE/bin/../lib/gcc/arm-none-eabi/13.2.1/thumb/v8-m.main+fp/hard\libg_nano.a(libc_a-init.o)
                              C:/PROGRA~2/ARMGNU~1/13C7F1~1.2RE/bin/../lib/gcc/arm-none-eabi/13.2.1/thumb/v8-m.main+fp/hard/crt0.o (__libc_init_array)
C:/PROGRA~2/ARMGNU~1/13C7F1~1.2RE/bin/../lib/gcc/arm-none-eabi/13.2.1/thumb/v8-m.main+fp/hard\libg_nano.a(libc_a-lock.o)
                              C:/PROGRA~2/ARMGNU~1/13C7F1~1.2RE/bin/../lib/gcc/arm-none-eabi/13.2.1/thumb/v8-m.main+fp/hard\libg_nano.a(libc_a-findfp.o) (__retarget_lock_init_recursive)
C:/PROGRA~2/ARMGNU~1/13C7F1~1.2RE/bin/../lib/gcc/arm-none-eabi/13.2.1/thumb/v8-m.main+fp/hard\libg_nano.a(libc_a-strcpy.o)
                              CMakeFiles/freertos_learn.elf.dir/ra/aws/FreeRTOS/FreeRTOS/Source/tasks.c.obj (strcpy)
C:/PROGRA~2/ARMGNU~1/13C7F1~1.2RE/bin/../lib/gcc/arm-none-eabi/13.2.1/thumb/v8-m.main+fp/hard\libg_nano.a(libc_a-memcpy-stub.o)
                              CMakeFiles/freertos_learn.elf.dir/ra/aws/FreeRTOS/FreeRTOS/Source/queue.c.obj (memcpy)
C:/PROGRA~2/ARMGNU~1/13C7F1~1.2RE/bin/../lib/gcc/arm-none-eabi/13.2.1/thumb/v8-m.main+fp/hard\libg_nano.a(libc_a-strlen.o)
                              CMakeFiles/freertos_learn.elf.dir/ra/aws/FreeRTOS/FreeRTOS/Source/tasks.c.obj (strlen)
[...]
Memory Configuration

Name             Origin             Length             Attributes
RAM              0x20000000         0x00080000         xrw
FLASH            0x00000000         0x00100000         xr
DATA_FLASH       0x08000000         0x00002000         xr
QSPI_FLASH       0x60000000         0x04000000         xr
OSPI0_CS0        0x68000000         0x08000000         xrw
OSPI0_CS1        0x70000000         0x10000000         xr
OPTION_SETTING_OFS0 0x0100a100         0x00000004         r
OPTION_SETTING_DUALSEL 0x0100a110         0x00000004         r
OPTION_SETTING_OFS1 0x0100a180         0x00000004         r
OPTION_SETTING_BANKSEL 0x0100a190         0x00000004         r
OPTION_SETTING_BPS 0x0100a1c0         0x00000010         r
OPTION_SETTING_PBPS 0x0100a1e0         0x00000010         r
OPTION_SETTING_OFS1_SEC 0x0100a200         0x00000004         r
OPTION_SETTING_BANKSEL_SEC 0x0100a210         0x00000004         r
OPTION_SETTING_BPS_SEC 0x0100a240         0x00000010         r
OPTION_SETTING_PBPS_SEC 0x0100a260         0x00000010         r
OPTION_SETTING_OFS1_SEL 0x0100a280         0x00000004         r
OPTION_SETTING_BANKSEL_SEL 0x0100a290         0x00000004         r
OPTION_SETTING_BPS_SEL 0x0100a2c0         0x00000010         r
*default*        0x00000000         0xffffffff

Linker script and memory map

LOAD C:/PROGRA~2/ARMGNU~1/13C7F1~1.2RE/bin/../lib/gcc/arm-none-eabi/13.2.1/thumb/v8-m.main+fp/hard/crti.o
LOAD C:/PROGRA~2/ARMGNU~1/13C7F1~1.2RE/bin/../lib/gcc/arm-none-eabi/13.2.1/thumb/v8-m.main+fp/hard/crtbegin.o
LOAD C:/PROGRA~2/ARMGNU~1/13C7F1~1.2RE/bin/../lib/gcc/arm-none-eabi/13.2.1/thumb/v8-m.main+fp/hard/crt0.o
LOAD CMakeFiles/freertos_learn.elf.dir/ra/aws/FreeRTOS/FreeRTOS/Source/event_groups.c.obj
LOAD CMakeFiles/freertos_learn.elf.dir/ra/aws/FreeRTOS/FreeRTOS/Source/list.c.obj
LOAD CMakeFiles/freertos_learn.elf.dir/ra/aws/FreeRTOS/FreeRTOS/Source/portable/MemMang/heap_4.c.obj
LOAD CMakeFiles/freertos_learn.elf.dir/ra/aws/FreeRTOS/FreeRTOS/Source/queue.c.obj
LOAD CMakeFiles/freertos_learn.elf.dir/ra/aws/FreeRTOS/FreeRTOS/Source/stream_buffer.c.obj
LOAD CMakeFiles/freertos_learn.elf.dir/ra/aws/FreeRTOS/FreeRTOS/Source/tasks.c.obj
LOAD CMakeFiles/freertos_learn.elf.dir/ra/aws/FreeRTOS/FreeRTOS/Source/timers.c.obj
LOAD CMakeFiles/freertos_learn.elf.dir/ra/fsp/src/bsp/cmsis/Device/RENESAS/Source/startup.c.obj
LOAD CMakeFiles/freertos_learn.elf.dir/ra/fsp/src/bsp/cmsis/Device/RENESAS/Source/system.c.obj
LOAD CMakeFiles/freertos_learn.elf.dir/ra/fsp/src/bsp/mcu/all/bsp_clocks.c.obj
LOAD CMakeFiles/freertos_learn.elf.dir/ra/fsp/src/bsp/mcu/all/bsp_common.c.obj
LOAD CMakeFiles/freertos_learn.elf.dir/ra/fsp/src/bsp/mcu/all/bsp_delay.c.obj
LOAD CMakeFiles/freertos_learn.elf.dir/ra/fsp/src/bsp/mcu/all/bsp_group_irq.c.obj
LOAD CMakeFiles/freertos_learn.elf.dir/ra/fsp/src/bsp/mcu/all/bsp_guard.c.obj
LOAD CMakeFiles/freertos_learn.elf.dir/ra/fsp/src/bsp/mcu/all/bsp_io.c.obj
LOAD CMakeFiles/freertos_learn.elf.dir/ra/fsp/src/bsp/mcu/all/bsp_ipc.c.obj
LOAD CMakeFiles/freertos_learn.elf.dir/ra/fsp/src/bsp/mcu/all/bsp_irq.c.obj
LOAD CMakeFiles/freertos_learn.elf.dir/ra/fsp/src/bsp/mcu/all/bsp_macl.c.obj
LOAD CMakeFiles/freertos_learn.elf.dir/ra/fsp/src/bsp/mcu/all/bsp_ospi_b.c.obj
LOAD CMakeFiles/freertos_learn.elf.dir/ra/fsp/src/bsp/mcu/all/bsp_register_protection.c.obj
LOAD CMakeFiles/freertos_learn.elf.dir/ra/fsp/src/bsp/mcu/all/bsp_sbrk.c.obj
LOAD CMakeFiles/freertos_learn.elf.dir/ra/fsp/src/bsp/mcu/all/bsp_sdram.c.obj
LOAD CMakeFiles/freertos_learn.elf.dir/ra/fsp/src/bsp/mcu/all/bsp_security.c.obj
LOAD CMakeFiles/freertos_learn.elf.dir/ra/fsp/src/bsp/mcu/ra6m5/bsp_linker.c.obj
LOAD CMakeFiles/freertos_learn.elf.dir/ra/fsp/src/r_canfd/r_canfd.c.obj
LOAD CMakeFiles/freertos_learn.elf.dir/ra/fsp/src/r_ioport/r_ioport.c.obj
LOAD CMakeFiles/freertos_learn.elf.dir/ra/fsp/src/rm_freertos_port/port.c.obj
LOAD CMakeFiles/freertos_learn.elf.dir/ra_gen/Motor_thread.c.obj
LOAD CMakeFiles/freertos_learn.elf.dir/ra_gen/common_data.c.obj
LOAD CMakeFiles/freertos_learn.elf.dir/ra_gen/hal_data.c.obj
LOAD CMakeFiles/freertos_learn.elf.dir/ra_gen/main.c.obj
LOAD CMakeFiles/freertos_learn.elf.dir/ra_gen/pin_data.c.obj
LOAD CMakeFiles/freertos_learn.elf.dir/ra_gen/vector_data.c.obj
LOAD CMakeFiles/freertos_learn.elf.dir/src/Motor_thread_entry.c.obj
LOAD CMakeFiles/freertos_learn.elf.dir/src/drive/ZDT_drv.c.obj
LOAD CMakeFiles/freertos_learn.elf.dir/src/drive/led_drv.c.obj
LOAD CMakeFiles/freertos_learn.elf.dir/src/hal_warmstart.c.obj
START GROUP
LOAD C:/PROGRA~2/ARMGNU~1/13C7F1~1.2RE/bin/../lib/gcc/arm-none-eabi/13.2.1/thumb/v8-m.main+fp/hard\libgcc.a
LOAD C:/PROGRA~2/ARMGNU~1/13C7F1~1.2RE/bin/../lib/gcc/arm-none-eabi/13.2.1/thumb/v8-m.main+fp/hard\libg_nano.a
LOAD C:/PROGRA~2/ARMGNU~1/13C7F1~1.2RE/bin/../lib/gcc/arm-none-eabi/13.2.1/thumb/v8-m.main+fp/hard\libc_nano.a
END GROUP
START GROUP
LOAD C:/PROGRA~2/ARMGNU~1/13C7F1~1.2RE/bin/../lib/gcc/arm-none-eabi/13.2.1/thumb/v8-m.main+fp/hard\libgcc.a
LOAD C:/PROGRA~2/ARMGNU~1/13C7F1~1.2RE/bin/../lib/gcc/arm-none-eabi/13.2.1/thumb/v8-m.main+fp/hard\libc_nano.a
END GROUP
LOAD C:/PROGRA~2/ARMGNU~1/13C7F1~1.2RE/bin/../lib/gcc/arm-none-eabi/13.2.1/thumb/v8-m.main+fp/hard/crtend.o
LOAD C:/PROGRA~2/ARMGNU~1/13C7F1~1.2RE/bin/../lib/gcc/arm-none-eabi/13.2.1/thumb/v8-m.main+fp/hard/crtn.o
                0x20000000                        RAM_START = 0x20000000
                0x00080000                        RAM_LENGTH = 0x80000
                0x00000000                        FLASH_START = 0x0
                0x00100000                        FLASH_LENGTH = 0x100000
                0x08000000                        DATA_FLASH_START = 0x8000000
                0x00002000                        DATA_FLASH_LENGTH = 0x2000
                0x60000000                        QSPI_FLASH_START = 0x60000000
                0x04000000                        QSPI_FLASH_LENGTH = 0x4000000
                0x68000000                        OSPI0_CS0_START = 0x68000000
                0x08000000                        OSPI0_CS0_LENGTH = 0x8000000
                0x70000000                        OSPI0_CS1_START = 0x70000000
                0x10000000                        OSPI0_CS1_LENGTH = 0x10000000
                0x0100a100                        OPTION_SETTING_OFS0_START = 0x100a100
                0x00000004                        OPTION_SETTING_OFS0_LENGTH = 0x4
                0x0100a110                        OPTION_SETTING_DUALSEL_START = 0x100a110
                0x00000004                        OPTION_SETTING_DUALSEL_LENGTH = 0x4
                0x0100a180                        OPTION_SETTING_OFS1_START = 0x100a180
                0x00000004                        OPTION_SETTING_OFS1_LENGTH = 0x4
                0x0100a190                        OPTION_SETTING_BANKSEL_START = 0x100a190
                0x00000004                        OPTION_SETTING_BANKSEL_LENGTH = 0x4
                0x0100a1c0                        OPTION_SETTING_BPS_START = 0x100a1c0
                0x00000010                        OPTION_SETTING_BPS_LENGTH = 0x10
                0x0100a1e0                        OPTION_SETTING_PBPS_START = 0x100a1e0
                0x00000010                        OPTION_SETTING_PBPS_LENGTH = 0x10
                0x0100a200                        OPTION_SETTING_OFS1_SEC_START = 0x100a200
                0x00000004                        OPTION_SETTING_OFS1_SEC_LENGTH = 0x4
                0x0100a210                        OPTION_SETTING_BANKSEL_SEC_START = 0x100a210
                0x00000004                        OPTION_SETTING_BANKSEL_SEC_LENGTH = 0x4
                0x0100a240                        OPTION_SETTING_BPS_SEC_START = 0x100a240
                0x00000010                        OPTION_SETTING_BPS_SEC_LENGTH = 0x10
                0x0100a260                        OPTION_SETTING_PBPS_SEC_START = 0x100a260
                0x00000010                        OPTION_SETTING_PBPS_SEC_LENGTH = 0x10
                0x0100a280                        OPTION_SETTING_OFS1_SEL_START = 0x100a280
                0x00000004                        OPTION_SETTING_OFS1_SEL_LENGTH = 0x4
                0x0100a290                        OPTION_SETTING_BANKSEL_SEL_START = 0x100a290
                0x00000004                        OPTION_SETTING_BANKSEL_SEL_LENGTH = 0x4
                0x0100a2c0                        OPTION_SETTING_BPS_SEL_START = 0x100a2c0
                0x00000010                        OPTION_SETTING_BPS_SEL_LENGTH = 0x10
START GROUP
LOAD C:/PROGRA~2/ARMGNU~1/13C7F1~1.2RE/bin/../lib/gcc/arm-none-eabi/13.2.1/thumb/v8-m.main+fp/hard\libgcc.a
LOAD C:/PROGRA~2/ARMGNU~1/13C7F1~1.2RE/bin/../lib/gcc/arm-none-eabi/13.2.1/thumb/v8-m.main+fp/hard\libc.a
LOAD C:/PROGRA~2/ARMGNU~1/13C7F1~1.2RE/bin/../lib/gcc/arm-none-eabi/13.2.1/thumb/v8-m.main+fp/hard\libm.a
END GROUP

.qspi_flash.startof
                0x60000000        0x0
                0x60000000                        __ddsc_QSPI_FLASH_START = .

.ospi0_cs0.startof
                0x68000000        0x0
                0x68000000                        __ddsc_OSPI0_CS0_START = .

__ospi0_cs0_from_qspi_flash$$
                0x68000000        0x0 load address 0x60000000
                0x68000000                        __ospi0_cs0_from_qspi_flash$$Base = .
                0x60000000                        __ospi0_cs0_from_qspi_flash$$Load = LOADADDR (__ospi0_cs0_from_qspi_flash$$)
 *(.ospi0_cs0_from_qspi_flash)
 *(.ospi0_cs0_code_from_qspi_flash)
                0x68000000                        __ospi0_cs0_from_qspi_flash$$Limit = .

.ram.startof    0x20000000        0x0
                0x20000000                        __ddsc_RAM_START = .

__ram_dtc_vector$$
                0x20000000        0x0
                0x20000000                        __ram_dtc_vector$$Base = .
 *(.fsp_dtc_vector_table)
                0x20000000                        __ram_dtc_vector$$Limit = .

__ram_from_qspi_flash$$
                0x20000000        0x0 load address 0x60000000
                0x20000000                        __ram_from_qspi_flash$$Base = .
                0x60000000                        __ram_from_qspi_flash$$Load = LOADADDR (__ram_from_qspi_flash$$)
 *(.ram_from_qspi_flash)
 *(.ram_code_from_qspi_flash)
                0x20000000                        __ram_from_qspi_flash$$Limit = .

__qspi_flash_readonly$$
                0x60000000        0x0
                0x60000000                        __qspi_flash_readonly$$Base = .
 *(.qspi_flash)
 *(.qspi_flash_code)
                0x60000000                        __qspi_flash_readonly$$Limit = .

__qspi_flash_noinit$$
                0x60000000        0x0
                0x60000000                        __qspi_flash_noinit$$Base = .
 *(.qspi_flash_noinit)
                0x60000000                        __qspi_flash_noinit$$Limit = .

.qspi_flash.endof
                0x60000000        0x0
                0x60000000                        __ddsc_QSPI_FLASH_END = .

.ospi0_cs1.startof
                0x70000000        0x0
                0x70000000                        __ddsc_OSPI0_CS1_START = .

__ospi0_cs0_from_ospi0_cs1$$
                0x68000000        0x0 load address 0x70000000
                0x68000000                        __ospi0_cs0_from_ospi0_cs1$$Base = .
                0x70000000                        __ospi0_cs0_from_ospi0_cs1$$Load = LOADADDR (__ospi0_cs0_from_ospi0_cs1$$)
 *(.ospi0_cs0_from_ospi0_cs1)
 *(.ospi0_cs0_code_from_ospi0_cs1)
                0x68000000                        __ospi0_cs0_from_ospi0_cs1$$Limit = .

__ram_from_ospi0_cs1$$
                0x20000000        0x0 load address 0x70000000
                0x20000000                        __ram_from_ospi0_cs1$$Base = .
                0x70000000                        __ram_from_ospi0_cs1$$Load = LOADADDR (__ram_from_ospi0_cs1$$)
 *(.ram_from_ospi0_cs1)
 *(.ram_code_from_ospi0_cs1)
                0x20000000                        __ram_from_ospi0_cs1$$Limit = .

__ospi0_cs1_readonly$$
                0x70000000        0x0
                0x70000000                        __ospi0_cs1_readonly$$Base = .
 *(.ospi0_cs1)
 *(.ospi0_cs1_code)
                0x70000000                        __ospi0_cs1_readonly$$Limit = .

__ospi0_cs1_noinit$$
                0x70000000        0x0
                0x70000000                        __ospi0_cs1_noinit$$Base = .
 *(.ospi0_cs1_noinit)
                0x70000000                        __ospi0_cs1_noinit$$Limit = .

.ospi0_cs1.endof
                0x70000000        0x0
                0x70000000                        __ddsc_OSPI0_CS1_END = .

.data_flash.startof
                0x08000000        0x0
                0x08000000                        __ddsc_DATA_FLASH_START = .

__ospi0_cs0_from_data_flash$$
                0x68000000        0x0 load address 0x08000000
                0x68000000                        __ospi0_cs0_from_data_flash$$Base = .
                0x08000000                        __ospi0_cs0_from_data_flash$$Load = LOADADDR (__ospi0_cs0_from_data_flash$$)
 *(.ospi0_cs0_from_data_flash)
 *(.ospi0_cs0_code_from_data_flash)
                0x68000000                        __ospi0_cs0_from_data_flash$$Limit = .

__ram_from_data_flash$$
                0x20000000        0x0 load address 0x08000000
                0x20000000                        __ram_from_data_flash$$Base = .
                0x08000000                        __ram_from_data_flash$$Load = LOADADDR (__ram_from_data_flash$$)
 *(.ram_from_data_flash)
 *(.ram_code_from_data_flash)
                0x20000000                        __ram_from_data_flash$$Limit = .

__data_flash_readonly$$
                0x08000000        0x0
                0x08000000                        __data_flash_readonly$$Base = .
 *(.data_flash)
 *(.data_flash_code)
                0x08000000                        __data_flash_readonly$$Limit = .

__data_flash_noinit$$
                0x08000000        0x0
                0x08000000                        __data_flash_noinit$$Base = .
 *(.data_flash_noinit)
                0x08000000                        __data_flash_noinit$$Limit = .

.data_flash.endof
                0x08000000        0x0
                0x08000000                        __ddsc_DATA_FLASH_END = .

.flash.startof  0x00000000        0x0
                0x00000000                        __ddsc_FLASH_START = .

__flash_vectors$$
                0x00000000       0x54
                0x00000000                        __flash_vectors$$Base = .
                0x00000000                        _VECTORS = .
 *(.fixed_vectors)
 .fixed_vectors
                0x00000000       0x40 CMakeFiles/freertos_learn.elf.dir/ra/fsp/src/bsp/cmsis/Device/RENESAS/Source/startup.c.obj
                0x00000000                __Vectors
 *(.application_vectors)
 .application_vectors
                0x00000040       0x14 CMakeFiles/freertos_learn.elf.dir/ra_gen/vector_data.c.obj
                0x00000040                g_vector_table
                0x00000054                        __flash_vectors$$Limit = .

__flash_noinit$$
                0x00000054        0x0
                0x00000054                        __flash_noinit$$Base = .
 *(.flash_noinit)
                0x00000054                        __flash_noinit$$Limit = .

__ospi0_cs0_from_flash$$
                0x68000000        0x0 load address 0x00000054
                0x68000000                        __ospi0_cs0_from_flash$$Base = .
                0x00000054                        __ospi0_cs0_from_flash$$Load = LOADADDR (__ospi0_cs0_from_flash$$)
 *(.ospi0_cs0_from_flash)
 *(.ospi0_cs0_code_from_flash)
                0x68000000                        __ospi0_cs0_from_flash$$Limit = .

__ospi0_cs0_noinit_nocache$$
                0x68000000        0x0 load address 0x00000060
                0x68000000                        __ospi0_cs0_noinit_nocache$$Base = .
 *(.ospi0_cs0_noinit_nocache)
                0x68000000                        __ospi0_cs0_noinit_nocache$$Limit = .

__ospi0_cs0_zero_nocache$$
                0x68000000        0x0 load address 0x00000054
                0x68000000                        __ospi0_cs0_zero_nocache$$Base = .
 *(.ospi0_cs0_nocache)
                0x68000000                        . = ALIGN (0x20)
                0x68000000                        __ospi0_cs0_zero_nocache$$Limit = .

__ospi0_cs0_noinit$$
                0x68000000        0x0 load address 0x00000054
                0x68000000                        __ospi0_cs0_noinit$$Base = .
 *(.ospi0_cs0_noinit)
                0x68000000                        __ospi0_cs0_noinit$$Limit = .

__ospi0_cs0_zero$$
                0x68000000        0x0 load address 0x00000054
                0x68000000                        __ospi0_cs0_zero$$Base = .
 *(.ospi0_cs0)
                0x68000000                        __ospi0_cs0_zero$$Limit = .

.ospi0_cs0.endof
                0x68000000        0x0
                0x68000000                        __ddsc_OSPI0_CS0_END = .

__ram_from_flash$$
                0x20000000        0x0 load address 0x00000054
                0x20000000                        __ram_from_flash$$Base = .
                0x00000054                        __ram_from_flash$$Load = LOADADDR (__ram_from_flash$$)
 *(.ram_from_flash)
 *(.ram_code_from_flash)
 *(.data*)
 *(vtable)
                0x20000000                        __ram_from_flash$$Limit = .

__ram_noinit_nocache$$
                0x20000000        0x0 load address 0x00000060
                0x20000000                        __ram_noinit_nocache$$Base = .
 *(.ram_noinit_nocache)
                0x20000000                        __ram_noinit_nocache$$Limit = .

__ram_zero_nocache$$
                0x20000000        0x0 load address 0x00000054
                0x20000000                        __ram_zero_nocache$$Base = .
 *(.ram_nocache)
                0x20000000                        . = ALIGN (0x20)
                0x20000000                        __ram_zero_nocache$$Limit = .

__ram_noinit$$  0x20000000      0x41c load address 0x00000054
                0x20000000                        __ram_noinit$$Base = .
 *(.bss.g_heap)
 *(.bss.g_main_stack)
 .bss.g_main_stack
                0x20000000      0x400 CMakeFiles/freertos_learn.elf.dir/ra/fsp/src/bsp/cmsis/Device/RENESAS/Source/startup.c.obj
                0x20000000                g_main_stack
 *(.ram_noinit)
 .ram_noinit    0x20000400       0x1c CMakeFiles/freertos_learn.elf.dir/ra/fsp/src/bsp/mcu/all/bsp_clocks.c.obj
 *(.noinit)
                0x2000041c                        __ram_noinit$$Limit = .

__ram_zero$$    0x20000420    0x19840 load address 0x00000054
                0x20000420                        __ram_zero$$Base = .
 *(.ram)
 *(.bss*)
 .bss.completed.1
                0x20000420        0x1 C:/PROGRA~2/ARMGNU~1/13C7F1~1.2RE/bin/../lib/gcc/arm-none-eabi/13.2.1/thumb/v8-m.main+fp/hard/crtbegin.o
 *fill*         0x20000421        0x3 
 .bss.object.0  0x20000424       0x18 C:/PROGRA~2/ARMGNU~1/13C7F1~1.2RE/bin/../lib/gcc/arm-none-eabi/13.2.1/thumb/v8-m.main+fp/hard/crtbegin.o
 .bss.xNumberOfSuccessfulFrees
                0x2000043c        0x4 CMakeFiles/freertos_learn.elf.dir/ra/aws/FreeRTOS/FreeRTOS/Source/portable/MemMang/heap_4.c.obj
 .bss.xNumberOfSuccessfulAllocations
                0x20000440        0x4 CMakeFiles/freertos_learn.elf.dir/ra/aws/FreeRTOS/FreeRTOS/Source/portable/MemMang/heap_4.c.obj
 .bss.xMinimumEverFreeBytesRemaining
                0x20000444        0x4 CMakeFiles/freertos_learn.elf.dir/ra/aws/FreeRTOS/FreeRTOS/Source/portable/MemMang/heap_4.c.obj
 .bss.xFreeBytesRemaining
                0x20000448        0x4 CMakeFiles/freertos_learn.elf.dir/ra/aws/FreeRTOS/FreeRTOS/Source/portable/MemMang/heap_4.c.obj
 .bss.pxEnd     0x2000044c        0x4 CMakeFiles/freertos_learn.elf.dir/ra/aws/FreeRTOS/FreeRTOS/Source/portable/MemMang/heap_4.c.obj
 .bss.xStart    0x20000450        0x8 CMakeFiles/freertos_learn.elf.dir/ra/aws/FreeRTOS/FreeRTOS/Source/portable/MemMang/heap_4.c.obj
 .bss.ucHeap    0x20000458    0x19000 CMakeFiles/freertos_learn.elf.dir/ra/aws/FreeRTOS/FreeRTOS/Source/portable/MemMang/heap_4.c.obj
 .bss.xQueueRegistry
                0x20019458       0x50 CMakeFiles/freertos_learn.elf.dir/ra/aws/FreeRTOS/FreeRTOS/Source/queue.c.obj
                0x20019458                xQueueRegistry
 .bss.uxSchedulerSuspended
                0x200194a8        0x4 CMakeFiles/freertos_learn.elf.dir/ra/aws/FreeRTOS/FreeRTOS/Source/tasks.c.obj
 .bss.xIdleTaskHandles
                0x200194ac        0x4 CMakeFiles/freertos_learn.elf.dir/ra/aws/FreeRTOS/FreeRTOS/Source/tasks.c.obj
 .bss.xNextTaskUnblockTime
                0x200194b0        0x4 CMakeFiles/freertos_learn.elf.dir/ra/aws/FreeRTOS/FreeRTOS/Source/tasks.c.obj
 .bss.uxTaskNumber
                0x200194b4        0x4 CMakeFiles/freertos_learn.elf.dir/ra/aws/FreeRTOS/FreeRTOS/Source/tasks.c.obj
 .bss.xNumOfOverflows
                0x200194b8        0x4 CMakeFiles/freertos_learn.elf.dir/ra/aws/FreeRTOS/FreeRTOS/Source/tasks.c.obj
 .bss.xYieldPendings
                0x200194bc        0x4 CMakeFiles/freertos_learn.elf.dir/ra/aws/FreeRTOS/FreeRTOS/Source/tasks.c.obj
 .bss.xPendedTicks
                0x200194c0        0x4 CMakeFiles/freertos_learn.elf.dir/ra/aws/FreeRTOS/FreeRTOS/Source/tasks.c.obj
 .bss.xSchedulerRunning
                0x200194c4        0x4 CMakeFiles/freertos_learn.elf.dir/ra/aws/FreeRTOS/FreeRTOS/Source/tasks.c.obj
 .bss.uxTopReadyPriority
                0x200194c8        0x4 CMakeFiles/freertos_learn.elf.dir/ra/aws/FreeRTOS/FreeRTOS/Source/tasks.c.obj
 .bss.xTickCount
                0x200194cc        0x4 CMakeFiles/freertos_learn.elf.dir/ra/aws/FreeRTOS/FreeRTOS/Source/tasks.c.obj
 .bss.uxCurrentNumberOfTasks
                0x200194d0        0x4 CMakeFiles/freertos_learn.elf.dir/ra/aws/FreeRTOS/FreeRTOS/Source/tasks.c.obj
 .bss.xSuspendedTaskList
                0x200194d4       0x14 CMakeFiles/freertos_learn.elf.dir/ra/aws/FreeRTOS/FreeRTOS/Source/tasks.c.obj
 .bss.uxDeletedTasksWaitingCleanUp
                0x200194e8        0x4 CMakeFiles/freertos_learn.elf.dir/ra/aws/FreeRTOS/FreeRTOS/Source/tasks.c.obj
 .bss.xTasksWaitingTermination
                0x200194ec       0x14 CMakeFiles/freertos_learn.elf.dir/ra/aws/FreeRTOS/FreeRTOS/Source/tasks.c.obj
 .bss.xPendingReadyList
                0x20019500       0x14 CMakeFiles/freertos_learn.elf.dir/ra/aws/FreeRTOS/FreeRTOS/Source/tasks.c.obj
 .bss.pxOverflowDelayedTaskList
                0x20019514        0x4 CMakeFiles/freertos_learn.elf.dir/ra/aws/FreeRTOS/FreeRTOS/Source/tasks.c.obj
 .bss.pxDelayedTaskList
                0x20019518        0x4 CMakeFiles/freertos_learn.elf.dir/ra/aws/FreeRTOS/FreeRTOS/Source/tasks.c.obj
 .bss.xDelayedTaskList2
                0x2001951c       0x14 CMakeFiles/freertos_learn.elf.dir/ra/aws/FreeRTOS/FreeRTOS/Source/tasks.c.obj
 .bss.xDelayedTaskList1
                0x20019530       0x14 CMakeFiles/freertos_learn.elf.dir/ra/aws/FreeRTOS/FreeRTOS/Source/tasks.c.obj
 .bss.pxReadyTasksLists
                0x20019544       0x64 CMakeFiles/freertos_learn.elf.dir/ra/aws/FreeRTOS/FreeRTOS/Source/tasks.c.obj
 .bss.pxCurrentTCB
                0x200195a8        0x4 CMakeFiles/freertos_learn.elf.dir/ra/aws/FreeRTOS/FreeRTOS/Source/tasks.c.obj
                0x200195a8                pxCurrentTCB
 .bss.xStaticTimerQueue.14
                0x200195ac       0x50 CMakeFiles/freertos_learn.elf.dir/ra/aws/FreeRTOS/FreeRTOS/Source/timers.c.obj
 .bss.ucStaticTimerQueueStorage.15
                0x200195fc       0x78 CMakeFiles/freertos_learn.elf.dir/ra/aws/FreeRTOS/FreeRTOS/Source/timers.c.obj
 .bss.xLastTime.17
                0x20019674        0x4 CMakeFiles/freertos_learn.elf.dir/ra/aws/FreeRTOS/FreeRTOS/Source/timers.c.obj
 .bss.xTimerTaskHandle
                0x20019678        0x4 CMakeFiles/freertos_learn.elf.dir/ra/aws/FreeRTOS/FreeRTOS/Source/timers.c.obj
 .bss.xTimerQueue
                0x2001967c        0x4 CMakeFiles/freertos_learn.elf.dir/ra/aws/FreeRTOS/FreeRTOS/Source/timers.c.obj
 .bss.pxOverflowTimerList
                0x20019680        0x4 CMakeFiles/freertos_learn.elf.dir/ra/aws/FreeRTOS/FreeRTOS/Source/timers.c.obj
 .bss.pxCurrentTimerList
                0x20019684        0x4 CMakeFiles/freertos_learn.elf.dir/ra/aws/FreeRTOS/FreeRTOS/Source/timers.c.obj
 .bss.xActiveTimerList2
                0x20019688       0x14 CMakeFiles/freertos_learn.elf.dir/ra/aws/FreeRTOS/FreeRTOS/Source/timers.c.obj
 .bss.xActiveTimerList1
                0x2001969c       0x14 CMakeFiles/freertos_learn.elf.dir/ra/aws/FreeRTOS/FreeRTOS/Source/timers.c.obj
 .bss.SystemCoreClock
                0x200196b0        0x4 CMakeFiles/freertos_learn.elf.dir/ra/fsp/src/bsp/cmsis/Device/RENESAS/Source/system.c.obj
                0x200196b0                SystemCoreClock
 .bss.g_bsp_group_irq_sources
                0x200196b4       0x40 CMakeFiles/freertos_learn.elf.dir/ra/fsp/src/bsp/mcu/all/bsp_group_irq.c.obj
                0x200196b4                g_bsp_group_irq_sources
 .bss.g_protect_pfswe_counter
                0x200196f4        0x4 CMakeFiles/freertos_learn.elf.dir/ra/fsp/src/bsp/mcu/all/bsp_io.c.obj
                0x200196f4                g_protect_pfswe_counter
 .bss.gp_renesas_isr_context
                0x200196f8       0x14 CMakeFiles/freertos_learn.elf.dir/ra/fsp/src/bsp/mcu/all/bsp_irq.c.obj
                0x200196f8                gp_renesas_isr_context
 .bss.g_protect_counters
                0x2001970c        0xa CMakeFiles/freertos_learn.elf.dir/ra/fsp/src/bsp/mcu/all/bsp_register_protection.c.obj
                0x2001970c                g_protect_counters
 *fill*         0x20019716        0x2 
 .bss.gp_ctrl   0x20019718        0x8 CMakeFiles/freertos_learn.elf.dir/ra/fsp/src/r_canfd/r_canfd.c.obj
 .bss.g_mask_level_before_disable
                0x20019720        0x4 CMakeFiles/freertos_learn.elf.dir/ra/fsp/src/rm_freertos_port/port.c.obj
 .bss.uxCriticalNesting
                0x20019724        0x4 CMakeFiles/freertos_learn.elf.dir/ra/fsp/src/rm_freertos_port/port.c.obj
 .bss.Motor_thread
                0x20019728        0x4 CMakeFiles/freertos_learn.elf.dir/ra_gen/Motor_thread.c.obj
                0x20019728                Motor_thread
 .bss.g_ioport_ctrl
                0x2001972c        0x8 CMakeFiles/freertos_learn.elf.dir/ra_gen/common_data.c.obj
                0x2001972c                g_ioport_ctrl
 .bss.uxTimerTaskStack.3
                0x20019734      0x200 CMakeFiles/freertos_learn.elf.dir/ra_gen/main.c.obj
 .bss.xTimerTaskTCB.2
                0x20019934       0x68 CMakeFiles/freertos_learn.elf.dir/ra_gen/main.c.obj
 .bss.uxIdleTaskStack.1
                0x2001999c      0x200 CMakeFiles/freertos_learn.elf.dir/ra_gen/main.c.obj
 .bss.xIdleTaskTCB.0
                0x20019b9c       0x68 CMakeFiles/freertos_learn.elf.dir/ra_gen/main.c.obj
 .bss.g_fsp_common_initialized_semaphore_memory
                0x20019c04       0x50 CMakeFiles/freertos_learn.elf.dir/ra_gen/main.c.obj
                0x20019c04                g_fsp_common_initialized_semaphore_memory
 .bss.g_fsp_common_initialized_semaphore
                0x20019c54        0x4 CMakeFiles/freertos_learn.elf.dir/ra_gen/main.c.obj
                0x20019c54                g_fsp_common_initialized_semaphore
 .bss.g_fsp_common_initialized
                0x20019c58        0x1 CMakeFiles/freertos_learn.elf.dir/ra_gen/main.c.obj
                0x20019c58                g_fsp_common_initialized
 *fill*         0x20019c59        0x3 
 .bss.g_fsp_common_thread_count
                0x20019c5c        0x4 CMakeFiles/freertos_learn.elf.dir/ra_gen/main.c.obj
                0x20019c5c                g_fsp_common_thread_count
                0x20019c60                        __ram_zero$$Limit = .

__ram_thread_stack$$
                0x20019c60        0x0 load address 0x00000058
                0x20019c60                        __ram_thread_stack$$Base = .
 *(.stack?*)
                0x20019c60                        __ram_thread_stack$$Limit = .

.ram.endof      0x20019e00        0x0
                0x20019e00                        __ddsc_RAM_END = .

__flash_readonly$$
                0x00000054     0x3854
                0x00000054                        __flash_readonly$$Base = .
 *(.flash)
 *(.flash_code)
 *(.text*)
 .text.deregister_tm_clones
                0x00000054       0x1c C:/PROGRA~2/ARMGNU~1/13C7F1~1.2RE/bin/../lib/gcc/arm-none-eabi/13.2.1/thumb/v8-m.main+fp/hard/crtbegin.o
 .text.register_tm_clones
                0x00000070       0x28 C:/PROGRA~2/ARMGNU~1/13C7F1~1.2RE/bin/../lib/gcc/arm-none-eabi/13.2.1/thumb/v8-m.main+fp/hard/crtbegin.o
 .text.__do_global_dtors_aux
                0x00000098       0x28 C:/PROGRA~2/ARMGNU~1/13C7F1~1.2RE/bin/../lib/gcc/arm-none-eabi/13.2.1/thumb/v8-m.main+fp/hard/crtbegin.o
 .text.frame_dummy
                0x000000c0       0x24 C:/PROGRA~2/ARMGNU~1/13C7F1~1.2RE/bin/../lib/gcc/arm-none-eabi/13.2.1/thumb/v8-m.main+fp/hard/crtbegin.o
 .text.vListInitialise
                0x000000e4       0x18 CMakeFiles/freertos_learn.elf.dir/ra/aws/FreeRTOS/FreeRTOS/Source/list.c.obj
                0x000000e4                vListInitialise
 .text.vListInitialiseItem
                0x000000fc        0x8 CMakeFiles/freertos_learn.elf.dir/ra/aws/FreeRTOS/FreeRTOS/Source/list.c.obj
                0x000000fc                vListInitialiseItem
 .text.vListInsert
                0x00000104       0x30 CMakeFiles/freertos_learn.elf.dir/ra/aws/FreeRTOS/FreeRTOS/Source/list.c.obj
                0x00000104                vListInsert
 .text.uxListRemove
                0x00000134       0x28 CMakeFiles/freertos_learn.elf.dir/ra/aws/FreeRTOS/FreeRTOS/Source/list.c.obj
                0x00000134                uxListRemove
 .text.pvPortMalloc
                0x0000015c      0x1b8 CMakeFiles/freertos_learn.elf.dir/ra/aws/FreeRTOS/FreeRTOS/Source/portable/MemMang/heap_4.c.obj
                0x0000015c                pvPortMalloc
 .text.vPortFree
                0x00000314      0x124 CMakeFiles/freertos_learn.elf.dir/ra/aws/FreeRTOS/FreeRTOS/Source/portable/MemMang/heap_4.c.obj
                0x00000314                vPortFree
 .text.prvCopyDataToQueue
                0x00000438       0x60 CMakeFiles/freertos_learn.elf.dir/ra/aws/FreeRTOS/FreeRTOS/Source/queue.c.obj
 .text.prvUnlockQueue
                0x00000498       0x8c CMakeFiles/freertos_learn.elf.dir/ra/aws/FreeRTOS/FreeRTOS/Source/queue.c.obj
 .text.xQueueGenericReset
                0x00000524       0xbc CMakeFiles/freertos_learn.elf.dir/ra/aws/FreeRTOS/FreeRTOS/Source/queue.c.obj
                0x00000524                xQueueGenericReset
 .text.xQueueGenericCreateStatic
                0x000005e0       0x8c CMakeFiles/freertos_learn.elf.dir/ra/aws/FreeRTOS/FreeRTOS/Source/queue.c.obj
                0x000005e0                xQueueGenericCreateStatic
 .text.xQueueCreateCountingSemaphoreStatic
                0x0000066c       0x80 CMakeFiles/freertos_learn.elf.dir/ra/aws/FreeRTOS/FreeRTOS/Source/queue.c.obj
                0x0000066c                xQueueCreateCountingSemaphoreStatic
 .text.xQueueGenericSend
                0x000006ec      0x198 CMakeFiles/freertos_learn.elf.dir/ra/aws/FreeRTOS/FreeRTOS/Source/queue.c.obj
                0x000006ec                xQueueGenericSend
 .text.xQueueReceive
                0x00000884      0x178 CMakeFiles/freertos_learn.elf.dir/ra/aws/FreeRTOS/FreeRTOS/Source/queue.c.obj
                0x00000884                xQueueReceive
 .text.xQueueSemaphoreTake
                0x000009fc      0x154 CMakeFiles/freertos_learn.elf.dir/ra/aws/FreeRTOS/FreeRTOS/Source/queue.c.obj
                0x000009fc                xQueueSemaphoreTake
 .text.vQueueAddToRegistry
                0x00000b50       0x64 CMakeFiles/freertos_learn.elf.dir/ra/aws/FreeRTOS/FreeRTOS/Source/queue.c.obj
                0x00000b50                vQueueAddToRegistry
 .text.vQueueWaitForMessageRestricted
                0x00000bb4       0x50 CMakeFiles/freertos_learn.elf.dir/ra/aws/FreeRTOS/FreeRTOS/Source/queue.c.obj
                0x00000bb4                vQueueWaitForMessageRestricted
 .text.prvAddNewTaskToReadyList
                0x00000c04      0x128 CMakeFiles/freertos_learn.elf.dir/ra/aws/FreeRTOS/FreeRTOS/Source/tasks.c.obj
 .text.prvAddCurrentTaskToDelayedList
                0x00000d2c       0xb8 CMakeFiles/freertos_learn.elf.dir/ra/aws/FreeRTOS/FreeRTOS/Source/tasks.c.obj
 .text.prvInitialiseNewTask.constprop.0
                0x00000de4       0xa4 CMakeFiles/freertos_learn.elf.dir/ra/aws/FreeRTOS/FreeRTOS/Source/tasks.c.obj
 .text.prvCheckTasksWaitingTermination
                0x00000e88       0x84 CMakeFiles/freertos_learn.elf.dir/ra/aws/FreeRTOS/FreeRTOS/Source/tasks.c.obj
 .text.prvIdleTask
                0x00000f0c       0x34 CMakeFiles/freertos_learn.elf.dir/ra/aws/FreeRTOS/FreeRTOS/Source/tasks.c.obj
 .text.xTaskIncrementTick.part.0
                0x00000f40      0x194 CMakeFiles/freertos_learn.elf.dir/ra/aws/FreeRTOS/FreeRTOS/Source/tasks.c.obj
 .text.xTaskCreateStatic
                0x000010d4       0xa0 CMakeFiles/freertos_learn.elf.dir/ra/aws/FreeRTOS/FreeRTOS/Source/tasks.c.obj
                0x000010d4                xTaskCreateStatic
 .text.xTaskCreate
                0x00001174       0x60 CMakeFiles/freertos_learn.elf.dir/ra/aws/FreeRTOS/FreeRTOS/Source/tasks.c.obj
                0x00001174                xTaskCreate
 .text.vTaskStartScheduler
                0x000011d4       0x9c CMakeFiles/freertos_learn.elf.dir/ra/aws/FreeRTOS/FreeRTOS/Source/tasks.c.obj
                0x000011d4                vTaskStartScheduler
 .text.vTaskSuspendAll
                0x00001270       0x10 CMakeFiles/freertos_learn.elf.dir/ra/aws/FreeRTOS/FreeRTOS/Source/tasks.c.obj
                0x00001270                vTaskSuspendAll
 .text.xTaskResumeAll
                0x00001280      0x1ac CMakeFiles/freertos_learn.elf.dir/ra/aws/FreeRTOS/FreeRTOS/Source/tasks.c.obj
                0x00001280                xTaskResumeAll
 .text.vTaskDelay
                0x0000142c       0x54 CMakeFiles/freertos_learn.elf.dir/ra/aws/FreeRTOS/FreeRTOS/Source/tasks.c.obj
                0x0000142c                vTaskDelay
 .text.xTaskGetTickCount
                0x00001480        0xc CMakeFiles/freertos_learn.elf.dir/ra/aws/FreeRTOS/FreeRTOS/Source/tasks.c.obj
                0x00001480                xTaskGetTickCount
 .text.xTaskIncrementTick
                0x0000148c       0x20 CMakeFiles/freertos_learn.elf.dir/ra/aws/FreeRTOS/FreeRTOS/Source/tasks.c.obj
                0x0000148c                xTaskIncrementTick
 .text.vTaskSwitchContext
                0x000014ac       0x8c CMakeFiles/freertos_learn.elf.dir/ra/aws/FreeRTOS/FreeRTOS/Source/tasks.c.obj
                0x000014ac                vTaskSwitchContext
 .text.vTaskPlaceOnEventList
                0x00001538       0x3c CMakeFiles/freertos_learn.elf.dir/ra/aws/FreeRTOS/FreeRTOS/Source/tasks.c.obj
                0x00001538                vTaskPlaceOnEventList
 .text.vTaskPlaceOnEventListRestricted
                0x00001574       0x6c CMakeFiles/freertos_learn.elf.dir/ra/aws/FreeRTOS/FreeRTOS/Source/tasks.c.obj
                0x00001574                vTaskPlaceOnEventListRestricted
 .text.xTaskRemoveFromEventList
                0x000015e0       0xe8 CMakeFiles/freertos_learn.elf.dir/ra/aws/FreeRTOS/FreeRTOS/Source/tasks.c.obj
                0x000015e0                xTaskRemoveFromEventList
 .text.vTaskInternalSetTimeOutState
                0x000016c8       0x18 CMakeFiles/freertos_learn.elf.dir/ra/aws/FreeRTOS/FreeRTOS/Source/tasks.c.obj
                0x000016c8                vTaskInternalSetTimeOutState
 .text.xTaskCheckForTimeOut
                0x000016e0       0x90 CMakeFiles/freertos_learn.elf.dir/ra/aws/FreeRTOS/FreeRTOS/Source/tasks.c.obj
                0x000016e0                xTaskCheckForTimeOut
 .text.vTaskMissedYield
                0x00001770        0xc CMakeFiles/freertos_learn.elf.dir/ra/aws/FreeRTOS/FreeRTOS/Source/tasks.c.obj
                0x00001770                vTaskMissedYield
 .text.xTaskGetSchedulerState
                0x0000177c       0x20 CMakeFiles/freertos_learn.elf.dir/ra/aws/FreeRTOS/FreeRTOS/Source/tasks.c.obj
                0x0000177c                xTaskGetSchedulerState
 .text.prvCheckForValidListAndQueue
                0x0000179c       0x6c CMakeFiles/freertos_learn.elf.dir/ra/aws/FreeRTOS/FreeRTOS/Source/timers.c.obj
 .text.prvProcessExpiredTimer
                0x00001808       0x90 CMakeFiles/freertos_learn.elf.dir/ra/aws/FreeRTOS/FreeRTOS/Source/timers.c.obj
 .text.prvTimerTask
                0x00001898      0x25c CMakeFiles/freertos_learn.elf.dir/ra/aws/FreeRTOS/FreeRTOS/Source/timers.c.obj
 .text.xTimerCreateTimerTask
                0x00001af4       0x6c CMakeFiles/freertos_learn.elf.dir/ra/aws/FreeRTOS/FreeRTOS/Source/timers.c.obj
                0x00001af4                xTimerCreateTimerTask
 .text.Default_Handler
                0x00001b60        0x4 CMakeFiles/freertos_learn.elf.dir/ra/fsp/src/bsp/cmsis/Device/RENESAS/Source/startup.c.obj
                0x00001b60                HardFault_Handler
                0x00001b60                UsageFault_Handler
                0x00001b60                SecureFault_Handler
                0x00001b60                Default_Handler
                0x00001b60                MemManage_Handler
                0x00001b60                BusFault_Handler
                0x00001b60                DebugMon_Handler
 .text.Reset_Handler
                0x00001b64        0xc CMakeFiles/freertos_learn.elf.dir/ra/fsp/src/bsp/cmsis/Device/RENESAS/Source/startup.c.obj
                0x00001b64                Reset_Handler
 .text.SystemRuntimeInit
                0x00001b70       0x64 CMakeFiles/freertos_learn.elf.dir/ra/fsp/src/bsp/cmsis/Device/RENESAS/Source/system.c.obj
 .text.SystemInit
                0x00001bd4       0xc0 CMakeFiles/freertos_learn.elf.dir/ra/fsp/src/bsp/cmsis/Device/RENESAS/Source/system.c.obj
                0x00001bd4                SystemInit
 .text.SystemCoreClockUpdate
                0x00001c94       0x28 CMakeFiles/freertos_learn.elf.dir/ra/fsp/src/bsp/mcu/all/bsp_clocks.c.obj
                0x00001c94                SystemCoreClockUpdate
 .text.R_BSP_SubClockStabilizeWaitAfterReset
                0x00001cbc        0x4 CMakeFiles/freertos_learn.elf.dir/ra/fsp/src/bsp/mcu/all/bsp_clocks.c.obj
                0x00001cbc                R_BSP_SubClockStabilizeWaitAfterReset
 .text.bsp_clock_init
                0x00001cc0      0x1b4 CMakeFiles/freertos_learn.elf.dir/ra/fsp/src/bsp/mcu/all/bsp_clocks.c.obj
                0x00001cc0                bsp_clock_init
 .text.R_BSP_Init_RTC
                0x00001e74       0xb0 CMakeFiles/freertos_learn.elf.dir/ra/fsp/src/bsp/mcu/all/bsp_clocks.c.obj
                0x00001e74                R_BSP_Init_RTC
 .text.bsp_init_internal
                0x00001f24        0x4 CMakeFiles/freertos_learn.elf.dir/ra/fsp/src/bsp/mcu/all/bsp_common.c.obj
                0x00001f24                bsp_init_internal
                0x00001f24                bsp_init
 .text.__assert_func
                0x00001f28        0x4 CMakeFiles/freertos_learn.elf.dir/ra/fsp/src/bsp/mcu/all/bsp_common.c.obj
                0x00001f28                __assert_func
 .text.bsp_prv_software_delay_loop
                0x00001f2c        0xc CMakeFiles/freertos_learn.elf.dir/ra/fsp/src/bsp/mcu/all/bsp_delay.c.obj
                0x00001f2c                bsp_prv_software_delay_loop
 .text.R_BSP_SoftwareDelay
                0x00001f38       0x8c CMakeFiles/freertos_learn.elf.dir/ra/fsp/src/bsp/mcu/all/bsp_delay.c.obj
                0x00001f38                R_BSP_SoftwareDelay
 .text.NMI_Handler
                0x00001fc4       0x3c CMakeFiles/freertos_learn.elf.dir/ra/fsp/src/bsp/mcu/all/bsp_group_irq.c.obj
                0x00001fc4                NMI_Handler
 .text.bsp_irq_cfg
                0x00002000       0x94 CMakeFiles/freertos_learn.elf.dir/ra/fsp/src/bsp/mcu/all/bsp_irq.c.obj
                0x00002000                bsp_irq_cfg
 .text.R_BSP_RegisterProtectEnable
                0x00002094       0x60 CMakeFiles/freertos_learn.elf.dir/ra/fsp/src/bsp/mcu/all/bsp_register_protection.c.obj
                0x00002094                R_BSP_RegisterProtectEnable
 .text.R_BSP_RegisterProtectDisable
                0x000020f4       0x54 CMakeFiles/freertos_learn.elf.dir/ra/fsp/src/bsp/mcu/all/bsp_register_protection.c.obj
                0x000020f4                R_BSP_RegisterProtectDisable
 .text.r_canfd_mb_read
                0x00002148       0x84 CMakeFiles/freertos_learn.elf.dir/ra/fsp/src/r_canfd/r_canfd.c.obj
 .text.r_canfd_call_callback
                0x000021cc       0x3c CMakeFiles/freertos_learn.elf.dir/ra/fsp/src/r_canfd/r_canfd.c.obj
 .text.canfd_error_isr
                0x00002208       0xd4 CMakeFiles/freertos_learn.elf.dir/ra/fsp/src/r_canfd/r_canfd.c.obj
                0x00002208                canfd_error_isr
 .text.canfd_rx_fifo_isr
                0x000022dc       0xb4 CMakeFiles/freertos_learn.elf.dir/ra/fsp/src/r_canfd/r_canfd.c.obj
                0x000022dc                canfd_rx_fifo_isr
 .text.canfd_channel_tx_isr
                0x00002390      0x128 CMakeFiles/freertos_learn.elf.dir/ra/fsp/src/r_canfd/r_canfd.c.obj
                0x00002390                canfd_channel_tx_isr
 .text.canfd_common_fifo_rx_isr
                0x000024b8       0xd4 CMakeFiles/freertos_learn.elf.dir/ra/fsp/src/r_canfd/r_canfd.c.obj
                0x000024b8                canfd_common_fifo_rx_isr
 .text.bsp_vbatt_init
                0x0000258c       0xe8 CMakeFiles/freertos_learn.elf.dir/ra/fsp/src/r_ioport/r_ioport.c.obj
 .text.r_ioport_pins_config
                0x00002674       0xac CMakeFiles/freertos_learn.elf.dir/ra/fsp/src/r_ioport/r_ioport.c.obj
 .text.R_IOPORT_Open
                0x00002720       0x14 CMakeFiles/freertos_learn.elf.dir/ra/fsp/src/r_ioport/r_ioport.c.obj
                0x00002720                R_IOPORT_Open
 .text.prvTaskExitError
                0x00002734        0x4 CMakeFiles/freertos_learn.elf.dir/ra/fsp/src/rm_freertos_port/port.c.obj
 .text.SVC_Handler
                0x00002738       0x18 CMakeFiles/freertos_learn.elf.dir/ra/fsp/src/rm_freertos_port/port.c.obj
                0x00002738                SVC_Handler
 .text.PendSV_Handler
                0x00002750       0x44 CMakeFiles/freertos_learn.elf.dir/ra/fsp/src/rm_freertos_port/port.c.obj
                0x00002750                PendSV_Handler
 .text.rm_freertos_port_restore_task_stackless
                0x00002794       0x24 CMakeFiles/freertos_learn.elf.dir/ra/fsp/src/rm_freertos_port/port.c.obj
                0x00002794                rm_freertos_port_restore_task_stackless
 .text.SysTick_Handler
                0x000027b8       0x24 CMakeFiles/freertos_learn.elf.dir/ra/fsp/src/rm_freertos_port/port.c.obj
                0x000027b8                SysTick_Handler
 .text.vPortSVCHandler_C
                0x000027dc       0x34 CMakeFiles/freertos_learn.elf.dir/ra/fsp/src/rm_freertos_port/port.c.obj
                0x000027dc                vPortSVCHandler_C
 .text.pxPortInitialiseStack
                0x00002810       0x34 CMakeFiles/freertos_learn.elf.dir/ra/fsp/src/rm_freertos_port/port.c.obj
                0x00002810                pxPortInitialiseStack
 .text.vPortEnterCritical
                0x00002844       0x50 CMakeFiles/freertos_learn.elf.dir/ra/fsp/src/rm_freertos_port/port.c.obj
                0x00002844                vPortEnterCritical
 .text.vPortExitCritical
                0x00002894       0x3c CMakeFiles/freertos_learn.elf.dir/ra/fsp/src/rm_freertos_port/port.c.obj
                0x00002894                vPortExitCritical
 .text.vPortSetupTimerInterrupt
                0x000028d0       0x44 CMakeFiles/freertos_learn.elf.dir/ra/fsp/src/rm_freertos_port/port.c.obj
                0x000028d0                vPortSetupTimerInterrupt
 .text.xPortStartScheduler
                0x00002914       0x3c CMakeFiles/freertos_learn.elf.dir/ra/fsp/src/rm_freertos_port/port.c.obj
                0x00002914                xPortStartScheduler
 .text.Motor_thread_func
                0x00002950       0x14 CMakeFiles/freertos_learn.elf.dir/ra_gen/Motor_thread.c.obj
 .text.Motor_thread_create
                0x00002964       0x4c CMakeFiles/freertos_learn.elf.dir/ra_gen/Motor_thread.c.obj
                0x00002964                Motor_thread_create
 .text.g_common_init
                0x000029b0        0x4 CMakeFiles/freertos_learn.elf.dir/ra_gen/common_data.c.obj
                0x000029b0                g_common_init
 .text.g_hal_init
                0x000029b4        0x4 CMakeFiles/freertos_learn.elf.dir/ra_gen/hal_data.c.obj
                0x000029b4                g_hal_init
 .text.rtos_startup_err_callback_internal
                0x000029b8        0x4 CMakeFiles/freertos_learn.elf.dir/ra_gen/main.c.obj
                0x000029b8                rtos_startup_err_callback
                0x000029b8                rtos_startup_err_callback_internal
 .text.rtos_startup_common_init
                0x000029bc       0x68 CMakeFiles/freertos_learn.elf.dir/ra_gen/main.c.obj
                0x000029bc                rtos_startup_common_init
 .text.startup.main
                0x00002a24       0x44 CMakeFiles/freertos_learn.elf.dir/ra_gen/main.c.obj
                0x00002a24                main
 .text.vApplicationGetIdleTaskMemory
                0x00002a68       0x1c CMakeFiles/freertos_learn.elf.dir/ra_gen/main.c.obj
                0x00002a68                vApplicationGetIdleTaskMemory
 .text.vApplicationGetTimerTaskMemory
                0x00002a84       0x1c CMakeFiles/freertos_learn.elf.dir/ra_gen/main.c.obj
                0x00002a84                vApplicationGetTimerTaskMemory
 .text.Motor_thread_entry
                0x00002aa0        0xc CMakeFiles/freertos_learn.elf.dir/src/Motor_thread_entry.c.obj
                0x00002aa0                Motor_thread_entry
 .text.R_BSP_WarmStart
                0x00002aac       0x18 CMakeFiles/freertos_learn.elf.dir/src/hal_warmstart.c.obj
                0x00002aac                R_BSP_WarmStart
 .text.memset   0x00002ac4       0x10 C:/PROGRA~2/ARMGNU~1/13C7F1~1.2RE/bin/../lib/gcc/arm-none-eabi/13.2.1/thumb/v8-m.main+fp/hard\libg_nano.a(libc_a-memset.o)
                0x00002ac4                memset
 .text.memcpy   0x00002ad4       0x1a C:/PROGRA~2/ARMGNU~1/13C7F1~1.2RE/bin/../lib/gcc/arm-none-eabi/13.2.1/thumb/v8-m.main+fp/hard\libg_nano.a(libc_a-memcpy-stub.o)
                0x00002ad4                memcpy
 *(.rodata*)
 *fill*         0x00002aee        0x2 
 .rodata.pvPortMalloc.str1.4
                0x00002af0      0x9d9 CMakeFiles/freertos_learn.elf.dir/ra/aws/FreeRTOS/FreeRTOS/Source/portable/MemMang/heap_4.c.obj
                                0x1f1 (size before relaxing)
 .rodata.vPortFree.str1.4
                0x000034c9      0x184 CMakeFiles/freertos_learn.elf.dir/ra/aws/FreeRTOS/FreeRTOS/Source/portable/MemMang/heap_4.c.obj
 *fill*         0x000034c9        0x3 
 .rodata.__func__.0
                0x000034cc       0x1b CMakeFiles/freertos_learn.elf.dir/ra/aws/FreeRTOS/FreeRTOS/Source/portable/MemMang/heap_4.c.obj
 *fill*         0x000034e7        0x1 
 .rodata.__func__.1
                0x000034e8        0xa CMakeFiles/freertos_learn.elf.dir/ra/aws/FreeRTOS/FreeRTOS/Source/portable/MemMang/heap_4.c.obj
 *fill*         0x000034f2        0x2 
 .rodata.__func__.2
                0x000034f4        0xd CMakeFiles/freertos_learn.elf.dir/ra/aws/FreeRTOS/FreeRTOS/Source/portable/MemMang/heap_4.c.obj
 .rodata.vQueueUnregisterQueue.part.0.str1.4
                0x00003501       0x5c CMakeFiles/freertos_learn.elf.dir/ra/aws/FreeRTOS/FreeRTOS/Source/queue.c.obj
 .rodata.xQueueGenericReset.str1.4
                0x00003501       0x2c CMakeFiles/freertos_learn.elf.dir/ra/aws/FreeRTOS/FreeRTOS/Source/queue.c.obj
 .rodata.xQueueGenericCreateStatic.str1.4
                0x00003501       0x37 CMakeFiles/freertos_learn.elf.dir/ra/aws/FreeRTOS/FreeRTOS/Source/queue.c.obj
 .rodata.xQueueCreateCountingSemaphoreStatic.str1.4
                0x00003501        0x8 CMakeFiles/freertos_learn.elf.dir/ra/aws/FreeRTOS/FreeRTOS/Source/queue.c.obj
 .rodata.xQueueGenericSend.str1.4
                0x00003501       0xfb CMakeFiles/freertos_learn.elf.dir/ra/aws/FreeRTOS/FreeRTOS/Source/queue.c.obj
 .rodata.xQueueGiveFromISR.str1.4
                0x00003501       0x7d CMakeFiles/freertos_learn.elf.dir/ra/aws/FreeRTOS/FreeRTOS/Source/queue.c.obj
 .rodata.xQueueReceive.str1.4
                0x00003501       0x66 CMakeFiles/freertos_learn.elf.dir/ra/aws/FreeRTOS/FreeRTOS/Source/queue.c.obj
 *fill*         0x00003501        0x3 
 .rodata.__func__.2
                0x00003504       0x14 CMakeFiles/freertos_learn.elf.dir/ra/aws/FreeRTOS/FreeRTOS/Source/queue.c.obj
 .rodata.__func__.12
                0x00003518       0x14 CMakeFiles/freertos_learn.elf.dir/ra/aws/FreeRTOS/FreeRTOS/Source/queue.c.obj
 .rodata.__func__.13
                0x0000352c        0xe CMakeFiles/freertos_learn.elf.dir/ra/aws/FreeRTOS/FreeRTOS/Source/queue.c.obj
 *fill*         0x0000353a        0x2 
 .rodata.__func__.16
                0x0000353c       0x12 CMakeFiles/freertos_learn.elf.dir/ra/aws/FreeRTOS/FreeRTOS/Source/queue.c.obj
 *fill*         0x0000354e        0x2 
 .rodata.__func__.18
                0x00003550       0x24 CMakeFiles/freertos_learn.elf.dir/ra/aws/FreeRTOS/FreeRTOS/Source/queue.c.obj
 .rodata.__func__.21
                0x00003574       0x1a CMakeFiles/freertos_learn.elf.dir/ra/aws/FreeRTOS/FreeRTOS/Source/queue.c.obj
 *fill*         0x0000358e        0x2 
 .rodata.__func__.22
                0x00003590       0x13 CMakeFiles/freertos_learn.elf.dir/ra/aws/FreeRTOS/FreeRTOS/Source/queue.c.obj
 .rodata.prvTaskIsTaskSuspended.part.0.str1.4
                0x000035a3       0x5c CMakeFiles/freertos_learn.elf.dir/ra/aws/FreeRTOS/FreeRTOS/Source/tasks.c.obj
 .rodata.prvInitialiseNewTask.constprop.0.str1.4
                0x000035a3       0x11 CMakeFiles/freertos_learn.elf.dir/ra/aws/FreeRTOS/FreeRTOS/Source/tasks.c.obj
 .rodata.prvCheckTasksWaitingTermination.str1.4
                0x000035a3       0x32 CMakeFiles/freertos_learn.elf.dir/ra/aws/FreeRTOS/FreeRTOS/Source/tasks.c.obj
 .rodata.xTaskIncrementTick.part.0.str1.4
                0x000035a3       0x76 CMakeFiles/freertos_learn.elf.dir/ra/aws/FreeRTOS/FreeRTOS/Source/tasks.c.obj
 .rodata.xTaskCreateStatic.str1.4
                0x000035a3       0x55 CMakeFiles/freertos_learn.elf.dir/ra/aws/FreeRTOS/FreeRTOS/Source/tasks.c.obj
 .rodata.vTaskStartScheduler.str1.4
                0x000035a3       0x12 CMakeFiles/freertos_learn.elf.dir/ra/aws/FreeRTOS/FreeRTOS/Source/tasks.c.obj
 .rodata.xTaskResumeAll.str1.4
                0x000035a3       0x1b CMakeFiles/freertos_learn.elf.dir/ra/aws/FreeRTOS/FreeRTOS/Source/tasks.c.obj
 .rodata.xTaskDelayUntil.str1.4
                0x000035a3       0x47 CMakeFiles/freertos_learn.elf.dir/ra/aws/FreeRTOS/FreeRTOS/Source/tasks.c.obj
 .rodata.vTaskSwitchContext.str1.4
                0x000035a3        0xe CMakeFiles/freertos_learn.elf.dir/ra/aws/FreeRTOS/FreeRTOS/Source/tasks.c.obj
 .rodata.vTaskPlaceOnEventList.str1.4
                0x000035a3        0xc CMakeFiles/freertos_learn.elf.dir/ra/aws/FreeRTOS/FreeRTOS/Source/tasks.c.obj
 .rodata.xTaskRemoveFromEventList.str1.4
                0x000035a3        0xf CMakeFiles/freertos_learn.elf.dir/ra/aws/FreeRTOS/FreeRTOS/Source/tasks.c.obj
 .rodata.vTaskSetTimeOutState.str1.4
                0x000035a3        0xa CMakeFiles/freertos_learn.elf.dir/ra/aws/FreeRTOS/FreeRTOS/Source/tasks.c.obj
 .rodata.xTaskCheckForTimeOut.str1.4
                0x000035a3        0xe CMakeFiles/freertos_learn.elf.dir/ra/aws/FreeRTOS/FreeRTOS/Source/tasks.c.obj
 *fill*         0x000035a3        0x1 
 .rodata.__func__.8
                0x000035a4       0x15 CMakeFiles/freertos_learn.elf.dir/ra/aws/FreeRTOS/FreeRTOS/Source/tasks.c.obj
 *fill*         0x000035b9        0x3 
 .rodata.__func__.11
                0x000035bc       0x19 CMakeFiles/freertos_learn.elf.dir/ra/aws/FreeRTOS/FreeRTOS/Source/tasks.c.obj
 *fill*         0x000035d5        0x3 
 .rodata.__func__.12
                0x000035d8       0x20 CMakeFiles/freertos_learn.elf.dir/ra/aws/FreeRTOS/FreeRTOS/Source/tasks.c.obj
 .rodata.__func__.14
                0x000035f8       0x16 CMakeFiles/freertos_learn.elf.dir/ra/aws/FreeRTOS/FreeRTOS/Source/tasks.c.obj
 *fill*         0x0000360e        0x2 
 .rodata.__func__.15
                0x00003610       0x13 CMakeFiles/freertos_learn.elf.dir/ra/aws/FreeRTOS/FreeRTOS/Source/tasks.c.obj
 *fill*         0x00003623        0x1 
 .rodata.__func__.16
                0x00003624       0x13 CMakeFiles/freertos_learn.elf.dir/ra/aws/FreeRTOS/FreeRTOS/Source/tasks.c.obj
 *fill*         0x00003637        0x1 
 .rodata.__func__.20
                0x00003638        0xf CMakeFiles/freertos_learn.elf.dir/ra/aws/FreeRTOS/FreeRTOS/Source/tasks.c.obj
 *fill*         0x00003647        0x1 
 .rodata.__func__.21
                0x00003648       0x14 CMakeFiles/freertos_learn.elf.dir/ra/aws/FreeRTOS/FreeRTOS/Source/tasks.c.obj
 .rodata.__func__.28
                0x0000365c        0xb CMakeFiles/freertos_learn.elf.dir/ra/aws/FreeRTOS/FreeRTOS/Source/tasks.c.obj
 *fill*         0x00003667        0x1 
 .rodata.__func__.30
                0x00003668        0xd CMakeFiles/freertos_learn.elf.dir/ra/aws/FreeRTOS/FreeRTOS/Source/tasks.c.obj
 *fill*         0x00003675        0x3 
 .rodata.__func__.32
                0x00003678       0x15 CMakeFiles/freertos_learn.elf.dir/ra/aws/FreeRTOS/FreeRTOS/Source/tasks.c.obj
 *fill*         0x0000368d        0x3 
 .rodata.__func__.33
                0x00003690       0x14 CMakeFiles/freertos_learn.elf.dir/ra/aws/FreeRTOS/FreeRTOS/Source/tasks.c.obj
 .rodata.uxTopUsedPriority
                0x000036a4        0x4 CMakeFiles/freertos_learn.elf.dir/ra/aws/FreeRTOS/FreeRTOS/Source/tasks.c.obj
 .rodata.prvCheckForValidListAndQueue.str1.4
                0x000036a8        0x5 CMakeFiles/freertos_learn.elf.dir/ra/aws/FreeRTOS/FreeRTOS/Source/timers.c.obj
 .rodata.prvInitialiseNewTimer.part.0.str1.4
                0x000036a8       0x71 CMakeFiles/freertos_learn.elf.dir/ra/aws/FreeRTOS/FreeRTOS/Source/timers.c.obj
 .rodata.prvTimerTask.str1.4
                0x000036a8       0x25 CMakeFiles/freertos_learn.elf.dir/ra/aws/FreeRTOS/FreeRTOS/Source/timers.c.obj
 .rodata.xTimerCreateTimerTask.str1.4
                0x000036a8       0x10 CMakeFiles/freertos_learn.elf.dir/ra/aws/FreeRTOS/FreeRTOS/Source/timers.c.obj
 .rodata.__func__.16
                0x000036a8       0x1b CMakeFiles/freertos_learn.elf.dir/ra/aws/FreeRTOS/FreeRTOS/Source/timers.c.obj
 *fill*         0x000036c3        0x1 
 .rodata.__func__.18
                0x000036c4       0x16 CMakeFiles/freertos_learn.elf.dir/ra/aws/FreeRTOS/FreeRTOS/Source/timers.c.obj
 *fill*         0x000036da        0x2 
 .rodata.g_prcr_masks
                0x000036dc        0xa CMakeFiles/freertos_learn.elf.dir/ra/fsp/src/bsp/mcu/all/bsp_register_protection.c.obj
 *fill*         0x000036e6        0x2 
 .rodata.g_init_info
                0x000036e8       0x18 CMakeFiles/freertos_learn.elf.dir/ra/fsp/src/bsp/mcu/ra6m5/bsp_linker.c.obj
                0x000036e8                g_init_info
 .rodata.nocache_list
                0x00003700       0x10 CMakeFiles/freertos_learn.elf.dir/ra/fsp/src/bsp/mcu/ra6m5/bsp_linker.c.obj
 .rodata.copy_list
                0x00003710       0x80 CMakeFiles/freertos_learn.elf.dir/ra/fsp/src/bsp/mcu/ra6m5/bsp_linker.c.obj
 .rodata.zero_list
                0x00003790       0x30 CMakeFiles/freertos_learn.elf.dir/ra/fsp/src/bsp/mcu/ra6m5/bsp_linker.c.obj
 .rodata.dlc_to_bytes
                0x000037c0       0x10 CMakeFiles/freertos_learn.elf.dir/ra/fsp/src/r_canfd/r_canfd.c.obj
 .rodata.g_vbatt_pins_input
                0x000037d0        0x6 CMakeFiles/freertos_learn.elf.dir/ra/fsp/src/r_ioport/r_ioport.c.obj
 .rodata.vPortSVCHandler_C.str1.4
                0x000037d6       0x63 CMakeFiles/freertos_learn.elf.dir/ra/fsp/src/rm_freertos_port/port.c.obj
 .rodata.vPortEnterCritical.str1.4
                0x000037d6       0x46 CMakeFiles/freertos_learn.elf.dir/ra/fsp/src/rm_freertos_port/port.c.obj
 .rodata.vPortExitCritical.str1.4
                0x000037d6       0x12 CMakeFiles/freertos_learn.elf.dir/ra/fsp/src/rm_freertos_port/port.c.obj
 *fill*         0x000037d6        0x2 
 .rodata.__func__.1
                0x000037d8       0x12 CMakeFiles/freertos_learn.elf.dir/ra/fsp/src/rm_freertos_port/port.c.obj
 *fill*         0x000037ea        0x2 
 .rodata.__func__.2
                0x000037ec       0x13 CMakeFiles/freertos_learn.elf.dir/ra/fsp/src/rm_freertos_port/port.c.obj
 *fill*         0x000037ff        0x1 
 .rodata.__func__.3
                0x00003800       0x12 CMakeFiles/freertos_learn.elf.dir/ra/fsp/src/rm_freertos_port/port.c.obj
 .rodata.Motor_thread_create.str1.4
                0x00003812        0xd CMakeFiles/freertos_learn.elf.dir/ra_gen/Motor_thread.c.obj
 *fill*         0x00003812        0x2 
 .rodata.Motor_thread_parameters
                0x00003814        0x4 CMakeFiles/freertos_learn.elf.dir/ra_gen/Motor_thread.c.obj
                0x00003814                Motor_thread_parameters
 .rodata.g_bsp_pin_cfg
                0x00003818        0xc CMakeFiles/freertos_learn.elf.dir/ra_gen/pin_data.c.obj
                0x00003818                g_bsp_pin_cfg
 .rodata.g_bsp_pin_cfg_data
                0x00003824       0x28 CMakeFiles/freertos_learn.elf.dir/ra_gen/pin_data.c.obj
                0x00003824                g_bsp_pin_cfg_data
 .rodata.g_interrupt_event_link_select
                0x0000384c        0xa CMakeFiles/freertos_learn.elf.dir/ra_gen/vector_data.c.obj
                0x0000384c                g_interrupt_event_link_select
 *(.mcuboot_sce9_key)
 *(.version)
 *fill*         0x00003856        0x2 
 .version       0x00003858       0x50 CMakeFiles/freertos_learn.elf.dir/ra/fsp/src/bsp/mcu/all/bsp_common.c.obj
                0x000038a8                        __flash_readonly$$Limit = .

.glue_7         0x000038a8        0x0
 .glue_7        0x000038a8        0x0 linker stubs

.glue_7t        0x000038a8        0x0
 .glue_7t       0x000038a8        0x0 linker stubs

.vfp11_veneer   0x000038a8        0x0
 .vfp11_veneer  0x000038a8        0x0 linker stubs

.v4_bx          0x000038a8        0x0
 .v4_bx         0x000038a8        0x0 linker stubs

.init           0x000038a8        0x4
 .init          0x000038a8        0x4 C:/PROGRA~2/ARMGNU~1/13C7F1~1.2RE/bin/../lib/gcc/arm-none-eabi/13.2.1/thumb/v8-m.main+fp/hard/crti.o
                0x000038a8                _init

.fini           0x000038ac        0x4
 .fini          0x000038ac        0x4 C:/PROGRA~2/ARMGNU~1/13C7F1~1.2RE/bin/../lib/gcc/arm-none-eabi/13.2.1/thumb/v8-m.main+fp/hard/crti.o
                0x000038ac                _fini

.iplt           0x000038b0        0x0
 .iplt          0x000038b0        0x0 C:/PROGRA~2/ARMGNU~1/13C7F1~1.2RE/bin/../lib/gcc/arm-none-eabi/13.2.1/thumb/v8-m.main+fp/hard/crtbegin.o

__flash_ctor$$
 *crtbegin.o(.ctors)
 *crtbegin?.o(.ctors)
 EXCLUDE_FILE(*crtend.o *crtend?.o) *(.ctors)
 *(SORT_BY_NAME(.ctors.*))
 *(.ctors)
 *crtbegin.o(.dtors)
 *crtbegin?.o(.dtors)
 EXCLUDE_FILE(*crtend.o *crtend?.o) *(.dtors)
 *(SORT_BY_NAME(.dtors.*))
 *(.dtors)

__flash_preinit_array$$
                0x000038b0        0x0
                0x000038b0                        __preinit_array_start = .
 *(.preinit_array)
                0x000038b0                        __preinit_array_end = .

__flash_.got$$
 *(.got.plt)
 *(.got)

__flash_init_array$$
                0x000038b0        0x4
                0x000038b0                        __init_array_start = .
 *(SORT_BY_NAME(.init_array.*))
 *(.init_array)
 .init_array    0x000038b0        0x4 C:/PROGRA~2/ARMGNU~1/13C7F1~1.2RE/bin/../lib/gcc/arm-none-eabi/13.2.1/thumb/v8-m.main+fp/hard/crtbegin.o
                0x000038b4                        __init_array_end = .

__flash_fini_array$$
                0x000038b4        0x4
                0x000038b4                        __fini_array_start = .
 *(SORT_BY_NAME(.fini_array.*))
 *(.fini_array)
 .fini_array    0x000038b4        0x4 C:/PROGRA~2/ARMGNU~1/13C7F1~1.2RE/bin/../lib/gcc/arm-none-eabi/13.2.1/thumb/v8-m.main+fp/hard/crtbegin.o
                0x000038b8                        __fini_array_end = .

__flash_arm.extab$$
 *(.ARM.extab*)
 *(.gnu.linkonce.armextab.*)

__flash_arm.exidx$$
                0x000038b8        0x0
                0x000038b8                        __exidx_start = .
 *(.ARM.exidx*)
 *(.gnu.linkonce.armexidx.*)
                0x000038b8                        __exidx_end = .

.flash.endof    0x00003a00        0x0
                0x00003a00                        __ddsc_FLASH_END = .

.option_setting_ofs0.startof
                0x0100a100        0x0
                0x0100a100                        __ddsc_OPTION_SETTING_OFS0_START = .

__option_setting_ofs0_reg$$
                0x0100a100        0x4
                0x0100a100                        __option_setting_ofs0_reg$$Base = .
 *(.option_setting_ofs0)
 .option_setting_ofs0
                0x0100a100        0x4 CMakeFiles/freertos_learn.elf.dir/ra/fsp/src/bsp/mcu/ra6m5/bsp_linker.c.obj
                0x0100a104                        __option_setting_ofs0_reg$$Limit = .

.option_setting_ofs0.endof
                0x0100a104        0x0
                0x0100a104                        __ddsc_OPTION_SETTING_OFS0_END = .

.option_setting_dualsel.startof
                0x0100a110        0x0
                0x0100a110                        __ddsc_OPTION_SETTING_DUALSEL_START = .

__option_setting_dualsel_reg$$
                0x0100a110        0x0
                0x0100a110                        __option_setting_dualsel_reg$$Base = .
 *(.option_setting_dualsel)
                0x0100a110                        __option_setting_dualsel_reg$$Limit = .

.option_setting_dualsel.endof
                0x0100a110        0x0
                0x0100a110                        __ddsc_OPTION_SETTING_DUALSEL_END = .

.option_setting_ofs1.startof
                0x0100a180        0x0
                0x0100a180                        __ddsc_OPTION_SETTING_OFS1_START = .

__option_setting_ofs1_reg$$
                0x0100a180        0x0
                0x0100a180                        __option_setting_ofs1_reg$$Base = .
 *(.option_setting_ofs1)
                0x0100a180                        __option_setting_ofs1_reg$$Limit = .

.option_setting_ofs1.endof
                0x0100a180        0x0
                0x0100a180                        __ddsc_OPTION_SETTING_OFS1_END = .

.option_setting_banksel.startof
                0x0100a190        0x0
                0x0100a190                        __ddsc_OPTION_SETTING_BANKSEL_START = .

__option_setting_banksel_reg$$
                0x0100a190        0x0
                0x0100a190                        __option_setting_banksel_reg$$Base = .
 *(.option_setting_banksel)
                0x0100a190                        __option_setting_banksel_reg$$Limit = .

.option_setting_banksel.endof
                0x0100a190        0x0
                0x0100a190                        __ddsc_OPTION_SETTING_BANKSEL_END = .

.option_setting_bps.startof
                0x0100a1c0        0x0
                0x0100a1c0                        __ddsc_OPTION_SETTING_BPS_START = .

__option_setting_bps_reg$$
                0x0100a1c0        0x0
                0x0100a1c0                        __option_setting_bps_reg$$Base = .
 *(.option_setting_bps)
                0x0100a1c0                        __option_setting_bps_reg$$Limit = .

.option_setting_bps.endof
                0x0100a1c0        0x0
                0x0100a1c0                        __ddsc_OPTION_SETTING_BPS_END = .

.option_setting_pbps.startof
                0x0100a1e0        0x0
                0x0100a1e0                        __ddsc_OPTION_SETTING_PBPS_START = .

__option_setting_pbps_reg$$
                0x0100a1e0        0x0
                0x0100a1e0                        __option_setting_pbps_reg$$Base = .
 *(.option_setting_pbps)
                0x0100a1e0                        __option_setting_pbps_reg$$Limit = .

.option_setting_pbps.endof
                0x0100a1e0        0x0
                0x0100a1e0                        __ddsc_OPTION_SETTING_PBPS_END = .

.option_setting_ofs1_sec.startof
                0x0100a200        0x0
                0x0100a200                        __ddsc_OPTION_SETTING_OFS1_SEC_START = .

__option_setting_ofs1_sec_reg$$
                0x0100a200        0x4
                0x0100a200                        __option_setting_ofs1_sec_reg$$Base = .
 *(.option_setting_ofs1_sec)
 .option_setting_ofs1_sec
                0x0100a200        0x4 CMakeFiles/freertos_learn.elf.dir/ra/fsp/src/bsp/mcu/ra6m5/bsp_linker.c.obj
                0x0100a204                        __option_setting_ofs1_sec_reg$$Limit = .

.option_setting_ofs1_sec.endof
                0x0100a204        0x0
                0x0100a204                        __ddsc_OPTION_SETTING_OFS1_SEC_END = .

.option_setting_banksel_sec.startof
                0x0100a210        0x0
                0x0100a210                        __ddsc_OPTION_SETTING_BANKSEL_SEC_START = .

__option_setting_banksel_sec_reg$$
                0x0100a210        0x0
                0x0100a210                        __option_setting_banksel_sec_reg$$Base = .
 *(.option_setting_banksel_sec)
                0x0100a210                        __option_setting_banksel_sec_reg$$Limit = .

.option_setting_banksel_sec.endof
                0x0100a210        0x0
                0x0100a210                        __ddsc_OPTION_SETTING_BANKSEL_SEC_END = .

.option_setting_bps_sec.startof
                0x0100a240        0x0
                0x0100a240                        __ddsc_OPTION_SETTING_BPS_SEC_START = .

__option_setting_bps_sec_reg$$
                0x0100a240        0x0
                0x0100a240                        __option_setting_bps_sec_reg$$Base = .
 *(.option_setting_bps_sec)
                0x0100a240                        __option_setting_bps_sec_reg$$Limit = .

.option_setting_bps_sec.endof
                0x0100a240        0x0
                0x0100a240                        __ddsc_OPTION_SETTING_BPS_SEC_END = .

.option_setting_pbps_sec.startof
                0x0100a260        0x0
                0x0100a260                        __ddsc_OPTION_SETTING_PBPS_SEC_START = .

__option_setting_pbps_sec_reg$$
                0x0100a260        0x0
                0x0100a260                        __option_setting_pbps_sec_reg$$Base = .
 *(.option_setting_pbps_sec)
                0x0100a260                        __option_setting_pbps_sec_reg$$Limit = .

.option_setting_pbps_sec.endof
                0x0100a260        0x0
                0x0100a260                        __ddsc_OPTION_SETTING_PBPS_SEC_END = .

.option_setting_ofs1_sel.startof
                0x0100a280        0x0
                0x0100a280                        __ddsc_OPTION_SETTING_OFS1_SEL_START = .

__option_setting_ofs1_sel_reg$$
                0x0100a280        0x4
                0x0100a280                        __option_setting_ofs1_sel_reg$$Base = .
 *(.option_setting_ofs1_sel)
 .option_setting_ofs1_sel
                0x0100a280        0x4 CMakeFiles/freertos_learn.elf.dir/ra/fsp/src/bsp/mcu/ra6m5/bsp_linker.c.obj
                0x0100a284                        __option_setting_ofs1_sel_reg$$Limit = .

.eh_frame       0x0100a284        0x0
 .eh_frame      0x0100a284        0x0 C:/PROGRA~2/ARMGNU~1/13C7F1~1.2RE/bin/../lib/gcc/arm-none-eabi/13.2.1/thumb/v8-m.main+fp/hard/crtbegin.o

.rel.dyn        0x0100a284        0x0
 .rel.iplt      0x0100a284        0x0 C:/PROGRA~2/ARMGNU~1/13C7F1~1.2RE/bin/../lib/gcc/arm-none-eabi/13.2.1/thumb/v8-m.main+fp/hard/crtbegin.o

.tm_clone_table
                0x0100a284        0x0
 .tm_clone_table
                0x0100a284        0x0 C:/PROGRA~2/ARMGNU~1/13C7F1~1.2RE/bin/../lib/gcc/arm-none-eabi/13.2.1/thumb/v8-m.main+fp/hard/crtbegin.o
 .tm_clone_table
                0x0100a284        0x0 C:/PROGRA~2/ARMGNU~1/13C7F1~1.2RE/bin/../lib/gcc/arm-none-eabi/13.2.1/thumb/v8-m.main+fp/hard/crtend.o

.igot.plt       0x000038b8        0x0
 .igot.plt      0x000038b8        0x0 C:/PROGRA~2/ARMGNU~1/13C7F1~1.2RE/bin/../lib/gcc/arm-none-eabi/13.2.1/thumb/v8-m.main+fp/hard/crtbegin.o

.option_setting_ofs1_sel.endof
                0x0100a284        0x0
                0x0100a284                        __ddsc_OPTION_SETTING_OFS1_SEL_END = .

.option_setting_banksel_sel.startof
                0x0100a290        0x0
                0x0100a290                        __ddsc_OPTION_SETTING_BANKSEL_SEL_START = .

__option_setting_banksel_sel_reg$$
                0x0100a290        0x0
                0x0100a290                        __option_setting_banksel_sel_reg$$Base = .
 *(.option_setting_banksel_sel)
                0x0100a290                        __option_setting_banksel_sel_reg$$Limit = .

.option_setting_banksel_sel.endof
                0x0100a290        0x0
                0x0100a290                        __ddsc_OPTION_SETTING_BANKSEL_SEL_END = .

.option_setting_bps_sel.startof
                0x0100a2c0        0x0
                0x0100a2c0                        __ddsc_OPTION_SETTING_BPS_SEL_START = .

__option_setting_bps_sel_reg$$
                0x0100a2c0        0x0
                0x0100a2c0                        __option_setting_bps_sel_reg$$Base = .
 *(.option_setting_bps_sel)
                0x0100a2c0                        __option_setting_bps_sel_reg$$Limit = .

.option_setting_bps_sel.endof
                0x0100a2c0        0x0
                0x0100a2c0                        __ddsc_OPTION_SETTING_BPS_SEL_END = .
OUTPUT(freertos_learn.elf elf32-littlearm)
LOAD linker stubs

.ARM.attributes
                0x00000000       0x36
 .ARM.attributes
                0x00000000       0x26 C:/PROGRA~2/ARMGNU~1/13C7F1~1.2RE/bin/../lib/gcc/arm-none-eabi/13.2.1/thumb/v8-m.main+fp/hard/crti.o
 .ARM.attributes
                0x00000026       0x38 C:/PROGRA~2/ARMGNU~1/13C7F1~1.2RE/bin/../lib/gcc/arm-none-eabi/13.2.1/thumb/v8-m.main+fp/hard/crtbegin.o
 .ARM.attributes
                0x0000005e       0x3a CMakeFiles/freertos_learn.elf.dir/ra/aws/FreeRTOS/FreeRTOS/Source/list.c.obj
 .ARM.attributes
                0x00000098       0x3a CMakeFiles/freertos_learn.elf.dir/ra/aws/FreeRTOS/FreeRTOS/Source/portable/MemMang/heap_4.c.obj
 .ARM.attributes
                0x000000d2       0x3a CMakeFiles/freertos_learn.elf.dir/ra/aws/FreeRTOS/FreeRTOS/Source/queue.c.obj
 .ARM.attributes
                0x0000010c       0x3a CMakeFiles/freertos_learn.elf.dir/ra/aws/FreeRTOS/FreeRTOS/Source/tasks.c.obj
 .ARM.attributes
                0x00000146       0x3a CMakeFiles/freertos_learn.elf.dir/ra/aws/FreeRTOS/FreeRTOS/Source/timers.c.obj
 .ARM.attributes
                0x00000180       0x3a CMakeFiles/freertos_learn.elf.dir/ra/fsp/src/bsp/cmsis/Device/RENESAS/Source/startup.c.obj
 .ARM.attributes
                0x000001ba       0x3a CMakeFiles/freertos_learn.elf.dir/ra/fsp/src/bsp/cmsis/Device/RENESAS/Source/system.c.obj
 .ARM.attributes
                0x000001f4       0x3a CMakeFiles/freertos_learn.elf.dir/ra/fsp/src/bsp/mcu/all/bsp_clocks.c.obj
 .ARM.attributes
                0x0000022e       0x3a CMakeFiles/freertos_learn.elf.dir/ra/fsp/src/bsp/mcu/all/bsp_common.c.obj
 .ARM.attributes
                0x00000268       0x3a CMakeFiles/freertos_learn.elf.dir/ra/fsp/src/bsp/mcu/all/bsp_delay.c.obj
 .ARM.attributes
                0x000002a2       0x3a CMakeFiles/freertos_learn.elf.dir/ra/fsp/src/bsp/mcu/all/bsp_group_irq.c.obj
 .ARM.attributes
                0x000002dc       0x3a CMakeFiles/freertos_learn.elf.dir/ra/fsp/src/bsp/mcu/all/bsp_io.c.obj
 .ARM.attributes
                0x00000316       0x3a CMakeFiles/freertos_learn.elf.dir/ra/fsp/src/bsp/mcu/all/bsp_irq.c.obj
 .ARM.attributes
                0x00000350       0x3a CMakeFiles/freertos_learn.elf.dir/ra/fsp/src/bsp/mcu/all/bsp_register_protection.c.obj
 .ARM.attributes
                0x0000038a       0x3a CMakeFiles/freertos_learn.elf.dir/ra/fsp/src/bsp/mcu/ra6m5/bsp_linker.c.obj
 .ARM.attributes
                0x000003c4       0x3a CMakeFiles/freertos_learn.elf.dir/ra/fsp/src/r_canfd/r_canfd.c.obj
 .ARM.attributes
                0x000003fe       0x3a CMakeFiles/freertos_learn.elf.dir/ra/fsp/src/r_ioport/r_ioport.c.obj
 .ARM.attributes
                0x00000438       0x3a CMakeFiles/freertos_learn.elf.dir/ra/fsp/src/rm_freertos_port/port.c.obj
 .ARM.attributes
                0x00000472       0x3a CMakeFiles/freertos_learn.elf.dir/ra_gen/Motor_thread.c.obj
 .ARM.attributes
                0x000004ac       0x3a CMakeFiles/freertos_learn.elf.dir/ra_gen/common_data.c.obj
 .ARM.attributes
                0x000004e6       0x3a CMakeFiles/freertos_learn.elf.dir/ra_gen/hal_data.c.obj
 .ARM.attributes
                0x00000520       0x3a CMakeFiles/freertos_learn.elf.dir/ra_gen/main.c.obj
 .ARM.attributes
                0x0000055a       0x3a CMakeFiles/freertos_learn.elf.dir/ra_gen/pin_data.c.obj
 .ARM.attributes
                0x00000594       0x3a CMakeFiles/freertos_learn.elf.dir/ra_gen/vector_data.c.obj
 .ARM.attributes
                0x000005ce       0x3a CMakeFiles/freertos_learn.elf.dir/src/Motor_thread_entry.c.obj
 .ARM.attributes
                0x00000608       0x3a CMakeFiles/freertos_learn.elf.dir/src/hal_warmstart.c.obj
 .ARM.attributes
                0x00000642       0x38 C:/PROGRA~2/ARMGNU~1/13C7F1~1.2RE/bin/../lib/gcc/arm-none-eabi/13.2.1/thumb/v8-m.main+fp/hard\libg_nano.a(libc_a-memset.o)
 .ARM.attributes
                0x0000067a       0x38 C:/PROGRA~2/ARMGNU~1/13C7F1~1.2RE/bin/../lib/gcc/arm-none-eabi/13.2.1/thumb/v8-m.main+fp/hard\libg_nano.a(libc_a-memcpy-stub.o)
 .ARM.attributes
                0x000006b2       0x38 C:/PROGRA~2/ARMGNU~1/13C7F1~1.2RE/bin/../lib/gcc/arm-none-eabi/13.2.1/thumb/v8-m.main+fp/hard/crtend.o

.comment        0x00000000       0x44
 .comment       0x00000000       0x44 CMakeFiles/freertos_learn.elf.dir/ra/aws/FreeRTOS/FreeRTOS/Source/list.c.obj
                                 0x45 (size before relaxing)
 .comment       0x00000044       0x45 CMakeFiles/freertos_learn.elf.dir/ra/aws/FreeRTOS/FreeRTOS/Source/portable/MemMang/heap_4.c.obj
 .comment       0x00000044       0x45 CMakeFiles/freertos_learn.elf.dir/ra/aws/FreeRTOS/FreeRTOS/Source/queue.c.obj
 .comment       0x00000044       0x45 CMakeFiles/freertos_learn.elf.dir/ra/aws/FreeRTOS/FreeRTOS/Source/tasks.c.obj
 .comment       0x00000044       0x45 CMakeFiles/freertos_learn.elf.dir/ra/aws/FreeRTOS/FreeRTOS/Source/timers.c.obj
 .comment       0x00000044       0x45 CMakeFiles/freertos_learn.elf.dir/ra/fsp/src/bsp/cmsis/Device/RENESAS/Source/startup.c.obj
 .comment       0x00000044       0x45 CMakeFiles/freertos_learn.elf.dir/ra/fsp/src/bsp/cmsis/Device/RENESAS/Source/system.c.obj
 .comment       0x00000044       0x45 CMakeFiles/freertos_learn.elf.dir/ra/fsp/src/bsp/mcu/all/bsp_clocks.c.obj
 .comment       0x00000044       0x45 CMakeFiles/freertos_learn.elf.dir/ra/fsp/src/bsp/mcu/all/bsp_common.c.obj
 .comment       0x00000044       0x45 CMakeFiles/freertos_learn.elf.dir/ra/fsp/src/bsp/mcu/all/bsp_delay.c.obj
 .comment       0x00000044       0x45 CMakeFiles/freertos_learn.elf.dir/ra/fsp/src/bsp/mcu/all/bsp_group_irq.c.obj
 .comment       0x00000044       0x45 CMakeFiles/freertos_learn.elf.dir/ra/fsp/src/bsp/mcu/all/bsp_io.c.obj
 .comment       0x00000044       0x45 CMakeFiles/freertos_learn.elf.dir/ra/fsp/src/bsp/mcu/all/bsp_irq.c.obj
 .comment       0x00000044       0x45 CMakeFiles/freertos_learn.elf.dir/ra/fsp/src/bsp/mcu/all/bsp_register_protection.c.obj
 .comment       0x00000044       0x45 CMakeFiles/freertos_learn.elf.dir/ra/fsp/src/bsp/mcu/ra6m5/bsp_linker.c.obj
 .comment       0x00000044       0x45 CMakeFiles/freertos_learn.elf.dir/ra/fsp/src/r_canfd/r_canfd.c.obj
 .comment       0x00000044       0x45 CMakeFiles/freertos_learn.elf.dir/ra/fsp/src/r_ioport/r_ioport.c.obj
 .comment       0x00000044       0x45 CMakeFiles/freertos_learn.elf.dir/ra/fsp/src/rm_freertos_port/port.c.obj
 .comment       0x00000044       0x45 CMakeFiles/freertos_learn.elf.dir/ra_gen/Motor_thread.c.obj
 .comment       0x00000044       0x45 CMakeFiles/freertos_learn.elf.dir/ra_gen/common_data.c.obj
 .comment       0x00000044       0x45 CMakeFiles/freertos_learn.elf.dir/ra_gen/hal_data.c.obj
 .comment       0x00000044       0x45 CMakeFiles/freertos_learn.elf.dir/ra_gen/main.c.obj
 .comment       0x00000044       0x45 CMakeFiles/freertos_learn.elf.dir/ra_gen/pin_data.c.obj
 .comment       0x00000044       0x45 CMakeFiles/freertos_learn.elf.dir/ra_gen/vector_data.c.obj
 .comment       0x00000044       0x45 CMakeFiles/freertos_learn.elf.dir/src/Motor_thread_entry.c.obj
 .comment       0x00000044       0x45 CMakeFiles/freertos_learn.elf.dir/src/hal_warmstart.c.obj

.debug_info     0x00000000    0x33b5f
 .debug_info    0x00000000      0x2bc CMakeFiles/freertos_learn.elf.dir/ra/aws/FreeRTOS/FreeRTOS/Source/list.c.obj
 .debug_info    0x000002bc      0x874 CMakeFiles/freertos_learn.elf.dir/ra/aws/FreeRTOS/FreeRTOS/Source/portable/MemMang/heap_4.c.obj
 .debug_info    0x00000b30     0x33dd CMakeFiles/freertos_learn.elf.dir/ra/aws/FreeRTOS/FreeRTOS/Source/queue.c.obj
 .debug_info    0x00003f0d     0x4d47 CMakeFiles/freertos_learn.elf.dir/ra/aws/FreeRTOS/FreeRTOS/Source/tasks.c.obj
 .debug_info    0x00008c54     0x24bd CMakeFiles/freertos_learn.elf.dir/ra/aws/FreeRTOS/FreeRTOS/Source/timers.c.obj
 .debug_info    0x0000b111      0x187 CMakeFiles/freertos_learn.elf.dir/ra/fsp/src/bsp/cmsis/Device/RENESAS/Source/startup.c.obj
 .debug_info    0x0000b298     0x120f CMakeFiles/freertos_learn.elf.dir/ra/fsp/src/bsp/cmsis/Device/RENESAS/Source/system.c.obj
 .debug_info    0x0000c4a7     0x6589 CMakeFiles/freertos_learn.elf.dir/ra/fsp/src/bsp/mcu/all/bsp_clocks.c.obj
 .debug_info    0x00012a30      0x966 CMakeFiles/freertos_learn.elf.dir/ra/fsp/src/bsp/mcu/all/bsp_common.c.obj
 .debug_info    0x00013396      0x204 CMakeFiles/freertos_learn.elf.dir/ra/fsp/src/bsp/mcu/all/bsp_delay.c.obj
 .debug_info    0x0001359a     0x135a CMakeFiles/freertos_learn.elf.dir/ra/fsp/src/bsp/mcu/all/bsp_group_irq.c.obj
 .debug_info    0x000148f4       0xb2 CMakeFiles/freertos_learn.elf.dir/ra/fsp/src/bsp/mcu/all/bsp_io.c.obj
 .debug_info    0x000149a6     0x2019 CMakeFiles/freertos_learn.elf.dir/ra/fsp/src/bsp/mcu/all/bsp_irq.c.obj
 .debug_info    0x000169bf     0x3912 CMakeFiles/freertos_learn.elf.dir/ra/fsp/src/bsp/mcu/all/bsp_register_protection.c.obj
 .debug_info    0x0001a2d1      0x4e6 CMakeFiles/freertos_learn.elf.dir/ra/fsp/src/bsp/mcu/ra6m5/bsp_linker.c.obj
 .debug_info    0x0001a7b7     0x83c5 CMakeFiles/freertos_learn.elf.dir/ra/fsp/src/r_canfd/r_canfd.c.obj
 .debug_info    0x00022b7c     0x7704 CMakeFiles/freertos_learn.elf.dir/ra/fsp/src/r_ioport/r_ioport.c.obj
 .debug_info    0x0002a280      0xe61 CMakeFiles/freertos_learn.elf.dir/ra/fsp/src/rm_freertos_port/port.c.obj
 .debug_info    0x0002b0e1     0x4d3a CMakeFiles/freertos_learn.elf.dir/ra_gen/Motor_thread.c.obj
 .debug_info    0x0002fe1b     0x1253 CMakeFiles/freertos_learn.elf.dir/ra_gen/common_data.c.obj
 .debug_info    0x0003106e       0xa6 CMakeFiles/freertos_learn.elf.dir/ra_gen/hal_data.c.obj
 .debug_info    0x00031114      0x67b CMakeFiles/freertos_learn.elf.dir/ra_gen/main.c.obj
 .debug_info    0x0003178f      0xa31 CMakeFiles/freertos_learn.elf.dir/ra_gen/pin_data.c.obj
 .debug_info    0x000321c0      0x8ba CMakeFiles/freertos_learn.elf.dir/ra_gen/vector_data.c.obj
 .debug_info    0x00032a7a       0xf6 CMakeFiles/freertos_learn.elf.dir/src/Motor_thread_entry.c.obj
 .debug_info    0x00032b70      0xfef CMakeFiles/freertos_learn.elf.dir/src/hal_warmstart.c.obj

.debug_abbrev   0x00000000     0x3ff5
 .debug_abbrev  0x00000000      0x114 CMakeFiles/freertos_learn.elf.dir/ra/aws/FreeRTOS/FreeRTOS/Source/list.c.obj
 .debug_abbrev  0x00000114      0x311 CMakeFiles/freertos_learn.elf.dir/ra/aws/FreeRTOS/FreeRTOS/Source/portable/MemMang/heap_4.c.obj
 .debug_abbrev  0x00000425      0x4df CMakeFiles/freertos_learn.elf.dir/ra/aws/FreeRTOS/FreeRTOS/Source/queue.c.obj
 .debug_abbrev  0x00000904      0x56a CMakeFiles/freertos_learn.elf.dir/ra/aws/FreeRTOS/FreeRTOS/Source/tasks.c.obj
 .debug_abbrev  0x00000e6e      0x4c8 CMakeFiles/freertos_learn.elf.dir/ra/aws/FreeRTOS/FreeRTOS/Source/timers.c.obj
 .debug_abbrev  0x00001336      0x102 CMakeFiles/freertos_learn.elf.dir/ra/fsp/src/bsp/cmsis/Device/RENESAS/Source/startup.c.obj
 .debug_abbrev  0x00001438      0x378 CMakeFiles/freertos_learn.elf.dir/ra/fsp/src/bsp/cmsis/Device/RENESAS/Source/system.c.obj
 .debug_abbrev  0x000017b0      0x433 CMakeFiles/freertos_learn.elf.dir/ra/fsp/src/bsp/mcu/all/bsp_clocks.c.obj
 .debug_abbrev  0x00001be3      0x188 CMakeFiles/freertos_learn.elf.dir/ra/fsp/src/bsp/mcu/all/bsp_common.c.obj
 .debug_abbrev  0x00001d6b      0x10d CMakeFiles/freertos_learn.elf.dir/ra/fsp/src/bsp/mcu/all/bsp_delay.c.obj
 .debug_abbrev  0x00001e78      0x256 CMakeFiles/freertos_learn.elf.dir/ra/fsp/src/bsp/mcu/all/bsp_group_irq.c.obj
 .debug_abbrev  0x000020ce       0x5e CMakeFiles/freertos_learn.elf.dir/ra/fsp/src/bsp/mcu/all/bsp_io.c.obj
 .debug_abbrev  0x0000212c      0x287 CMakeFiles/freertos_learn.elf.dir/ra/fsp/src/bsp/mcu/all/bsp_irq.c.obj
 .debug_abbrev  0x000023b3      0x27d CMakeFiles/freertos_learn.elf.dir/ra/fsp/src/bsp/mcu/all/bsp_register_protection.c.obj
 .debug_abbrev  0x00002630       0xe3 CMakeFiles/freertos_learn.elf.dir/ra/fsp/src/bsp/mcu/ra6m5/bsp_linker.c.obj
 .debug_abbrev  0x00002713      0x604 CMakeFiles/freertos_learn.elf.dir/ra/fsp/src/r_canfd/r_canfd.c.obj
 .debug_abbrev  0x00002d17      0x49c CMakeFiles/freertos_learn.elf.dir/ra/fsp/src/r_ioport/r_ioport.c.obj
 .debug_abbrev  0x000031b3      0x3d3 CMakeFiles/freertos_learn.elf.dir/ra/fsp/src/rm_freertos_port/port.c.obj
 .debug_abbrev  0x00003586      0x32e CMakeFiles/freertos_learn.elf.dir/ra_gen/Motor_thread.c.obj
 .debug_abbrev  0x000038b4      0x13a CMakeFiles/freertos_learn.elf.dir/ra_gen/common_data.c.obj
 .debug_abbrev  0x000039ee       0x62 CMakeFiles/freertos_learn.elf.dir/ra_gen/hal_data.c.obj
 .debug_abbrev  0x00003a50      0x1ee CMakeFiles/freertos_learn.elf.dir/ra_gen/main.c.obj
 .debug_abbrev  0x00003c3e       0xff CMakeFiles/freertos_learn.elf.dir/ra_gen/pin_data.c.obj
 .debug_abbrev  0x00003d3d       0xbe CMakeFiles/freertos_learn.elf.dir/ra_gen/vector_data.c.obj
 .debug_abbrev  0x00003dfb       0xa2 CMakeFiles/freertos_learn.elf.dir/src/Motor_thread_entry.c.obj
 .debug_abbrev  0x00003e9d      0x158 CMakeFiles/freertos_learn.elf.dir/src/hal_warmstart.c.obj

.debug_loclists
                0x00000000     0x8686
 .debug_loclists
                0x00000000       0x6a CMakeFiles/freertos_learn.elf.dir/ra/aws/FreeRTOS/FreeRTOS/Source/list.c.obj
 .debug_loclists
                0x0000006a      0x4a8 CMakeFiles/freertos_learn.elf.dir/ra/aws/FreeRTOS/FreeRTOS/Source/portable/MemMang/heap_4.c.obj
 .debug_loclists
                0x00000512     0x1d20 CMakeFiles/freertos_learn.elf.dir/ra/aws/FreeRTOS/FreeRTOS/Source/queue.c.obj
 .debug_loclists
                0x00002232     0x2b8b CMakeFiles/freertos_learn.elf.dir/ra/aws/FreeRTOS/FreeRTOS/Source/tasks.c.obj
 .debug_loclists
                0x00004dbd     0x115b CMakeFiles/freertos_learn.elf.dir/ra/aws/FreeRTOS/FreeRTOS/Source/timers.c.obj
 .debug_loclists
                0x00005f18       0x9d CMakeFiles/freertos_learn.elf.dir/ra/fsp/src/bsp/cmsis/Device/RENESAS/Source/system.c.obj
 .debug_loclists
                0x00005fb5      0x48f CMakeFiles/freertos_learn.elf.dir/ra/fsp/src/bsp/mcu/all/bsp_clocks.c.obj
 .debug_loclists
                0x00006444       0x20 CMakeFiles/freertos_learn.elf.dir/ra/fsp/src/bsp/mcu/all/bsp_common.c.obj
 .debug_loclists
                0x00006464      0x199 CMakeFiles/freertos_learn.elf.dir/ra/fsp/src/bsp/mcu/all/bsp_delay.c.obj
 .debug_loclists
                0x000065fd       0x73 CMakeFiles/freertos_learn.elf.dir/ra/fsp/src/bsp/mcu/all/bsp_group_irq.c.obj
 .debug_loclists
                0x00006670       0x99 CMakeFiles/freertos_learn.elf.dir/ra/fsp/src/bsp/mcu/all/bsp_irq.c.obj
 .debug_loclists
                0x00006709       0xa7 CMakeFiles/freertos_learn.elf.dir/ra/fsp/src/bsp/mcu/all/bsp_register_protection.c.obj
 .debug_loclists
                0x000067b0     0x1401 CMakeFiles/freertos_learn.elf.dir/ra/fsp/src/r_canfd/r_canfd.c.obj
 .debug_loclists
                0x00007bb1      0x7a2 CMakeFiles/freertos_learn.elf.dir/ra/fsp/src/r_ioport/r_ioport.c.obj
 .debug_loclists
                0x00008353      0x27f CMakeFiles/freertos_learn.elf.dir/ra/fsp/src/rm_freertos_port/port.c.obj
 .debug_loclists
                0x000085d2       0x42 CMakeFiles/freertos_learn.elf.dir/ra_gen/Motor_thread.c.obj
 .debug_loclists
                0x00008614       0x20 CMakeFiles/freertos_learn.elf.dir/ra_gen/main.c.obj
 .debug_loclists
                0x00008634       0x29 CMakeFiles/freertos_learn.elf.dir/src/Motor_thread_entry.c.obj
 .debug_loclists
                0x0000865d       0x29 CMakeFiles/freertos_learn.elf.dir/src/hal_warmstart.c.obj

.debug_aranges  0x00000000      0x8e8
 .debug_aranges
                0x00000000       0x40 CMakeFiles/freertos_learn.elf.dir/ra/aws/FreeRTOS/FreeRTOS/Source/list.c.obj
 .debug_aranges
                0x00000040       0x58 CMakeFiles/freertos_learn.elf.dir/ra/aws/FreeRTOS/FreeRTOS/Source/portable/MemMang/heap_4.c.obj
 .debug_aranges
                0x00000098      0x118 CMakeFiles/freertos_learn.elf.dir/ra/aws/FreeRTOS/FreeRTOS/Source/queue.c.obj
 .debug_aranges
                0x000001b0      0x1f0 CMakeFiles/freertos_learn.elf.dir/ra/aws/FreeRTOS/FreeRTOS/Source/tasks.c.obj
 .debug_aranges
                0x000003a0       0xd8 CMakeFiles/freertos_learn.elf.dir/ra/aws/FreeRTOS/FreeRTOS/Source/timers.c.obj
 .debug_aranges
                0x00000478       0x28 CMakeFiles/freertos_learn.elf.dir/ra/fsp/src/bsp/cmsis/Device/RENESAS/Source/startup.c.obj
 .debug_aranges
                0x000004a0       0x30 CMakeFiles/freertos_learn.elf.dir/ra/fsp/src/bsp/cmsis/Device/RENESAS/Source/system.c.obj
 .debug_aranges
                0x000004d0       0x70 CMakeFiles/freertos_learn.elf.dir/ra/fsp/src/bsp/mcu/all/bsp_clocks.c.obj
 .debug_aranges
                0x00000540       0x30 CMakeFiles/freertos_learn.elf.dir/ra/fsp/src/bsp/mcu/all/bsp_common.c.obj
 .debug_aranges
                0x00000570       0x28 CMakeFiles/freertos_learn.elf.dir/ra/fsp/src/bsp/mcu/all/bsp_delay.c.obj
 .debug_aranges
                0x00000598       0x28 CMakeFiles/freertos_learn.elf.dir/ra/fsp/src/bsp/mcu/all/bsp_group_irq.c.obj
 .debug_aranges
                0x000005c0       0x18 CMakeFiles/freertos_learn.elf.dir/ra/fsp/src/bsp/mcu/all/bsp_io.c.obj
 .debug_aranges
                0x000005d8       0x20 CMakeFiles/freertos_learn.elf.dir/ra/fsp/src/bsp/mcu/all/bsp_irq.c.obj
 .debug_aranges
                0x000005f8       0x28 CMakeFiles/freertos_learn.elf.dir/ra/fsp/src/bsp/mcu/all/bsp_register_protection.c.obj
 .debug_aranges
                0x00000620       0x18 CMakeFiles/freertos_learn.elf.dir/ra/fsp/src/bsp/mcu/ra6m5/bsp_linker.c.obj
 .debug_aranges
                0x00000638       0x88 CMakeFiles/freertos_learn.elf.dir/ra/fsp/src/r_canfd/r_canfd.c.obj
 .debug_aranges
                0x000006c0       0x90 CMakeFiles/freertos_learn.elf.dir/ra/fsp/src/r_ioport/r_ioport.c.obj
 .debug_aranges
                0x00000750       0x80 CMakeFiles/freertos_learn.elf.dir/ra/fsp/src/rm_freertos_port/port.c.obj
 .debug_aranges
                0x000007d0       0x28 CMakeFiles/freertos_learn.elf.dir/ra_gen/Motor_thread.c.obj
 .debug_aranges
                0x000007f8       0x20 CMakeFiles/freertos_learn.elf.dir/ra_gen/common_data.c.obj
 .debug_aranges
                0x00000818       0x20 CMakeFiles/freertos_learn.elf.dir/ra_gen/hal_data.c.obj
 .debug_aranges
                0x00000838       0x40 CMakeFiles/freertos_learn.elf.dir/ra_gen/main.c.obj
 .debug_aranges
                0x00000878       0x18 CMakeFiles/freertos_learn.elf.dir/ra_gen/pin_data.c.obj
 .debug_aranges
                0x00000890       0x18 CMakeFiles/freertos_learn.elf.dir/ra_gen/vector_data.c.obj
 .debug_aranges
                0x000008a8       0x20 CMakeFiles/freertos_learn.elf.dir/src/Motor_thread_entry.c.obj
 .debug_aranges
                0x000008c8       0x20 CMakeFiles/freertos_learn.elf.dir/src/hal_warmstart.c.obj

.debug_rnglists
                0x00000000     0x11c0
 .debug_rnglists
                0x00000000       0x2b CMakeFiles/freertos_learn.elf.dir/ra/aws/FreeRTOS/FreeRTOS/Source/list.c.obj
 .debug_rnglists
                0x0000002b       0x53 CMakeFiles/freertos_learn.elf.dir/ra/aws/FreeRTOS/FreeRTOS/Source/portable/MemMang/heap_4.c.obj
 .debug_rnglists
                0x0000007e      0x2c2 CMakeFiles/freertos_learn.elf.dir/ra/aws/FreeRTOS/FreeRTOS/Source/queue.c.obj
 .debug_rnglists
                0x00000340      0x543 CMakeFiles/freertos_learn.elf.dir/ra/aws/FreeRTOS/FreeRTOS/Source/tasks.c.obj
 .debug_rnglists
                0x00000883      0x1b9 CMakeFiles/freertos_learn.elf.dir/ra/aws/FreeRTOS/FreeRTOS/Source/timers.c.obj
 .debug_rnglists
                0x00000a3c       0x19 CMakeFiles/freertos_learn.elf.dir/ra/fsp/src/bsp/cmsis/Device/RENESAS/Source/startup.c.obj
 .debug_rnglists
                0x00000a55       0x3b CMakeFiles/freertos_learn.elf.dir/ra/fsp/src/bsp/cmsis/Device/RENESAS/Source/system.c.obj
 .debug_rnglists
                0x00000a90      0x118 CMakeFiles/freertos_learn.elf.dir/ra/fsp/src/bsp/mcu/all/bsp_clocks.c.obj
 .debug_rnglists
                0x00000ba8       0x1f CMakeFiles/freertos_learn.elf.dir/ra/fsp/src/bsp/mcu/all/bsp_common.c.obj
 .debug_rnglists
                0x00000bc7       0x35 CMakeFiles/freertos_learn.elf.dir/ra/fsp/src/bsp/mcu/all/bsp_delay.c.obj
 .debug_rnglists
                0x00000bfc       0x37 CMakeFiles/freertos_learn.elf.dir/ra/fsp/src/bsp/mcu/all/bsp_group_irq.c.obj
 .debug_rnglists
                0x00000c33       0x41 CMakeFiles/freertos_learn.elf.dir/ra/fsp/src/bsp/mcu/all/bsp_irq.c.obj
 .debug_rnglists
                0x00000c74       0x31 CMakeFiles/freertos_learn.elf.dir/ra/fsp/src/bsp/mcu/all/bsp_register_protection.c.obj
 .debug_rnglists
                0x00000ca5      0x2f6 CMakeFiles/freertos_learn.elf.dir/ra/fsp/src/r_canfd/r_canfd.c.obj
 .debug_rnglists
                0x00000f9b       0xd1 CMakeFiles/freertos_learn.elf.dir/ra/fsp/src/r_ioport/r_ioport.c.obj
 .debug_rnglists
                0x0000106c       0xc4 CMakeFiles/freertos_learn.elf.dir/ra/fsp/src/rm_freertos_port/port.c.obj
 .debug_rnglists
                0x00001130       0x19 CMakeFiles/freertos_learn.elf.dir/ra_gen/Motor_thread.c.obj
 .debug_rnglists
                0x00001149       0x13 CMakeFiles/freertos_learn.elf.dir/ra_gen/common_data.c.obj
 .debug_rnglists
                0x0000115c       0x13 CMakeFiles/freertos_learn.elf.dir/ra_gen/hal_data.c.obj
 .debug_rnglists
                0x0000116f       0x2b CMakeFiles/freertos_learn.elf.dir/ra_gen/main.c.obj
 .debug_rnglists
                0x0000119a       0x13 CMakeFiles/freertos_learn.elf.dir/src/Motor_thread_entry.c.obj
 .debug_rnglists
                0x000011ad       0x13 CMakeFiles/freertos_learn.elf.dir/src/hal_warmstart.c.obj

.debug_line     0x00000000     0xdbbc
 .debug_line    0x00000000      0x3b6 CMakeFiles/freertos_learn.elf.dir/ra/aws/FreeRTOS/FreeRTOS/Source/list.c.obj
 .debug_line    0x000003b6      0x8a6 CMakeFiles/freertos_learn.elf.dir/ra/aws/FreeRTOS/FreeRTOS/Source/portable/MemMang/heap_4.c.obj
 .debug_line    0x00000c5c     0x1fc6 CMakeFiles/freertos_learn.elf.dir/ra/aws/FreeRTOS/FreeRTOS/Source/queue.c.obj
 .debug_line    0x00002c22     0x391c CMakeFiles/freertos_learn.elf.dir/ra/aws/FreeRTOS/FreeRTOS/Source/tasks.c.obj
 .debug_line    0x0000653e      0xf1d CMakeFiles/freertos_learn.elf.dir/ra/aws/FreeRTOS/FreeRTOS/Source/timers.c.obj
 .debug_line    0x0000745b      0x1c4 CMakeFiles/freertos_learn.elf.dir/ra/fsp/src/bsp/cmsis/Device/RENESAS/Source/startup.c.obj
 .debug_line    0x0000761f      0x655 CMakeFiles/freertos_learn.elf.dir/ra/fsp/src/bsp/cmsis/Device/RENESAS/Source/system.c.obj
 .debug_line    0x00007c74      0xc7b CMakeFiles/freertos_learn.elf.dir/ra/fsp/src/bsp/mcu/all/bsp_clocks.c.obj
 .debug_line    0x000088ef      0x252 CMakeFiles/freertos_learn.elf.dir/ra/fsp/src/bsp/mcu/all/bsp_common.c.obj
 .debug_line    0x00008b41      0x271 CMakeFiles/freertos_learn.elf.dir/ra/fsp/src/bsp/mcu/all/bsp_delay.c.obj
 .debug_line    0x00008db2      0x29b CMakeFiles/freertos_learn.elf.dir/ra/fsp/src/bsp/mcu/all/bsp_group_irq.c.obj
 .debug_line    0x0000904d      0x115 CMakeFiles/freertos_learn.elf.dir/ra/fsp/src/bsp/mcu/all/bsp_io.c.obj
 .debug_line    0x00009162      0x465 CMakeFiles/freertos_learn.elf.dir/ra/fsp/src/bsp/mcu/all/bsp_irq.c.obj
 .debug_line    0x000095c7      0x353 CMakeFiles/freertos_learn.elf.dir/ra/fsp/src/bsp/mcu/all/bsp_register_protection.c.obj
 .debug_line    0x0000991a      0x150 CMakeFiles/freertos_learn.elf.dir/ra/fsp/src/bsp/mcu/ra6m5/bsp_linker.c.obj
 .debug_line    0x00009a6a     0x1c2f CMakeFiles/freertos_learn.elf.dir/ra/fsp/src/r_canfd/r_canfd.c.obj
 .debug_line    0x0000b699      0xb51 CMakeFiles/freertos_learn.elf.dir/ra/fsp/src/r_ioport/r_ioport.c.obj
 .debug_line    0x0000c1ea      0x844 CMakeFiles/freertos_learn.elf.dir/ra/fsp/src/rm_freertos_port/port.c.obj
 .debug_line    0x0000ca2e      0x3be CMakeFiles/freertos_learn.elf.dir/ra_gen/Motor_thread.c.obj
 .debug_line    0x0000cdec      0x272 CMakeFiles/freertos_learn.elf.dir/ra_gen/common_data.c.obj
 .debug_line    0x0000d05e       0x81 CMakeFiles/freertos_learn.elf.dir/ra_gen/hal_data.c.obj
 .debug_line    0x0000d0df      0x336 CMakeFiles/freertos_learn.elf.dir/ra_gen/main.c.obj
 .debug_line    0x0000d415      0x1e6 CMakeFiles/freertos_learn.elf.dir/ra_gen/pin_data.c.obj
 .debug_line    0x0000d5fb      0x11f CMakeFiles/freertos_learn.elf.dir/ra_gen/vector_data.c.obj
 .debug_line    0x0000d71a      0x1d7 CMakeFiles/freertos_learn.elf.dir/src/Motor_thread_entry.c.obj
 .debug_line    0x0000d8f1      0x2cb CMakeFiles/freertos_learn.elf.dir/src/hal_warmstart.c.obj

.debug_str      0x00000000     0xf5a3
 .debug_str     0x00000000     0xf5a3 CMakeFiles/freertos_learn.elf.dir/ra/aws/FreeRTOS/FreeRTOS/Source/list.c.obj
                                0x352 (size before relaxing)