Archive member included to satisfy reference by file (symbol)

C:/PROGRA~2/ARMGNU~1/13C7F1~1.2RE/bin/../lib/gcc/arm-none-eabi/13.2.1/thumb/v8-m.main+fp/hard\libgcc.a(_aeabi_ldivmod.o)
                              CMakeFiles/renesascup_smartmedicine.elf.dir/ra/fsp/src/r_sci_uart/r_sci_uart.c.obj (__aeabi_ldivmod)
C:/PROGRA~2/ARMGNU~1/13C7F1~1.2RE/bin/../lib/gcc/arm-none-eabi/13.2.1/thumb/v8-m.main+fp/hard\libgcc.a(_udivmoddi4.o)
                              C:/PROGRA~2/ARMGNU~1/13C7F1~1.2RE/bin/../lib/gcc/arm-none-eabi/13.2.1/thumb/v8-m.main+fp/hard\libgcc.a(_aeabi_ldivmod.o) (__udivmoddi4)
C:/PROGRA~2/ARMGNU~1/13C7F1~1.2RE/bin/../lib/gcc/arm-none-eabi/13.2.1/thumb/v8-m.main+fp/hard\libgcc.a(_dvmd_tls.o)
                              C:/PROGRA~2/ARMGNU~1/13C7F1~1.2RE/bin/../lib/gcc/arm-none-eabi/13.2.1/thumb/v8-m.main+fp/hard\libgcc.a(_aeabi_ldivmod.o) (__aeabi_ldiv0)
C:/PROGRA~2/ARMGNU~1/13C7F1~1.2RE/bin/../lib/gcc/arm-none-eabi/13.2.1/thumb/v8-m.main+fp/hard\libg_nano.a(libc_a-exit.o)
                              C:/PROGRA~2/ARMGNU~1/13C7F1~1.2RE/bin/../lib/gcc/arm-none-eabi/13.2.1/thumb/v8-m.main+fp/hard/crt0.o (exit)
C:/PROGRA~2/ARMGNU~1/13C7F1~1.2RE/bin/../lib/gcc/arm-none-eabi/13.2.1/thumb/v8-m.main+fp/hard\libg_nano.a(libc_a-findfp.o)
                              C:/PROGRA~2/ARMGNU~1/13C7F1~1.2RE/bin/../lib/gcc/arm-none-eabi/13.2.1/thumb/v8-m.main+fp/hard\libg_nano.a(libc_a-exit.o) (__stdio_exit_handler)
C:/PROGRA~2/ARMGNU~1/13C7F1~1.2RE/bin/../lib/gcc/arm-none-eabi/13.2.1/thumb/v8-m.main+fp/hard\libg_nano.a(libc_a-fwalk.o)
                              C:/PROGRA~2/ARMGNU~1/13C7F1~1.2RE/bin/../lib/gcc/arm-none-eabi/13.2.1/thumb/v8-m.main+fp/hard\libg_nano.a(libc_a-findfp.o) (_fwalk_sglue)
C:/PROGRA~2/ARMGNU~1/13C7F1~1.2RE/bin/../lib/gcc/arm-none-eabi/13.2.1/thumb/v8-m.main+fp/hard\libg_nano.a(libc_a-printf.o)
                              CMakeFiles/renesascup_smartmedicine.elf.dir/src/GUI_Thread_entry.c.obj (printf)
C:/PROGRA~2/ARMGNU~1/13C7F1~1.2RE/bin/../lib/gcc/arm-none-eabi/13.2.1/thumb/v8-m.main+fp/hard\libg_nano.a(libc_a-puts.o)
                              CMakeFiles/renesascup_smartmedicine.elf.dir/src/GUI_Thread_entry.c.obj (puts)
C:/PROGRA~2/ARMGNU~1/13C7F1~1.2RE/bin/../lib/gcc/arm-none-eabi/13.2.1/thumb/v8-m.main+fp/hard\libg_nano.a(libc_a-snprintf.o)
                              CMakeFiles/renesascup_smartmedicine.elf.dir/ra/aws/FreeRTOS/FreeRTOS/Source/tasks.c.obj (snprintf)
C:/PROGRA~2/ARMGNU~1/13C7F1~1.2RE/bin/../lib/gcc/arm-none-eabi/13.2.1/thumb/v8-m.main+fp/hard\libg_nano.a(libc_a-stdio.o)
                              C:/PROGRA~2/ARMGNU~1/13C7F1~1.2RE/bin/../lib/gcc/arm-none-eabi/13.2.1/thumb/v8-m.main+fp/hard\libg_nano.a(libc_a-findfp.o) (__sread)
C:/PROGRA~2/ARMGNU~1/13C7F1~1.2RE/bin/../lib/gcc/arm-none-eabi/13.2.1/thumb/v8-m.main+fp/hard\libg_nano.a(libc_a-wbuf.o)
                              C:/PROGRA~2/ARMGNU~1/13C7F1~1.2RE/bin/../lib/gcc/arm-none-eabi/13.2.1/thumb/v8-m.main+fp/hard\libg_nano.a(libc_a-puts.o) (__swbuf_r)
C:/PROGRA~2/ARMGNU~1/13C7F1~1.2RE/bin/../lib/gcc/arm-none-eabi/13.2.1/thumb/v8-m.main+fp/hard\libg_nano.a(libc_a-wsetup.o)
                              C:/PROGRA~2/ARMGNU~1/13C7F1~1.2RE/bin/../lib/gcc/arm-none-eabi/13.2.1/thumb/v8-m.main+fp/hard\libg_nano.a(libc_a-puts.o) (__swsetup_r)
C:/PROGRA~2/ARMGNU~1/13C7F1~1.2RE/bin/../lib/gcc/arm-none-eabi/13.2.1/thumb/v8-m.main+fp/hard\libg_nano.a(libc_a-memset.o)
                              C:/PROGRA~2/ARMGNU~1/13C7F1~1.2RE/bin/../lib/gcc/arm-none-eabi/13.2.1/thumb/v8-m.main+fp/hard/crt0.o (memset)
C:/PROGRA~2/ARMGNU~1/13C7F1~1.2RE/bin/../lib/gcc/arm-none-eabi/13.2.1/thumb/v8-m.main+fp/hard\libg_nano.a(libc_a-closer.o)
                              C:/PROGRA~2/ARMGNU~1/13C7F1~1.2RE/bin/../lib/gcc/arm-none-eabi/13.2.1/thumb/v8-m.main+fp/hard\libg_nano.a(libc_a-stdio.o) (_close_r)
C:/PROGRA~2/ARMGNU~1/13C7F1~1.2RE/bin/../lib/gcc/arm-none-eabi/13.2.1/thumb/v8-m.main+fp/hard\libg_nano.a(libc_a-reent.o)
                              C:/PROGRA~2/ARMGNU~1/13C7F1~1.2RE/bin/../lib/gcc/arm-none-eabi/13.2.1/thumb/v8-m.main+fp/hard\libg_nano.a(libc_a-closer.o) (errno)
C:/PROGRA~2/ARMGNU~1/13C7F1~1.2RE/bin/../lib/gcc/arm-none-eabi/13.2.1/thumb/v8-m.main+fp/hard\libg_nano.a(libc_a-impure.o)
                              C:/PROGRA~2/ARMGNU~1/13C7F1~1.2RE/bin/../lib/gcc/arm-none-eabi/13.2.1/thumb/v8-m.main+fp/hard\libg_nano.a(libc_a-printf.o) (_impure_ptr)
C:/PROGRA~2/ARMGNU~1/13C7F1~1.2RE/bin/../lib/gcc/arm-none-eabi/13.2.1/thumb/v8-m.main+fp/hard\libg_nano.a(libc_a-lseekr.o)
                              C:/PROGRA~2/ARMGNU~1/13C7F1~1.2RE/bin/../lib/gcc/arm-none-eabi/13.2.1/thumb/v8-m.main+fp/hard\libg_nano.a(libc_a-stdio.o) (_lseek_r)
C:/PROGRA~2/ARMGNU~1/13C7F1~1.2RE/bin/../lib/gcc/arm-none-eabi/13.2.1/thumb/v8-m.main+fp/hard\libg_nano.a(libc_a-readr.o)
                              C:/PROGRA~2/ARMGNU~1/13C7F1~1.2RE/bin/../lib/gcc/arm-none-eabi/13.2.1/thumb/v8-m.main+fp/hard\libg_nano.a(libc_a-stdio.o) (_read_r)
[...]
Memory Configuration

Name             Origin             Length             Attributes
RAM              0x20000000         0x00080000         xrw
FLASH            0x00000000         0x00100000         xr
DATA_FLASH       0x08000000         0x00002000         xr
QSPI_FLASH       0x60000000         0x04000000         xr
OSPI0_CS0        0x68000000         0x08000000         xrw
OSPI0_CS1        0x70000000         0x10000000         xr
OPTION_SETTING_OFS0 0x0100a100         0x00000004         r
OPTION_SETTING_DUALSEL 0x0100a110         0x00000004         r
OPTION_SETTING_OFS1 0x0100a180         0x00000004         r
OPTION_SETTING_BANKSEL 0x0100a190         0x00000004         r
OPTION_SETTING_BPS 0x0100a1c0         0x00000010         r
OPTION_SETTING_PBPS 0x0100a1e0         0x00000010         r
OPTION_SETTING_OFS1_SEC 0x0100a200         0x00000004         r
OPTION_SETTING_BANKSEL_SEC 0x0100a210         0x00000004         r
OPTION_SETTING_BPS_SEC 0x0100a240         0x00000010         r
OPTION_SETTING_PBPS_SEC 0x0100a260         0x00000010         r
OPTION_SETTING_OFS1_SEL 0x0100a280         0x00000004         r
OPTION_SETTING_BANKSEL_SEL 0x0100a290         0x00000004         r
OPTION_SETTING_BPS_SEL 0x0100a2c0         0x00000010         r
*default*        0x00000000         0xffffffff

Linker script and memory map

LOAD C:/PROGRA~2/ARMGNU~1/13C7F1~1.2RE/bin/../lib/gcc/arm-none-eabi/13.2.1/thumb/v8-m.main+fp/hard/crti.o
LOAD C:/PROGRA~2/ARMGNU~1/13C7F1~1.2RE/bin/../lib/gcc/arm-none-eabi/13.2.1/thumb/v8-m.main+fp/hard/crtbegin.o
LOAD C:/PROGRA~2/ARMGNU~1/13C7F1~1.2RE/bin/../lib/gcc/arm-none-eabi/13.2.1/thumb/v8-m.main+fp/hard/crt0.o
LOAD CMakeFiles/renesascup_smartmedicine.elf.dir/ra/aws/FreeRTOS/FreeRTOS/Source/event_groups.c.obj
LOAD CMakeFiles/renesascup_smartmedicine.elf.dir/ra/aws/FreeRTOS/FreeRTOS/Source/list.c.obj
LOAD CMakeFiles/renesascup_smartmedicine.elf.dir/ra/aws/FreeRTOS/FreeRTOS/Source/portable/MemMang/heap_4.c.obj
LOAD CMakeFiles/renesascup_smartmedicine.elf.dir/ra/aws/FreeRTOS/FreeRTOS/Source/queue.c.obj
LOAD CMakeFiles/renesascup_smartmedicine.elf.dir/ra/aws/FreeRTOS/FreeRTOS/Source/stream_buffer.c.obj
LOAD CMakeFiles/renesascup_smartmedicine.elf.dir/ra/aws/FreeRTOS/FreeRTOS/Source/tasks.c.obj
LOAD CMakeFiles/renesascup_smartmedicine.elf.dir/ra/aws/FreeRTOS/FreeRTOS/Source/timers.c.obj
LOAD CMakeFiles/renesascup_smartmedicine.elf.dir/ra/fsp/src/bsp/cmsis/Device/RENESAS/Source/startup.c.obj
LOAD CMakeFiles/renesascup_smartmedicine.elf.dir/ra/fsp/src/bsp/cmsis/Device/RENESAS/Source/system.c.obj
LOAD CMakeFiles/renesascup_smartmedicine.elf.dir/ra/fsp/src/bsp/mcu/all/bsp_clocks.c.obj
LOAD CMakeFiles/renesascup_smartmedicine.elf.dir/ra/fsp/src/bsp/mcu/all/bsp_common.c.obj
LOAD CMakeFiles/renesascup_smartmedicine.elf.dir/ra/fsp/src/bsp/mcu/all/bsp_delay.c.obj
LOAD CMakeFiles/renesascup_smartmedicine.elf.dir/ra/fsp/src/bsp/mcu/all/bsp_group_irq.c.obj
LOAD CMakeFiles/renesascup_smartmedicine.elf.dir/ra/fsp/src/bsp/mcu/all/bsp_guard.c.obj
LOAD CMakeFiles/renesascup_smartmedicine.elf.dir/ra/fsp/src/bsp/mcu/all/bsp_io.c.obj
LOAD CMakeFiles/renesascup_smartmedicine.elf.dir/ra/fsp/src/bsp/mcu/all/bsp_ipc.c.obj
LOAD CMakeFiles/renesascup_smartmedicine.elf.dir/ra/fsp/src/bsp/mcu/all/bsp_irq.c.obj
LOAD CMakeFiles/renesascup_smartmedicine.elf.dir/ra/fsp/src/bsp/mcu/all/bsp_macl.c.obj
LOAD CMakeFiles/renesascup_smartmedicine.elf.dir/ra/fsp/src/bsp/mcu/all/bsp_ospi_b.c.obj
LOAD CMakeFiles/renesascup_smartmedicine.elf.dir/ra/fsp/src/bsp/mcu/all/bsp_register_protection.c.obj
LOAD CMakeFiles/renesascup_smartmedicine.elf.dir/ra/fsp/src/bsp/mcu/all/bsp_sbrk.c.obj
LOAD CMakeFiles/renesascup_smartmedicine.elf.dir/ra/fsp/src/bsp/mcu/all/bsp_sdram.c.obj
LOAD CMakeFiles/renesascup_smartmedicine.elf.dir/ra/fsp/src/bsp/mcu/all/bsp_security.c.obj
LOAD CMakeFiles/renesascup_smartmedicine.elf.dir/ra/fsp/src/bsp/mcu/ra6m5/bsp_linker.c.obj
LOAD CMakeFiles/renesascup_smartmedicine.elf.dir/ra/fsp/src/r_canfd/r_canfd.c.obj
LOAD CMakeFiles/renesascup_smartmedicine.elf.dir/ra/fsp/src/r_dmac/r_dmac.c.obj
LOAD CMakeFiles/renesascup_smartmedicine.elf.dir/ra/fsp/src/r_iic_master/r_iic_master.c.obj
LOAD CMakeFiles/renesascup_smartmedicine.elf.dir/ra/fsp/src/r_ioport/r_ioport.c.obj
LOAD CMakeFiles/renesascup_smartmedicine.elf.dir/ra/fsp/src/r_sci_uart/r_sci_uart.c.obj
LOAD CMakeFiles/renesascup_smartmedicine.elf.dir/ra/fsp/src/r_spi/r_spi.c.obj
LOAD CMakeFiles/renesascup_smartmedicine.elf.dir/ra/fsp/src/rm_freertos_port/port.c.obj
LOAD CMakeFiles/renesascup_smartmedicine.elf.dir/ra_gen/GUI_Thread.c.obj
LOAD CMakeFiles/renesascup_smartmedicine.elf.dir/ra_gen/Motor_thread.c.obj
LOAD CMakeFiles/renesascup_smartmedicine.elf.dir/ra_gen/common_data.c.obj
LOAD CMakeFiles/renesascup_smartmedicine.elf.dir/ra_gen/hal_data.c.obj
LOAD CMakeFiles/renesascup_smartmedicine.elf.dir/ra_gen/main.c.obj
LOAD CMakeFiles/renesascup_smartmedicine.elf.dir/ra_gen/pin_data.c.obj
LOAD CMakeFiles/renesascup_smartmedicine.elf.dir/ra_gen/vector_data.c.obj
LOAD CMakeFiles/renesascup_smartmedicine.elf.dir/src/GUI_Thread_entry.c.obj
LOAD CMakeFiles/renesascup_smartmedicine.elf.dir/src/Motor_thread_entry.c.obj
LOAD CMakeFiles/renesascup_smartmedicine.elf.dir/src/app/app_i2c_touchpad_test.c.obj
LOAD CMakeFiles/renesascup_smartmedicine.elf.dir/src/app/app_spi_display_test.c.obj
LOAD CMakeFiles/renesascup_smartmedicine.elf.dir/src/app/uart_app.c.obj
LOAD CMakeFiles/renesascup_smartmedicine.elf.dir/src/drive/GUI/i2c_touchpad_drv.c.obj
LOAD CMakeFiles/renesascup_smartmedicine.elf.dir/src/drive/GUI/spi_display_drv.c.obj
LOAD CMakeFiles/renesascup_smartmedicine.elf.dir/src/drive/ZDT_drv.c.obj
LOAD CMakeFiles/renesascup_smartmedicine.elf.dir/src/drive/led_drv.c.obj
LOAD CMakeFiles/renesascup_smartmedicine.elf.dir/src/drive/uart_drv.c.obj
LOAD CMakeFiles/renesascup_smartmedicine.elf.dir/src/hal_warmstart.c.obj
START GROUP
LOAD C:/PROGRA~2/ARMGNU~1/13C7F1~1.2RE/bin/../lib/gcc/arm-none-eabi/13.2.1/thumb/v8-m.main+fp/hard\libgcc.a
LOAD C:/PROGRA~2/ARMGNU~1/13C7F1~1.2RE/bin/../lib/gcc/arm-none-eabi/13.2.1/thumb/v8-m.main+fp/hard\libg_nano.a
LOAD C:/PROGRA~2/ARMGNU~1/13C7F1~1.2RE/bin/../lib/gcc/arm-none-eabi/13.2.1/thumb/v8-m.main+fp/hard\libc_nano.a
END GROUP
START GROUP
LOAD C:/PROGRA~2/ARMGNU~1/13C7F1~1.2RE/bin/../lib/gcc/arm-none-eabi/13.2.1/thumb/v8-m.main+fp/hard\libgcc.a
LOAD C:/PROGRA~2/ARMGNU~1/13C7F1~1.2RE/bin/../lib/gcc/arm-none-eabi/13.2.1/thumb/v8-m.main+fp/hard\libc_nano.a
LOAD C:/PROGRA~2/ARMGNU~1/13C7F1~1.2RE/bin/../lib/gcc/arm-none-eabi/13.2.1/thumb/v8-m.main+fp/hard\libnosys.a
END GROUP
START GROUP
LOAD C:/PROGRA~2/ARMGNU~1/13C7F1~1.2RE/bin/../lib/gcc/arm-none-eabi/13.2.1/thumb/v8-m.main+fp/hard\libgcc.a
LOAD C:/PROGRA~2/ARMGNU~1/13C7F1~1.2RE/bin/../lib/gcc/arm-none-eabi/13.2.1/thumb/v8-m.main+fp/hard\libc_nano.a
LOAD C:/PROGRA~2/ARMGNU~1/13C7F1~1.2RE/bin/../lib/gcc/arm-none-eabi/13.2.1/thumb/v8-m.main+fp/hard\libnosys.a
END GROUP
LOAD C:/PROGRA~2/ARMGNU~1/13C7F1~1.2RE/bin/../lib/gcc/arm-none-eabi/13.2.1/thumb/v8-m.main+fp/hard/crtend.o
LOAD C:/PROGRA~2/ARMGNU~1/13C7F1~1.2RE/bin/../lib/gcc/arm-none-eabi/13.2.1/thumb/v8-m.main+fp/hard/crtn.o
                0x20000000                        RAM_START = 0x20000000
                0x00080000                        RAM_LENGTH = 0x80000
                0x00000000                        FLASH_START = 0x0
                0x00100000                        FLASH_LENGTH = 0x100000
                0x08000000                        DATA_FLASH_START = 0x8000000
                0x00002000                        DATA_FLASH_LENGTH = 0x2000
                0x60000000                        QSPI_FLASH_START = 0x60000000
                0x04000000                        QSPI_FLASH_LENGTH = 0x4000000
                0x68000000                        OSPI0_CS0_START = 0x68000000
                0x08000000                        OSPI0_CS0_LENGTH = 0x8000000
                0x70000000                        OSPI0_CS1_START = 0x70000000
                0x10000000                        OSPI0_CS1_LENGTH = 0x10000000
                0x0100a100                        OPTION_SETTING_OFS0_START = 0x100a100
                0x00000004                        OPTION_SETTING_OFS0_LENGTH = 0x4
                0x0100a110                        OPTION_SETTING_DUALSEL_START = 0x100a110
                0x00000004                        OPTION_SETTING_DUALSEL_LENGTH = 0x4
                0x0100a180                        OPTION_SETTING_OFS1_START = 0x100a180
                0x00000004                        OPTION_SETTING_OFS1_LENGTH = 0x4
                0x0100a190                        OPTION_SETTING_BANKSEL_START = 0x100a190
                0x00000004                        OPTION_SETTING_BANKSEL_LENGTH = 0x4
                0x0100a1c0                        OPTION_SETTING_BPS_START = 0x100a1c0
                0x00000010                        OPTION_SETTING_BPS_LENGTH = 0x10
                0x0100a1e0                        OPTION_SETTING_PBPS_START = 0x100a1e0
                0x00000010                        OPTION_SETTING_PBPS_LENGTH = 0x10
                0x0100a200                        OPTION_SETTING_OFS1_SEC_START = 0x100a200
                0x00000004                        OPTION_SETTING_OFS1_SEC_LENGTH = 0x4
                0x0100a210                        OPTION_SETTING_BANKSEL_SEC_START = 0x100a210
                0x00000004                        OPTION_SETTING_BANKSEL_SEC_LENGTH = 0x4
                0x0100a240                        OPTION_SETTING_BPS_SEC_START = 0x100a240
                0x00000010                        OPTION_SETTING_BPS_SEC_LENGTH = 0x10
                0x0100a260                        OPTION_SETTING_PBPS_SEC_START = 0x100a260
                0x00000010                        OPTION_SETTING_PBPS_SEC_LENGTH = 0x10
                0x0100a280                        OPTION_SETTING_OFS1_SEL_START = 0x100a280
                0x00000004                        OPTION_SETTING_OFS1_SEL_LENGTH = 0x4
                0x0100a290                        OPTION_SETTING_BANKSEL_SEL_START = 0x100a290
                0x00000004                        OPTION_SETTING_BANKSEL_SEL_LENGTH = 0x4
                0x0100a2c0                        OPTION_SETTING_BPS_SEL_START = 0x100a2c0
                0x00000010                        OPTION_SETTING_BPS_SEL_LENGTH = 0x10
START GROUP
LOAD C:/PROGRA~2/ARMGNU~1/13C7F1~1.2RE/bin/../lib/gcc/arm-none-eabi/13.2.1/thumb/v8-m.main+fp/hard\libgcc.a
LOAD C:/PROGRA~2/ARMGNU~1/13C7F1~1.2RE/bin/../lib/gcc/arm-none-eabi/13.2.1/thumb/v8-m.main+fp/hard\libc.a
LOAD C:/PROGRA~2/ARMGNU~1/13C7F1~1.2RE/bin/../lib/gcc/arm-none-eabi/13.2.1/thumb/v8-m.main+fp/hard\libm.a
END GROUP

.qspi_flash.startof
                0x60000000        0x0
                0x60000000                        __ddsc_QSPI_FLASH_START = .

.ospi0_cs0.startof
                0x68000000        0x0
                0x68000000                        __ddsc_OSPI0_CS0_START = .

__ospi0_cs0_from_qspi_flash$$
                0x68000000        0x0 load address 0x60000000
                0x68000000                        __ospi0_cs0_from_qspi_flash$$Base = .
                0x60000000                        __ospi0_cs0_from_qspi_flash$$Load = LOADADDR (__ospi0_cs0_from_qspi_flash$$)
 *(.ospi0_cs0_from_qspi_flash)
 *(.ospi0_cs0_code_from_qspi_flash)
                0x68000000                        __ospi0_cs0_from_qspi_flash$$Limit = .

.ram.startof    0x20000000        0x0
                0x20000000                        __ddsc_RAM_START = .

__ram_dtc_vector$$
                0x20000000        0x0
                0x20000000                        __ram_dtc_vector$$Base = .
 *(.fsp_dtc_vector_table)
                0x20000000                        __ram_dtc_vector$$Limit = .

__ram_from_qspi_flash$$
                0x20000000        0x0 load address 0x60000000
                0x20000000                        __ram_from_qspi_flash$$Base = .
                0x60000000                        __ram_from_qspi_flash$$Load = LOADADDR (__ram_from_qspi_flash$$)
 *(.ram_from_qspi_flash)
 *(.ram_code_from_qspi_flash)
                0x20000000                        __ram_from_qspi_flash$$Limit = .

__qspi_flash_readonly$$
                0x60000000        0x0
                0x60000000                        __qspi_flash_readonly$$Base = .
 *(.qspi_flash)
 *(.qspi_flash_code)
                0x60000000                        __qspi_flash_readonly$$Limit = .

__qspi_flash_noinit$$
                0x60000000        0x0
                0x60000000                        __qspi_flash_noinit$$Base = .
 *(.qspi_flash_noinit)
                0x60000000                        __qspi_flash_noinit$$Limit = .

.qspi_flash.endof
                0x60000000        0x0
                0x60000000                        __ddsc_QSPI_FLASH_END = .

.ospi0_cs1.startof
                0x70000000        0x0
                0x70000000                        __ddsc_OSPI0_CS1_START = .

__ospi0_cs0_from_ospi0_cs1$$
                0x68000000        0x0 load address 0x70000000
                0x68000000                        __ospi0_cs0_from_ospi0_cs1$$Base = .
                0x70000000                        __ospi0_cs0_from_ospi0_cs1$$Load = LOADADDR (__ospi0_cs0_from_ospi0_cs1$$)
 *(.ospi0_cs0_from_ospi0_cs1)
 *(.ospi0_cs0_code_from_ospi0_cs1)
                0x68000000                        __ospi0_cs0_from_ospi0_cs1$$Limit = .

__ram_from_ospi0_cs1$$
                0x20000000        0x0 load address 0x70000000
                0x20000000                        __ram_from_ospi0_cs1$$Base = .
                0x70000000                        __ram_from_ospi0_cs1$$Load = LOADADDR (__ram_from_ospi0_cs1$$)
 *(.ram_from_ospi0_cs1)
 *(.ram_code_from_ospi0_cs1)
                0x20000000                        __ram_from_ospi0_cs1$$Limit = .

__ospi0_cs1_readonly$$
                0x70000000        0x0
                0x70000000                        __ospi0_cs1_readonly$$Base = .
 *(.ospi0_cs1)
 *(.ospi0_cs1_code)
                0x70000000                        __ospi0_cs1_readonly$$Limit = .

__ospi0_cs1_noinit$$
                0x70000000        0x0
                0x70000000                        __ospi0_cs1_noinit$$Base = .
 *(.ospi0_cs1_noinit)
                0x70000000                        __ospi0_cs1_noinit$$Limit = .

.ospi0_cs1.endof
                0x70000000        0x0
                0x70000000                        __ddsc_OSPI0_CS1_END = .

.data_flash.startof
                0x08000000        0x0
                0x08000000                        __ddsc_DATA_FLASH_START = .

__ospi0_cs0_from_data_flash$$
                0x68000000        0x0 load address 0x08000000
                0x68000000                        __ospi0_cs0_from_data_flash$$Base = .
                0x08000000                        __ospi0_cs0_from_data_flash$$Load = LOADADDR (__ospi0_cs0_from_data_flash$$)
 *(.ospi0_cs0_from_data_flash)
 *(.ospi0_cs0_code_from_data_flash)
                0x68000000                        __ospi0_cs0_from_data_flash$$Limit = .

__ram_from_data_flash$$
                0x20000000        0x0 load address 0x08000000
                0x20000000                        __ram_from_data_flash$$Base = .
                0x08000000                        __ram_from_data_flash$$Load = LOADADDR (__ram_from_data_flash$$)
 *(.ram_from_data_flash)
 *(.ram_code_from_data_flash)
                0x20000000                        __ram_from_data_flash$$Limit = .

__data_flash_readonly$$
                0x08000000        0x0
                0x08000000                        __data_flash_readonly$$Base = .
 *(.data_flash)
 *(.data_flash_code)
                0x08000000                        __data_flash_readonly$$Limit = .

__data_flash_noinit$$
                0x08000000        0x0
                0x08000000                        __data_flash_noinit$$Base = .
 *(.data_flash_noinit)
                0x08000000                        __data_flash_noinit$$Limit = .

.data_flash.endof
                0x08000000        0x0
                0x08000000                        __ddsc_DATA_FLASH_END = .

.flash.startof  0x00000000        0x0
                0x00000000                        __ddsc_FLASH_START = .

__flash_vectors$$
                0x00000000       0x84
                0x00000000                        __flash_vectors$$Base = .
                0x00000000                        _VECTORS = .
 *(.fixed_vectors)
 .fixed_vectors
                0x00000000       0x40 CMakeFiles/renesascup_smartmedicine.elf.dir/ra/fsp/src/bsp/cmsis/Device/RENESAS/Source/startup.c.obj
                0x00000000                __Vectors
 *(.application_vectors)
 .application_vectors
                0x00000040       0x44 CMakeFiles/renesascup_smartmedicine.elf.dir/ra_gen/vector_data.c.obj
                0x00000040                g_vector_table
                0x00000084                        __flash_vectors$$Limit = .

__flash_noinit$$
                0x00000084        0x0
                0x00000084                        __flash_noinit$$Base = .
 *(.flash_noinit)
                0x00000084                        __flash_noinit$$Limit = .

__ospi0_cs0_from_flash$$
                0x68000000        0x0 load address 0x00000084
                0x68000000                        __ospi0_cs0_from_flash$$Base = .
                0x00000084                        __ospi0_cs0_from_flash$$Load = LOADADDR (__ospi0_cs0_from_flash$$)
 *(.ospi0_cs0_from_flash)
 *(.ospi0_cs0_code_from_flash)
                0x68000000                        __ospi0_cs0_from_flash$$Limit = .

__ospi0_cs0_noinit_nocache$$
                0x68000000        0x0 load address 0x000000a0
                0x68000000                        __ospi0_cs0_noinit_nocache$$Base = .
 *(.ospi0_cs0_noinit_nocache)
                0x68000000                        __ospi0_cs0_noinit_nocache$$Limit = .

__ospi0_cs0_zero_nocache$$
                0x68000000        0x0 load address 0x00000084
                0x68000000                        __ospi0_cs0_zero_nocache$$Base = .
 *(.ospi0_cs0_nocache)
                0x68000000                        . = ALIGN (0x20)
                0x68000000                        __ospi0_cs0_zero_nocache$$Limit = .

__ospi0_cs0_noinit$$
                0x68000000        0x0 load address 0x00000084
                0x68000000                        __ospi0_cs0_noinit$$Base = .
 *(.ospi0_cs0_noinit)
                0x68000000                        __ospi0_cs0_noinit$$Limit = .

__ospi0_cs0_zero$$
                0x68000000        0x0 load address 0x00000084
                0x68000000                        __ospi0_cs0_zero$$Base = .
 *(.ospi0_cs0)
                0x68000000                        __ospi0_cs0_zero$$Limit = .

.ospi0_cs0.endof
                0x68000000        0x0
                0x68000000                        __ddsc_OSPI0_CS0_END = .

__ram_from_flash$$
                0x20000000       0xfc load address 0x00000084
                0x20000000                        __ram_from_flash$$Base = .
                0x00000084                        __ram_from_flash$$Load = LOADADDR (__ram_from_flash$$)
 *(.ram_from_flash)
 *(.ram_code_from_flash)
 *(.data*)
 .data.g_uart7_baud_setting
                0x20000000        0x4 CMakeFiles/renesascup_smartmedicine.elf.dir/ra_gen/GUI_Thread.c.obj
                0x20000000                g_uart7_baud_setting
 .data.g_transfer1_info
                0x20000004       0x10 CMakeFiles/renesascup_smartmedicine.elf.dir/ra_gen/GUI_Thread.c.obj
                0x20000004                g_transfer1_info
 *fill*         0x20000014        0x4 
 .data.can0_extended_cfg
                0x20000018       0x20 CMakeFiles/renesascup_smartmedicine.elf.dir/ra_gen/Motor_thread.c.obj
                0x20000018                can0_extended_cfg
 .data.g_canfd_global_cfg
                0x20000038       0x48 CMakeFiles/renesascup_smartmedicine.elf.dir/ra_gen/Motor_thread.c.obj
                0x20000038                g_canfd_global_cfg
 .data.can0_data_timing_cfg
                0x20000080       0x10 CMakeFiles/renesascup_smartmedicine.elf.dir/ra_gen/Motor_thread.c.obj
                0x20000080                can0_data_timing_cfg
 .data.can0_bit_timing_cfg
                0x20000090       0x10 CMakeFiles/renesascup_smartmedicine.elf.dir/ra_gen/Motor_thread.c.obj
                0x20000090                can0_bit_timing_cfg
 .data.__sglue  0x200000a0        0xc C:/PROGRA~2/ARMGNU~1/13C7F1~1.2RE/bin/../lib/gcc/arm-none-eabi/13.2.1/thumb/v8-m.main+fp/hard\libg_nano.a(libc_a-findfp.o)
                0x200000a0                __sglue
 .data._impure_ptr
                0x200000ac        0x4 C:/PROGRA~2/ARMGNU~1/13C7F1~1.2RE/bin/../lib/gcc/arm-none-eabi/13.2.1/thumb/v8-m.main+fp/hard\libg_nano.a(libc_a-impure.o)
                0x200000ac                _impure_ptr
 .data._impure_data
                0x200000b0       0x4c C:/PROGRA~2/ARMGNU~1/13C7F1~1.2RE/bin/../lib/gcc/arm-none-eabi/13.2.1/thumb/v8-m.main+fp/hard\libg_nano.a(libc_a-impure.o)
                0x200000b0                _impure_data
 *(vtable)
                0x200000fc                        __ram_from_flash$$Limit = .

.tm_clone_table
                0x200000fc        0x0 load address 0x00000180
 .tm_clone_table
                0x200000fc        0x0 C:/PROGRA~2/ARMGNU~1/13C7F1~1.2RE/bin/../lib/gcc/arm-none-eabi/13.2.1/thumb/v8-m.main+fp/hard/crtbegin.o
 .tm_clone_table
                0x200000fc        0x0 C:/PROGRA~2/ARMGNU~1/13C7F1~1.2RE/bin/../lib/gcc/arm-none-eabi/13.2.1/thumb/v8-m.main+fp/hard/crtend.o

.igot.plt       0x200000fc        0x0 load address 0x00000180
 .igot.plt      0x200000fc        0x0 C:/PROGRA~2/ARMGNU~1/13C7F1~1.2RE/bin/../lib/gcc/arm-none-eabi/13.2.1/thumb/v8-m.main+fp/hard/crtbegin.o

__ram_noinit_nocache$$
                0x20000100        0x0 load address 0x00000180
                0x20000100                        __ram_noinit_nocache$$Base = .
 *(.ram_noinit_nocache)
                0x20000100                        __ram_noinit_nocache$$Limit = .

__ram_zero_nocache$$
                0x200000fc        0x4 load address 0x00000180
                0x200000fc                        __ram_zero_nocache$$Base = .
 *(.ram_nocache)
                0x20000100                        . = ALIGN (0x20)
 *fill*         0x200000fc        0x4 
                0x20000100                        __ram_zero_nocache$$Limit = .

__ram_noinit$$  0x20000100      0x41c load address 0x00000180
                0x20000100                        __ram_noinit$$Base = .
 *(.bss.g_heap)
 *(.bss.g_main_stack)
 .bss.g_main_stack
                0x20000100      0x400 CMakeFiles/renesascup_smartmedicine.elf.dir/ra/fsp/src/bsp/cmsis/Device/RENESAS/Source/startup.c.obj
                0x20000100                g_main_stack
 *(.ram_noinit)
 .ram_noinit    0x20000500       0x1c CMakeFiles/renesascup_smartmedicine.elf.dir/ra/fsp/src/bsp/mcu/all/bsp_clocks.c.obj
 *(.noinit)
                0x2000051c                        __ram_noinit$$Limit = .

__ram_zero$$    0x20000520    0x19b18 load address 0x00000180
                0x20000520                        __ram_zero$$Base = .
 *(.ram)
 *(.bss*)
 .bss.completed.1
                0x20000520        0x1 C:/PROGRA~2/ARMGNU~1/13C7F1~1.2RE/bin/../lib/gcc/arm-none-eabi/13.2.1/thumb/v8-m.main+fp/hard/crtbegin.o
 *fill*         0x20000521        0x3 
 .bss.object.0  0x20000524       0x18 C:/PROGRA~2/ARMGNU~1/13C7F1~1.2RE/bin/../lib/gcc/arm-none-eabi/13.2.1/thumb/v8-m.main+fp/hard/crtbegin.o
 .bss.xNumberOfSuccessfulFrees
                0x2000053c        0x4 CMakeFiles/renesascup_smartmedicine.elf.dir/ra/aws/FreeRTOS/FreeRTOS/Source/portable/MemMang/heap_4.c.obj
 .bss.xNumberOfSuccessfulAllocations
                0x20000540        0x4 CMakeFiles/renesascup_smartmedicine.elf.dir/ra/aws/FreeRTOS/FreeRTOS/Source/portable/MemMang/heap_4.c.obj
 .bss.xMinimumEverFreeBytesRemaining
                0x20000544        0x4 CMakeFiles/renesascup_smartmedicine.elf.dir/ra/aws/FreeRTOS/FreeRTOS/Source/portable/MemMang/heap_4.c.obj
 .bss.xFreeBytesRemaining
                0x20000548        0x4 CMakeFiles/renesascup_smartmedicine.elf.dir/ra/aws/FreeRTOS/FreeRTOS/Source/portable/MemMang/heap_4.c.obj
 .bss.pxEnd     0x2000054c        0x4 CMakeFiles/renesascup_smartmedicine.elf.dir/ra/aws/FreeRTOS/FreeRTOS/Source/portable/MemMang/heap_4.c.obj
 .bss.xStart    0x20000550        0x8 CMakeFiles/renesascup_smartmedicine.elf.dir/ra/aws/FreeRTOS/FreeRTOS/Source/portable/MemMang/heap_4.c.obj
 .bss.ucHeap    0x20000558    0x19000 CMakeFiles/renesascup_smartmedicine.elf.dir/ra/aws/FreeRTOS/FreeRTOS/Source/portable/MemMang/heap_4.c.obj
 .bss.xQueueRegistry
                0x20019558       0x50 CMakeFiles/renesascup_smartmedicine.elf.dir/ra/aws/FreeRTOS/FreeRTOS/Source/queue.c.obj
                0x20019558                xQueueRegistry
 .bss.uxSchedulerSuspended
                0x200195a8        0x4 CMakeFiles/renesascup_smartmedicine.elf.dir/ra/aws/FreeRTOS/FreeRTOS/Source/tasks.c.obj
 .bss.xIdleTaskHandles
                0x200195ac        0x4 CMakeFiles/renesascup_smartmedicine.elf.dir/ra/aws/FreeRTOS/FreeRTOS/Source/tasks.c.obj
 .bss.xNextTaskUnblockTime
                0x200195b0        0x4 CMakeFiles/renesascup_smartmedicine.elf.dir/ra/aws/FreeRTOS/FreeRTOS/Source/tasks.c.obj
 .bss.uxTaskNumber
                0x200195b4        0x4 CMakeFiles/renesascup_smartmedicine.elf.dir/ra/aws/FreeRTOS/FreeRTOS/Source/tasks.c.obj
 .bss.xNumOfOverflows
                0x200195b8        0x4 CMakeFiles/renesascup_smartmedicine.elf.dir/ra/aws/FreeRTOS/FreeRTOS/Source/tasks.c.obj
 .bss.xYieldPendings
                0x200195bc        0x4 CMakeFiles/renesascup_smartmedicine.elf.dir/ra/aws/FreeRTOS/FreeRTOS/Source/tasks.c.obj
 .bss.xPendedTicks
                0x200195c0        0x4 CMakeFiles/renesascup_smartmedicine.elf.dir/ra/aws/FreeRTOS/FreeRTOS/Source/tasks.c.obj
 .bss.xSchedulerRunning
                0x200195c4        0x4 CMakeFiles/renesascup_smartmedicine.elf.dir/ra/aws/FreeRTOS/FreeRTOS/Source/tasks.c.obj
 .bss.uxTopReadyPriority
                0x200195c8        0x4 CMakeFiles/renesascup_smartmedicine.elf.dir/ra/aws/FreeRTOS/FreeRTOS/Source/tasks.c.obj
 .bss.xTickCount
                0x200195cc        0x4 CMakeFiles/renesascup_smartmedicine.elf.dir/ra/aws/FreeRTOS/FreeRTOS/Source/tasks.c.obj
 .bss.uxCurrentNumberOfTasks
                0x200195d0        0x4 CMakeFiles/renesascup_smartmedicine.elf.dir/ra/aws/FreeRTOS/FreeRTOS/Source/tasks.c.obj
 .bss.xSuspendedTaskList
                0x200195d4       0x14 CMakeFiles/renesascup_smartmedicine.elf.dir/ra/aws/FreeRTOS/FreeRTOS/Source/tasks.c.obj
 .bss.uxDeletedTasksWaitingCleanUp
                0x200195e8        0x4 CMakeFiles/renesascup_smartmedicine.elf.dir/ra/aws/FreeRTOS/FreeRTOS/Source/tasks.c.obj
 .bss.xTasksWaitingTermination
                0x200195ec       0x14 CMakeFiles/renesascup_smartmedicine.elf.dir/ra/aws/FreeRTOS/FreeRTOS/Source/tasks.c.obj
 .bss.xPendingReadyList
                0x20019600       0x14 CMakeFiles/renesascup_smartmedicine.elf.dir/ra/aws/FreeRTOS/FreeRTOS/Source/tasks.c.obj
 .bss.pxOverflowDelayedTaskList
                0x20019614        0x4 CMakeFiles/renesascup_smartmedicine.elf.dir/ra/aws/FreeRTOS/FreeRTOS/Source/tasks.c.obj
 .bss.pxDelayedTaskList
                0x20019618        0x4 CMakeFiles/renesascup_smartmedicine.elf.dir/ra/aws/FreeRTOS/FreeRTOS/Source/tasks.c.obj
 .bss.xDelayedTaskList2
                0x2001961c       0x14 CMakeFiles/renesascup_smartmedicine.elf.dir/ra/aws/FreeRTOS/FreeRTOS/Source/tasks.c.obj
 .bss.xDelayedTaskList1
                0x20019630       0x14 CMakeFiles/renesascup_smartmedicine.elf.dir/ra/aws/FreeRTOS/FreeRTOS/Source/tasks.c.obj
 .bss.pxReadyTasksLists
                0x20019644       0x64 CMakeFiles/renesascup_smartmedicine.elf.dir/ra/aws/FreeRTOS/FreeRTOS/Source/tasks.c.obj
 .bss.pxCurrentTCB
                0x200196a8        0x4 CMakeFiles/renesascup_smartmedicine.elf.dir/ra/aws/FreeRTOS/FreeRTOS/Source/tasks.c.obj
                0x200196a8                pxCurrentTCB
 .bss.xStaticTimerQueue.14
                0x200196ac       0x50 CMakeFiles/renesascup_smartmedicine.elf.dir/ra/aws/FreeRTOS/FreeRTOS/Source/timers.c.obj
 .bss.ucStaticTimerQueueStorage.15
                0x200196fc       0x78 CMakeFiles/renesascup_smartmedicine.elf.dir/ra/aws/FreeRTOS/FreeRTOS/Source/timers.c.obj
 .bss.xLastTime.17
                0x20019774        0x4 CMakeFiles/renesascup_smartmedicine.elf.dir/ra/aws/FreeRTOS/FreeRTOS/Source/timers.c.obj
 .bss.xTimerTaskHandle
                0x20019778        0x4 CMakeFiles/renesascup_smartmedicine.elf.dir/ra/aws/FreeRTOS/FreeRTOS/Source/timers.c.obj
 .bss.xTimerQueue
                0x2001977c        0x4 CMakeFiles/renesascup_smartmedicine.elf.dir/ra/aws/FreeRTOS/FreeRTOS/Source/timers.c.obj
 .bss.pxOverflowTimerList
                0x20019780        0x4 CMakeFiles/renesascup_smartmedicine.elf.dir/ra/aws/FreeRTOS/FreeRTOS/Source/timers.c.obj
 .bss.pxCurrentTimerList
                0x20019784        0x4 CMakeFiles/renesascup_smartmedicine.elf.dir/ra/aws/FreeRTOS/FreeRTOS/Source/timers.c.obj
 .bss.xActiveTimerList2
                0x20019788       0x14 CMakeFiles/renesascup_smartmedicine.elf.dir/ra/aws/FreeRTOS/FreeRTOS/Source/timers.c.obj
 .bss.xActiveTimerList1
                0x2001979c       0x14 CMakeFiles/renesascup_smartmedicine.elf.dir/ra/aws/FreeRTOS/FreeRTOS/Source/timers.c.obj
 .bss.SystemCoreClock
                0x200197b0        0x4 CMakeFiles/renesascup_smartmedicine.elf.dir/ra/fsp/src/bsp/cmsis/Device/RENESAS/Source/system.c.obj
                0x200197b0                SystemCoreClock
 .bss.g_bsp_group_irq_sources
                0x200197b4       0x40 CMakeFiles/renesascup_smartmedicine.elf.dir/ra/fsp/src/bsp/mcu/all/bsp_group_irq.c.obj
                0x200197b4                g_bsp_group_irq_sources
 .bss.g_protect_pfswe_counter
                0x200197f4        0x4 CMakeFiles/renesascup_smartmedicine.elf.dir/ra/fsp/src/bsp/mcu/all/bsp_io.c.obj
                0x200197f4                g_protect_pfswe_counter
 .bss.gp_renesas_isr_context
                0x200197f8       0x44 CMakeFiles/renesascup_smartmedicine.elf.dir/ra/fsp/src/bsp/mcu/all/bsp_irq.c.obj
                0x200197f8                gp_renesas_isr_context
 .bss.g_protect_counters
                0x2001983c        0xa CMakeFiles/renesascup_smartmedicine.elf.dir/ra/fsp/src/bsp/mcu/all/bsp_register_protection.c.obj
                0x2001983c                g_protect_counters
 *fill*         0x20019846        0x2 
 .bss.gp_ctrl   0x20019848        0x8 CMakeFiles/renesascup_smartmedicine.elf.dir/ra/fsp/src/r_canfd/r_canfd.c.obj
 .bss.dummy_tx.0
                0x20019850        0x4 CMakeFiles/renesascup_smartmedicine.elf.dir/ra/fsp/src/r_spi/r_spi.c.obj
 .bss.dummy_rx.1
                0x20019854        0x4 CMakeFiles/renesascup_smartmedicine.elf.dir/ra/fsp/src/r_spi/r_spi.c.obj
 .bss.g_mask_level_before_disable
                0x20019858        0x4 CMakeFiles/renesascup_smartmedicine.elf.dir/ra/fsp/src/rm_freertos_port/port.c.obj
 .bss.uxCriticalNesting
                0x2001985c        0x4 CMakeFiles/renesascup_smartmedicine.elf.dir/ra/fsp/src/rm_freertos_port/port.c.obj
 .bss.g_uart7_ctrl
                0x20019860       0x30 CMakeFiles/renesascup_smartmedicine.elf.dir/ra_gen/GUI_Thread.c.obj
                0x20019860                g_uart7_ctrl
 .bss.g_i2c_master2_ctrl
                0x20019890       0x40 CMakeFiles/renesascup_smartmedicine.elf.dir/ra_gen/GUI_Thread.c.obj
                0x20019890                g_i2c_master2_ctrl
 .bss.g_spi1_ctrl
                0x200198d0       0x30 CMakeFiles/renesascup_smartmedicine.elf.dir/ra_gen/GUI_Thread.c.obj
                0x200198d0                g_spi1_ctrl
 .bss.g_transfer1_ctrl
                0x20019900       0x18 CMakeFiles/renesascup_smartmedicine.elf.dir/ra_gen/GUI_Thread.c.obj
                0x20019900                g_transfer1_ctrl
 .bss.GUI_Thread
                0x20019918        0x4 CMakeFiles/renesascup_smartmedicine.elf.dir/ra_gen/GUI_Thread.c.obj
                0x20019918                GUI_Thread
 .bss.GUI_Thread_memory
                0x2001991c       0x68 CMakeFiles/renesascup_smartmedicine.elf.dir/ra_gen/GUI_Thread.c.obj
 .bss.can0_ctrl
                0x20019984       0x1c CMakeFiles/renesascup_smartmedicine.elf.dir/ra_gen/Motor_thread.c.obj
                0x20019984                can0_ctrl
 .bss.Motor_thread
                0x200199a0        0x4 CMakeFiles/renesascup_smartmedicine.elf.dir/ra_gen/Motor_thread.c.obj
                0x200199a0                Motor_thread
 .bss.g_ioport_ctrl
                0x200199a4        0x8 CMakeFiles/renesascup_smartmedicine.elf.dir/ra_gen/common_data.c.obj
                0x200199a4                g_ioport_ctrl
 .bss.uxTimerTaskStack.3
                0x200199ac      0x200 CMakeFiles/renesascup_smartmedicine.elf.dir/ra_gen/main.c.obj
 .bss.xTimerTaskTCB.2
                0x20019bac       0x68 CMakeFiles/renesascup_smartmedicine.elf.dir/ra_gen/main.c.obj
 .bss.uxIdleTaskStack.1
                0x20019c14      0x200 CMakeFiles/renesascup_smartmedicine.elf.dir/ra_gen/main.c.obj
 .bss.xIdleTaskTCB.0
                0x20019e14       0x68 CMakeFiles/renesascup_smartmedicine.elf.dir/ra_gen/main.c.obj
 .bss.g_fsp_common_initialized_semaphore_memory
                0x20019e7c       0x50 CMakeFiles/renesascup_smartmedicine.elf.dir/ra_gen/main.c.obj
                0x20019e7c                g_fsp_common_initialized_semaphore_memory
 .bss.g_fsp_common_initialized_semaphore
                0x20019ecc        0x4 CMakeFiles/renesascup_smartmedicine.elf.dir/ra_gen/main.c.obj
                0x20019ecc                g_fsp_common_initialized_semaphore
 .bss.g_fsp_common_initialized
                0x20019ed0        0x1 CMakeFiles/renesascup_smartmedicine.elf.dir/ra_gen/main.c.obj
                0x20019ed0                g_fsp_common_initialized
 *fill*         0x20019ed1        0x3 
 .bss.g_fsp_common_thread_count
                0x20019ed4        0x4 CMakeFiles/renesascup_smartmedicine.elf.dir/ra_gen/main.c.obj
                0x20019ed4                g_fsp_common_thread_count
 .bss.last_y.0  0x20019ed8        0x2 CMakeFiles/renesascup_smartmedicine.elf.dir/src/app/app_i2c_touchpad_test.c.obj
 .bss.last_x.1  0x20019eda        0x2 CMakeFiles/renesascup_smartmedicine.elf.dir/src/app/app_i2c_touchpad_test.c.obj
 .bss.g_i2c_err
                0x20019edc        0x1 CMakeFiles/renesascup_smartmedicine.elf.dir/src/drive/GUI/i2c_touchpad_drv.c.obj
 *fill*         0x20019edd        0x3 
 .bss.g_i2c_done_sem
                0x20019ee0        0x4 CMakeFiles/renesascup_smartmedicine.elf.dir/src/drive/GUI/i2c_touchpad_drv.c.obj
 .bss.g_master_event_flag
                0x20019ee4        0x1 CMakeFiles/renesascup_smartmedicine.elf.dir/src/drive/GUI/spi_display_drv.c.obj
 .bss.g_uart_initialized
                0x20019ee5        0x1 CMakeFiles/renesascup_smartmedicine.elf.dir/src/drive/uart_drv.c.obj
 *fill*         0x20019ee6        0x2 
 .bss.g_uart7_tx_sem
                0x20019ee8        0x4 CMakeFiles/renesascup_smartmedicine.elf.dir/src/drive/uart_drv.c.obj
 .bss.__sf      0x20019eec      0x138 C:/PROGRA~2/ARMGNU~1/13C7F1~1.2RE/bin/../lib/gcc/arm-none-eabi/13.2.1/thumb/v8-m.main+fp/hard\libg_nano.a(libc_a-findfp.o)
                0x20019eec                __sf
 .bss.__stdio_exit_handler
                0x2001a024        0x4 C:/PROGRA~2/ARMGNU~1/13C7F1~1.2RE/bin/../lib/gcc/arm-none-eabi/13.2.1/thumb/v8-m.main+fp/hard\libg_nano.a(libc_a-findfp.o)
                0x2001a024                __stdio_exit_handler
 .bss.errno     0x2001a028        0x4 C:/PROGRA~2/ARMGNU~1/13C7F1~1.2RE/bin/../lib/gcc/arm-none-eabi/13.2.1/thumb/v8-m.main+fp/hard\libg_nano.a(libc_a-reent.o)
                0x2001a028                errno
 .bss.__lock___malloc_recursive_mutex
                0x2001a02c        0x1 C:/PROGRA~2/ARMGNU~1/13C7F1~1.2RE/bin/../lib/gcc/arm-none-eabi/13.2.1/thumb/v8-m.main+fp/hard\libg_nano.a(libc_a-lock.o)
                0x2001a02c                __lock___malloc_recursive_mutex
 .bss.__lock___sfp_recursive_mutex
                0x2001a02d        0x1 C:/PROGRA~2/ARMGNU~1/13C7F1~1.2RE/bin/../lib/gcc/arm-none-eabi/13.2.1/thumb/v8-m.main+fp/hard\libg_nano.a(libc_a-lock.o)
                0x2001a02d                __lock___sfp_recursive_mutex
 *fill*         0x2001a02e        0x2 
 .bss.__malloc_sbrk_start
                0x2001a030        0x4 C:/PROGRA~2/ARMGNU~1/13C7F1~1.2RE/bin/../lib/gcc/arm-none-eabi/13.2.1/thumb/v8-m.main+fp/hard\libg_nano.a(libc_a-mallocr.o)
                0x2001a030                __malloc_sbrk_start
 .bss.__malloc_free_list
                0x2001a034        0x4 C:/PROGRA~2/ARMGNU~1/13C7F1~1.2RE/bin/../lib/gcc/arm-none-eabi/13.2.1/thumb/v8-m.main+fp/hard\libg_nano.a(libc_a-mallocr.o)
                0x2001a034                __malloc_free_list
                0x2001a038                        __ram_zero$$Limit = .

__ram_thread_stack$$
                0x2001a038      0x400 load address 0x00000180
                0x2001a038                        __ram_thread_stack$$Base = .
 *(.stack?*)
 .stack.GUI_Thread
                0x2001a038      0x400 CMakeFiles/renesascup_smartmedicine.elf.dir/ra_gen/GUI_Thread.c.obj
                0x2001a438                        __ram_thread_stack$$Limit = .

.ram.endof      0x2001a600        0x0
                0x2001a600                        __ddsc_RAM_END = .

__flash_readonly$$
                0x00000180     0x7d88
                0x00000180                        __flash_readonly$$Base = .
 *(.flash)
 *(.flash_code)
 *(.text*)
 .text.deregister_tm_clones
                0x00000180       0x1c C:/PROGRA~2/ARMGNU~1/13C7F1~1.2RE/bin/../lib/gcc/arm-none-eabi/13.2.1/thumb/v8-m.main+fp/hard/crtbegin.o
 .text.register_tm_clones
                0x0000019c       0x28 C:/PROGRA~2/ARMGNU~1/13C7F1~1.2RE/bin/../lib/gcc/arm-none-eabi/13.2.1/thumb/v8-m.main+fp/hard/crtbegin.o
 .text.__do_global_dtors_aux
                0x000001c4       0x28 C:/PROGRA~2/ARMGNU~1/13C7F1~1.2RE/bin/../lib/gcc/arm-none-eabi/13.2.1/thumb/v8-m.main+fp/hard/crtbegin.o
 .text.frame_dummy
                0x000001ec       0x24 C:/PROGRA~2/ARMGNU~1/13C7F1~1.2RE/bin/../lib/gcc/arm-none-eabi/13.2.1/thumb/v8-m.main+fp/hard/crtbegin.o
 .text.vListInitialise
                0x00000210       0x18 CMakeFiles/renesascup_smartmedicine.elf.dir/ra/aws/FreeRTOS/FreeRTOS/Source/list.c.obj
                0x00000210                vListInitialise
 .text.vListInitialiseItem
                0x00000228        0x8 CMakeFiles/renesascup_smartmedicine.elf.dir/ra/aws/FreeRTOS/FreeRTOS/Source/list.c.obj
                0x00000228                vListInitialiseItem
 .text.vListInsert
                0x00000230       0x30 CMakeFiles/renesascup_smartmedicine.elf.dir/ra/aws/FreeRTOS/FreeRTOS/Source/list.c.obj
                0x00000230                vListInsert
 .text.uxListRemove
                0x00000260       0x28 CMakeFiles/renesascup_smartmedicine.elf.dir/ra/aws/FreeRTOS/FreeRTOS/Source/list.c.obj
                0x00000260                uxListRemove
 .text.pvPortMalloc
                0x00000288      0x1b8 CMakeFiles/renesascup_smartmedicine.elf.dir/ra/aws/FreeRTOS/FreeRTOS/Source/portable/MemMang/heap_4.c.obj
                0x00000288                pvPortMalloc
 .text.vPortFree
                0x00000440      0x124 CMakeFiles/renesascup_smartmedicine.elf.dir/ra/aws/FreeRTOS/FreeRTOS/Source/portable/MemMang/heap_4.c.obj
                0x00000440                vPortFree
 .text.prvCopyDataToQueue
                0x00000564       0x60 CMakeFiles/renesascup_smartmedicine.elf.dir/ra/aws/FreeRTOS/FreeRTOS/Source/queue.c.obj
 .text.prvUnlockQueue
                0x000005c4       0x8c CMakeFiles/renesascup_smartmedicine.elf.dir/ra/aws/FreeRTOS/FreeRTOS/Source/queue.c.obj
 .text.xQueueGenericReset
                0x00000650       0xbc CMakeFiles/renesascup_smartmedicine.elf.dir/ra/aws/FreeRTOS/FreeRTOS/Source/queue.c.obj
                0x00000650                xQueueGenericReset
 .text.xQueueGenericCreateStatic
                0x0000070c       0x8c CMakeFiles/renesascup_smartmedicine.elf.dir/ra/aws/FreeRTOS/FreeRTOS/Source/queue.c.obj
                0x0000070c                xQueueGenericCreateStatic
 .text.xQueueGenericCreate
                0x00000798       0x68 CMakeFiles/renesascup_smartmedicine.elf.dir/ra/aws/FreeRTOS/FreeRTOS/Source/queue.c.obj
                0x00000798                xQueueGenericCreate
 .text.xQueueCreateCountingSemaphoreStatic
                0x00000800       0x80 CMakeFiles/renesascup_smartmedicine.elf.dir/ra/aws/FreeRTOS/FreeRTOS/Source/queue.c.obj
                0x00000800                xQueueCreateCountingSemaphoreStatic
 .text.xQueueGenericSend
                0x00000880      0x198 CMakeFiles/renesascup_smartmedicine.elf.dir/ra/aws/FreeRTOS/FreeRTOS/Source/queue.c.obj
                0x00000880                xQueueGenericSend
 .text.xQueueGiveFromISR
                0x00000a18       0xc4 CMakeFiles/renesascup_smartmedicine.elf.dir/ra/aws/FreeRTOS/FreeRTOS/Source/queue.c.obj
                0x00000a18                xQueueGiveFromISR
 .text.xQueueReceive
                0x00000adc      0x178 CMakeFiles/renesascup_smartmedicine.elf.dir/ra/aws/FreeRTOS/FreeRTOS/Source/queue.c.obj
                0x00000adc                xQueueReceive
 .text.xQueueSemaphoreTake
                0x00000c54      0x154 CMakeFiles/renesascup_smartmedicine.elf.dir/ra/aws/FreeRTOS/FreeRTOS/Source/queue.c.obj
                0x00000c54                xQueueSemaphoreTake
 .text.vQueueAddToRegistry
                0x00000da8       0x64 CMakeFiles/renesascup_smartmedicine.elf.dir/ra/aws/FreeRTOS/FreeRTOS/Source/queue.c.obj
                0x00000da8                vQueueAddToRegistry
 .text.vQueueWaitForMessageRestricted
                0x00000e0c       0x50 CMakeFiles/renesascup_smartmedicine.elf.dir/ra/aws/FreeRTOS/FreeRTOS/Source/queue.c.obj
                0x00000e0c                vQueueWaitForMessageRestricted
 .text.prvAddNewTaskToReadyList
                0x00000e5c      0x128 CMakeFiles/renesascup_smartmedicine.elf.dir/ra/aws/FreeRTOS/FreeRTOS/Source/tasks.c.obj
 .text.prvAddCurrentTaskToDelayedList
                0x00000f84       0xb8 CMakeFiles/renesascup_smartmedicine.elf.dir/ra/aws/FreeRTOS/FreeRTOS/Source/tasks.c.obj
 .text.prvInitialiseNewTask.constprop.0
                0x0000103c       0xa4 CMakeFiles/renesascup_smartmedicine.elf.dir/ra/aws/FreeRTOS/FreeRTOS/Source/tasks.c.obj
 .text.prvCheckTasksWaitingTermination
                0x000010e0       0x84 CMakeFiles/renesascup_smartmedicine.elf.dir/ra/aws/FreeRTOS/FreeRTOS/Source/tasks.c.obj
 .text.prvIdleTask
                0x00001164       0x34 CMakeFiles/renesascup_smartmedicine.elf.dir/ra/aws/FreeRTOS/FreeRTOS/Source/tasks.c.obj
 .text.xTaskIncrementTick.part.0
                0x00001198      0x194 CMakeFiles/renesascup_smartmedicine.elf.dir/ra/aws/FreeRTOS/FreeRTOS/Source/tasks.c.obj
 .text.xTaskCreateStatic
                0x0000132c       0xa0 CMakeFiles/renesascup_smartmedicine.elf.dir/ra/aws/FreeRTOS/FreeRTOS/Source/tasks.c.obj
                0x0000132c                xTaskCreateStatic
 .text.xTaskCreate
                0x000013cc       0x60 CMakeFiles/renesascup_smartmedicine.elf.dir/ra/aws/FreeRTOS/FreeRTOS/Source/tasks.c.obj
                0x000013cc                xTaskCreate
 .text.vTaskStartScheduler
                0x0000142c       0x9c CMakeFiles/renesascup_smartmedicine.elf.dir/ra/aws/FreeRTOS/FreeRTOS/Source/tasks.c.obj
                0x0000142c                vTaskStartScheduler
 .text.vTaskSuspendAll
                0x000014c8       0x10 CMakeFiles/renesascup_smartmedicine.elf.dir/ra/aws/FreeRTOS/FreeRTOS/Source/tasks.c.obj
                0x000014c8                vTaskSuspendAll
 .text.xTaskResumeAll
                0x000014d8      0x1ac CMakeFiles/renesascup_smartmedicine.elf.dir/ra/aws/FreeRTOS/FreeRTOS/Source/tasks.c.obj
                0x000014d8                xTaskResumeAll
 .text.vTaskDelay
                0x00001684       0x54 CMakeFiles/renesascup_smartmedicine.elf.dir/ra/aws/FreeRTOS/FreeRTOS/Source/tasks.c.obj
                0x00001684                vTaskDelay
 .text.xTaskGetTickCount
                0x000016d8        0xc CMakeFiles/renesascup_smartmedicine.elf.dir/ra/aws/FreeRTOS/FreeRTOS/Source/tasks.c.obj
                0x000016d8                xTaskGetTickCount
 .text.uxTaskGetNumberOfTasks
                0x000016e4        0xc CMakeFiles/renesascup_smartmedicine.elf.dir/ra/aws/FreeRTOS/FreeRTOS/Source/tasks.c.obj
                0x000016e4                uxTaskGetNumberOfTasks
 .text.xTaskIncrementTick
                0x000016f0       0x20 CMakeFiles/renesascup_smartmedicine.elf.dir/ra/aws/FreeRTOS/FreeRTOS/Source/tasks.c.obj
                0x000016f0                xTaskIncrementTick
 .text.vTaskSwitchContext
                0x00001710       0x8c CMakeFiles/renesascup_smartmedicine.elf.dir/ra/aws/FreeRTOS/FreeRTOS/Source/tasks.c.obj
                0x00001710                vTaskSwitchContext
 .text.vTaskPlaceOnEventList
                0x0000179c       0x3c CMakeFiles/renesascup_smartmedicine.elf.dir/ra/aws/FreeRTOS/FreeRTOS/Source/tasks.c.obj
                0x0000179c                vTaskPlaceOnEventList
 .text.vTaskPlaceOnEventListRestricted
                0x000017d8       0x6c CMakeFiles/renesascup_smartmedicine.elf.dir/ra/aws/FreeRTOS/FreeRTOS/Source/tasks.c.obj
                0x000017d8                vTaskPlaceOnEventListRestricted
 .text.xTaskRemoveFromEventList
                0x00001844       0xe8 CMakeFiles/renesascup_smartmedicine.elf.dir/ra/aws/FreeRTOS/FreeRTOS/Source/tasks.c.obj
                0x00001844                xTaskRemoveFromEventList
 .text.vTaskInternalSetTimeOutState
                0x0000192c       0x18 CMakeFiles/renesascup_smartmedicine.elf.dir/ra/aws/FreeRTOS/FreeRTOS/Source/tasks.c.obj
                0x0000192c                vTaskInternalSetTimeOutState
 .text.xTaskCheckForTimeOut
                0x00001944       0x90 CMakeFiles/renesascup_smartmedicine.elf.dir/ra/aws/FreeRTOS/FreeRTOS/Source/tasks.c.obj
                0x00001944                xTaskCheckForTimeOut
 .text.vTaskMissedYield
                0x000019d4        0xc CMakeFiles/renesascup_smartmedicine.elf.dir/ra/aws/FreeRTOS/FreeRTOS/Source/tasks.c.obj
                0x000019d4                vTaskMissedYield
 .text.xTaskGetSchedulerState
                0x000019e0       0x20 CMakeFiles/renesascup_smartmedicine.elf.dir/ra/aws/FreeRTOS/FreeRTOS/Source/tasks.c.obj
                0x000019e0                xTaskGetSchedulerState
 .text.prvCheckForValidListAndQueue
                0x00001a00       0x6c CMakeFiles/renesascup_smartmedicine.elf.dir/ra/aws/FreeRTOS/FreeRTOS/Source/timers.c.obj
 .text.prvProcessExpiredTimer
                0x00001a6c       0x90 CMakeFiles/renesascup_smartmedicine.elf.dir/ra/aws/FreeRTOS/FreeRTOS/Source/timers.c.obj
 .text.prvTimerTask
                0x00001afc      0x25c CMakeFiles/renesascup_smartmedicine.elf.dir/ra/aws/FreeRTOS/FreeRTOS/Source/timers.c.obj
 .text.xTimerCreateTimerTask
                0x00001d58       0x6c CMakeFiles/renesascup_smartmedicine.elf.dir/ra/aws/FreeRTOS/FreeRTOS/Source/timers.c.obj
                0x00001d58                xTimerCreateTimerTask
 .text.Default_Handler
                0x00001dc4        0x4 CMakeFiles/renesascup_smartmedicine.elf.dir/ra/fsp/src/bsp/cmsis/Device/RENESAS/Source/startup.c.obj
                0x00001dc4                HardFault_Handler
                0x00001dc4                UsageFault_Handler
                0x00001dc4                SecureFault_Handler
                0x00001dc4                Default_Handler
                0x00001dc4                MemManage_Handler
                0x00001dc4                BusFault_Handler
                0x00001dc4                DebugMon_Handler
 .text.Reset_Handler
                0x00001dc8        0xc CMakeFiles/renesascup_smartmedicine.elf.dir/ra/fsp/src/bsp/cmsis/Device/RENESAS/Source/startup.c.obj
                0x00001dc8                Reset_Handler
 .text.SystemRuntimeInit
                0x00001dd4       0x64 CMakeFiles/renesascup_smartmedicine.elf.dir/ra/fsp/src/bsp/cmsis/Device/RENESAS/Source/system.c.obj
 .text.SystemInit
                0x00001e38       0xc0 CMakeFiles/renesascup_smartmedicine.elf.dir/ra/fsp/src/bsp/cmsis/Device/RENESAS/Source/system.c.obj
                0x00001e38                SystemInit
 .text.SystemCoreClockUpdate
                0x00001ef8       0x28 CMakeFiles/renesascup_smartmedicine.elf.dir/ra/fsp/src/bsp/mcu/all/bsp_clocks.c.obj
                0x00001ef8                SystemCoreClockUpdate
 .text.R_BSP_SubClockStabilizeWaitAfterReset
                0x00001f20        0x4 CMakeFiles/renesascup_smartmedicine.elf.dir/ra/fsp/src/bsp/mcu/all/bsp_clocks.c.obj
                0x00001f20                R_BSP_SubClockStabilizeWaitAfterReset
 .text.bsp_clock_init
                0x00001f24      0x1b4 CMakeFiles/renesascup_smartmedicine.elf.dir/ra/fsp/src/bsp/mcu/all/bsp_clocks.c.obj
                0x00001f24                bsp_clock_init
 .text.R_BSP_Init_RTC
                0x000020d8       0xb0 CMakeFiles/renesascup_smartmedicine.elf.dir/ra/fsp/src/bsp/mcu/all/bsp_clocks.c.obj
                0x000020d8                R_BSP_Init_RTC
 .text.bsp_init_internal
                0x00002188        0x4 CMakeFiles/renesascup_smartmedicine.elf.dir/ra/fsp/src/bsp/mcu/all/bsp_common.c.obj
                0x00002188                bsp_init_internal
                0x00002188                bsp_init
 .text.__assert_func
                0x0000218c        0x4 CMakeFiles/renesascup_smartmedicine.elf.dir/ra/fsp/src/bsp/mcu/all/bsp_common.c.obj
                0x0000218c                __assert_func
 .text.bsp_prv_software_delay_loop
                0x00002190        0xc CMakeFiles/renesascup_smartmedicine.elf.dir/ra/fsp/src/bsp/mcu/all/bsp_delay.c.obj
                0x00002190                bsp_prv_software_delay_loop
 .text.R_BSP_SoftwareDelay
                0x0000219c       0x8c CMakeFiles/renesascup_smartmedicine.elf.dir/ra/fsp/src/bsp/mcu/all/bsp_delay.c.obj
                0x0000219c                R_BSP_SoftwareDelay
 .text.NMI_Handler
                0x00002228       0x3c CMakeFiles/renesascup_smartmedicine.elf.dir/ra/fsp/src/bsp/mcu/all/bsp_group_irq.c.obj
                0x00002228                NMI_Handler
 .text.bsp_irq_cfg
                0x00002264       0x98 CMakeFiles/renesascup_smartmedicine.elf.dir/ra/fsp/src/bsp/mcu/all/bsp_irq.c.obj
                0x00002264                bsp_irq_cfg
 .text.R_BSP_RegisterProtectEnable
                0x000022fc       0x60 CMakeFiles/renesascup_smartmedicine.elf.dir/ra/fsp/src/bsp/mcu/all/bsp_register_protection.c.obj
                0x000022fc                R_BSP_RegisterProtectEnable
 .text.R_BSP_RegisterProtectDisable
                0x0000235c       0x54 CMakeFiles/renesascup_smartmedicine.elf.dir/ra/fsp/src/bsp/mcu/all/bsp_register_protection.c.obj
                0x0000235c                R_BSP_RegisterProtectDisable
 .text._sbrk    0x000023b0       0x14 CMakeFiles/renesascup_smartmedicine.elf.dir/ra/fsp/src/bsp/mcu/all/bsp_sbrk.c.obj
                0x000023b0                _sbrk
 .text.R_CANFD_InfoGet
                0x000023c4       0x44 CMakeFiles/renesascup_smartmedicine.elf.dir/ra/fsp/src/r_canfd/r_canfd.c.obj
                0x000023c4                R_CANFD_InfoGet
 .text.R_CANFD_CallbackSet
                0x00002408       0x10 CMakeFiles/renesascup_smartmedicine.elf.dir/ra/fsp/src/r_canfd/r_canfd.c.obj
                0x00002408                R_CANFD_CallbackSet
 .text.r_canfd_mb_read
                0x00002418       0x84 CMakeFiles/renesascup_smartmedicine.elf.dir/ra/fsp/src/r_canfd/r_canfd.c.obj
 .text.R_CANFD_Read
                0x0000249c       0x5c CMakeFiles/renesascup_smartmedicine.elf.dir/ra/fsp/src/r_canfd/r_canfd.c.obj
                0x0000249c                R_CANFD_Read
 .text.r_canfd_call_callback
                0x000024f8       0x3c CMakeFiles/renesascup_smartmedicine.elf.dir/ra/fsp/src/r_canfd/r_canfd.c.obj
 .text.r_canfd_mode_transition
                0x00002534      0x148 CMakeFiles/renesascup_smartmedicine.elf.dir/ra/fsp/src/r_canfd/r_canfd.c.obj
 .text.R_CANFD_Close
                0x0000267c       0xf4 CMakeFiles/renesascup_smartmedicine.elf.dir/ra/fsp/src/r_canfd/r_canfd.c.obj
                0x0000267c                R_CANFD_Close
 .text.R_CANFD_ModeTransition
                0x00002770       0x94 CMakeFiles/renesascup_smartmedicine.elf.dir/ra/fsp/src/r_canfd/r_canfd.c.obj
                0x00002770                R_CANFD_ModeTransition
 .text.R_CANFD_Write
                0x00002804      0x114 CMakeFiles/renesascup_smartmedicine.elf.dir/ra/fsp/src/r_canfd/r_canfd.c.obj
                0x00002804                R_CANFD_Write
 .text.R_CANFD_Open
                0x00002918      0x370 CMakeFiles/renesascup_smartmedicine.elf.dir/ra/fsp/src/r_canfd/r_canfd.c.obj
                0x00002918                R_CANFD_Open
 .text.canfd_error_isr
                0x00002c88       0xd4 CMakeFiles/renesascup_smartmedicine.elf.dir/ra/fsp/src/r_canfd/r_canfd.c.obj
                0x00002c88                canfd_error_isr
 .text.canfd_rx_fifo_isr
                0x00002d5c       0xb4 CMakeFiles/renesascup_smartmedicine.elf.dir/ra/fsp/src/r_canfd/r_canfd.c.obj
                0x00002d5c                canfd_rx_fifo_isr
 .text.canfd_channel_tx_isr
                0x00002e10      0x128 CMakeFiles/renesascup_smartmedicine.elf.dir/ra/fsp/src/r_canfd/r_canfd.c.obj
                0x00002e10                canfd_channel_tx_isr
 .text.canfd_common_fifo_rx_isr
                0x00002f38       0xd4 CMakeFiles/renesascup_smartmedicine.elf.dir/ra/fsp/src/r_canfd/r_canfd.c.obj
                0x00002f38                canfd_common_fifo_rx_isr
 .text.R_DMAC_SoftwareStart
                0x0000300c       0x14 CMakeFiles/renesascup_smartmedicine.elf.dir/ra/fsp/src/r_dmac/r_dmac.c.obj
                0x0000300c                R_DMAC_SoftwareStart
 .text.R_DMAC_SoftwareStop
                0x00003020        0xc CMakeFiles/renesascup_smartmedicine.elf.dir/ra/fsp/src/r_dmac/r_dmac.c.obj
                0x00003020                R_DMAC_SoftwareStop
 .text.R_DMAC_Enable
                0x0000302c        0xc CMakeFiles/renesascup_smartmedicine.elf.dir/ra/fsp/src/r_dmac/r_dmac.c.obj
                0x0000302c                R_DMAC_Enable
 .text.R_DMAC_InfoGet
                0x00003038       0x30 CMakeFiles/renesascup_smartmedicine.elf.dir/ra/fsp/src/r_dmac/r_dmac.c.obj
                0x00003038                R_DMAC_InfoGet
 .text.R_DMAC_Reload
                0x00003068        0x4 CMakeFiles/renesascup_smartmedicine.elf.dir/ra/fsp/src/r_dmac/r_dmac.c.obj
                0x00003068                R_DMAC_Reload
 .text.R_DMAC_CallbackSet
                0x0000306c        0xc CMakeFiles/renesascup_smartmedicine.elf.dir/ra/fsp/src/r_dmac/r_dmac.c.obj
                0x0000306c                R_DMAC_CallbackSet
 .text.R_DMAC_Close
                0x00003078       0x5c CMakeFiles/renesascup_smartmedicine.elf.dir/ra/fsp/src/r_dmac/r_dmac.c.obj
                0x00003078                R_DMAC_Close
 .text.r_dmac_config_transfer_info
                0x000030d4      0x1b0 CMakeFiles/renesascup_smartmedicine.elf.dir/ra/fsp/src/r_dmac/r_dmac.c.obj
 .text.R_DMAC_Open
                0x00003284       0x5c CMakeFiles/renesascup_smartmedicine.elf.dir/ra/fsp/src/r_dmac/r_dmac.c.obj
                0x00003284                R_DMAC_Open
 .text.R_DMAC_Reconfigure
                0x000032e0       0x14 CMakeFiles/renesascup_smartmedicine.elf.dir/ra/fsp/src/r_dmac/r_dmac.c.obj
                0x000032e0                R_DMAC_Reconfigure
 .text.R_DMAC_Disable
                0x000032f4       0x30 CMakeFiles/renesascup_smartmedicine.elf.dir/ra/fsp/src/r_dmac/r_dmac.c.obj
                0x000032f4                R_DMAC_Disable
 .text.R_DMAC_Reset
                0x00003324       0x54 CMakeFiles/renesascup_smartmedicine.elf.dir/ra/fsp/src/r_dmac/r_dmac.c.obj
                0x00003324                R_DMAC_Reset
 .text.dmac_int_isr
                0x00003378       0x48 CMakeFiles/renesascup_smartmedicine.elf.dir/ra/fsp/src/r_dmac/r_dmac.c.obj
                0x00003378                dmac_int_isr
 .text.R_IIC_MASTER_SlaveAddressSet
                0x000033c0        0xc CMakeFiles/renesascup_smartmedicine.elf.dir/ra/fsp/src/r_iic_master/r_iic_master.c.obj
                0x000033c0                R_IIC_MASTER_SlaveAddressSet
 .text.R_IIC_MASTER_CallbackSet
                0x000033cc       0x10 CMakeFiles/renesascup_smartmedicine.elf.dir/ra/fsp/src/r_iic_master/r_iic_master.c.obj
                0x000033cc                R_IIC_MASTER_CallbackSet
 .text.R_IIC_MASTER_StatusGet
                0x000033dc       0x18 CMakeFiles/renesascup_smartmedicine.elf.dir/ra/fsp/src/r_iic_master/r_iic_master.c.obj
                0x000033dc                R_IIC_MASTER_StatusGet
 .text.iic_master_notify
                0x000033f4       0x3c CMakeFiles/renesascup_smartmedicine.elf.dir/ra/fsp/src/r_iic_master/r_iic_master.c.obj
 .text.iic_master_run_hw_master
                0x00003430      0x10c CMakeFiles/renesascup_smartmedicine.elf.dir/ra/fsp/src/r_iic_master/r_iic_master.c.obj
 .text.R_IIC_MASTER_Write
                0x0000353c       0x30 CMakeFiles/renesascup_smartmedicine.elf.dir/ra/fsp/src/r_iic_master/r_iic_master.c.obj
                0x0000353c                R_IIC_MASTER_Write
 .text.R_IIC_MASTER_Read
                0x0000356c       0x34 CMakeFiles/renesascup_smartmedicine.elf.dir/ra/fsp/src/r_iic_master/r_iic_master.c.obj
                0x0000356c                R_IIC_MASTER_Read
 .text.iic_master_open_hw_master
                0x000035a0      0x1b4 CMakeFiles/renesascup_smartmedicine.elf.dir/ra/fsp/src/r_iic_master/r_iic_master.c.obj
 .text.R_IIC_MASTER_Open
                0x00003754       0x78 CMakeFiles/renesascup_smartmedicine.elf.dir/ra/fsp/src/r_iic_master/r_iic_master.c.obj
                0x00003754                R_IIC_MASTER_Open
 .text.R_IIC_MASTER_Abort
                0x000037cc       0x30 CMakeFiles/renesascup_smartmedicine.elf.dir/ra/fsp/src/r_iic_master/r_iic_master.c.obj
                0x000037cc                R_IIC_MASTER_Abort
 .text.R_IIC_MASTER_Close
                0x000037fc       0xd8 CMakeFiles/renesascup_smartmedicine.elf.dir/ra/fsp/src/r_iic_master/r_iic_master.c.obj
                0x000037fc                R_IIC_MASTER_Close
 .text.iic_master_rxi_isr
                0x000038d4      0x180 CMakeFiles/renesascup_smartmedicine.elf.dir/ra/fsp/src/r_iic_master/r_iic_master.c.obj
                0x000038d4                iic_master_rxi_isr
 .text.iic_master_txi_isr
                0x00003a54      0x108 CMakeFiles/renesascup_smartmedicine.elf.dir/ra/fsp/src/r_iic_master/r_iic_master.c.obj
                0x00003a54                iic_master_txi_isr
 .text.iic_master_tei_isr
                0x00003b5c       0xd8 CMakeFiles/renesascup_smartmedicine.elf.dir/ra/fsp/src/r_iic_master/r_iic_master.c.obj
                0x00003b5c                iic_master_tei_isr
 .text.iic_master_eri_isr
                0x00003c34      0x13c CMakeFiles/renesascup_smartmedicine.elf.dir/ra/fsp/src/r_iic_master/r_iic_master.c.obj
                0x00003c34                iic_master_eri_isr
 .text.R_IOPORT_Close
                0x00003d70        0xc CMakeFiles/renesascup_smartmedicine.elf.dir/ra/fsp/src/r_ioport/r_ioport.c.obj
                0x00003d70                R_IOPORT_Close
 .text.R_IOPORT_PinRead
                0x00003d7c       0x24 CMakeFiles/renesascup_smartmedicine.elf.dir/ra/fsp/src/r_ioport/r_ioport.c.obj
                0x00003d7c                R_IOPORT_PinRead
 .text.R_IOPORT_PortRead
                0x00003da0       0x14 CMakeFiles/renesascup_smartmedicine.elf.dir/ra/fsp/src/r_ioport/r_ioport.c.obj
                0x00003da0                R_IOPORT_PortRead
 .text.R_IOPORT_PortWrite
                0x00003db4       0x1c CMakeFiles/renesascup_smartmedicine.elf.dir/ra/fsp/src/r_ioport/r_ioport.c.obj
                0x00003db4                R_IOPORT_PortWrite
 .text.R_IOPORT_PinWrite
                0x00003dd0       0x20 CMakeFiles/renesascup_smartmedicine.elf.dir/ra/fsp/src/r_ioport/r_ioport.c.obj
                0x00003dd0                R_IOPORT_PinWrite
 .text.R_IOPORT_PortDirectionSet
                0x00003df0       0x2c CMakeFiles/renesascup_smartmedicine.elf.dir/ra/fsp/src/r_ioport/r_ioport.c.obj
                0x00003df0                R_IOPORT_PortDirectionSet
 .text.R_IOPORT_PortEventInputRead
                0x00003e1c       0x18 CMakeFiles/renesascup_smartmedicine.elf.dir/ra/fsp/src/r_ioport/r_ioport.c.obj
                0x00003e1c                R_IOPORT_PortEventInputRead
 .text.R_IOPORT_PinEventInputRead
                0x00003e34       0x34 CMakeFiles/renesascup_smartmedicine.elf.dir/ra/fsp/src/r_ioport/r_ioport.c.obj
                0x00003e34                R_IOPORT_PinEventInputRead
 .text.R_IOPORT_PortEventOutputWrite
                0x00003e68       0x1c CMakeFiles/renesascup_smartmedicine.elf.dir/ra/fsp/src/r_ioport/r_ioport.c.obj
                0x00003e68                R_IOPORT_PortEventOutputWrite
 .text.R_IOPORT_PinEventOutputWrite
                0x00003e84       0x34 CMakeFiles/renesascup_smartmedicine.elf.dir/ra/fsp/src/r_ioport/r_ioport.c.obj
                0x00003e84                R_IOPORT_PinEventOutputWrite
 .text.bsp_vbatt_init
                0x00003eb8       0xe8 CMakeFiles/renesascup_smartmedicine.elf.dir/ra/fsp/src/r_ioport/r_ioport.c.obj
 .text.r_ioport_pins_config
                0x00003fa0       0xac CMakeFiles/renesascup_smartmedicine.elf.dir/ra/fsp/src/r_ioport/r_ioport.c.obj
 .text.R_IOPORT_Open
                0x0000404c       0x14 CMakeFiles/renesascup_smartmedicine.elf.dir/ra/fsp/src/r_ioport/r_ioport.c.obj
                0x0000404c                R_IOPORT_Open
 .text.R_IOPORT_PinsCfg
                0x00004060        0xc CMakeFiles/renesascup_smartmedicine.elf.dir/ra/fsp/src/r_ioport/r_ioport.c.obj
                0x00004060                R_IOPORT_PinsCfg
 .text.R_IOPORT_PinCfg
                0x0000406c       0xa8 CMakeFiles/renesascup_smartmedicine.elf.dir/ra/fsp/src/r_ioport/r_ioport.c.obj
                0x0000406c                R_IOPORT_PinCfg
 .text.R_SCI_UART_Close
                0x00004114       0xcc CMakeFiles/renesascup_smartmedicine.elf.dir/ra/fsp/src/r_sci_uart/r_sci_uart.c.obj
                0x00004114                R_SCI_UART_Close
 .text.R_SCI_UART_Read
                0x000041e0        0xc CMakeFiles/renesascup_smartmedicine.elf.dir/ra/fsp/src/r_sci_uart/r_sci_uart.c.obj
                0x000041e0                R_SCI_UART_Read
 .text.R_SCI_UART_Write
                0x000041ec       0x48 CMakeFiles/renesascup_smartmedicine.elf.dir/ra/fsp/src/r_sci_uart/r_sci_uart.c.obj
                0x000041ec                R_SCI_UART_Write
 .text.R_SCI_UART_CallbackSet
                0x00004234       0x10 CMakeFiles/renesascup_smartmedicine.elf.dir/ra/fsp/src/r_sci_uart/r_sci_uart.c.obj
                0x00004234                R_SCI_UART_CallbackSet
 .text.R_SCI_UART_BaudSet
                0x00004244       0x5c CMakeFiles/renesascup_smartmedicine.elf.dir/ra/fsp/src/r_sci_uart/r_sci_uart.c.obj
                0x00004244                R_SCI_UART_BaudSet
 .text.R_SCI_UART_InfoGet
                0x000042a0        0xc CMakeFiles/renesascup_smartmedicine.elf.dir/ra/fsp/src/r_sci_uart/r_sci_uart.c.obj
                0x000042a0                R_SCI_UART_InfoGet
 .text.R_SCI_UART_Abort
                0x000042ac       0x3c CMakeFiles/renesascup_smartmedicine.elf.dir/ra/fsp/src/r_sci_uart/r_sci_uart.c.obj
                0x000042ac                R_SCI_UART_Abort
 .text.R_SCI_UART_ReadStop
                0x000042e8       0x14 CMakeFiles/renesascup_smartmedicine.elf.dir/ra/fsp/src/r_sci_uart/r_sci_uart.c.obj
                0x000042e8                R_SCI_UART_ReadStop
 .text.R_SCI_UART_ReceiveSuspend
                0x000042fc        0x4 CMakeFiles/renesascup_smartmedicine.elf.dir/ra/fsp/src/r_sci_uart/r_sci_uart.c.obj
                0x000042fc                R_SCI_UART_ReceiveSuspend
 .text.r_sci_uart_call_callback
                0x00004300       0x44 CMakeFiles/renesascup_smartmedicine.elf.dir/ra/fsp/src/r_sci_uart/r_sci_uart.c.obj
 .text.R_SCI_UART_ReceiveResume
                0x00004344        0x4 CMakeFiles/renesascup_smartmedicine.elf.dir/ra/fsp/src/r_sci_uart/r_sci_uart.c.obj
                0x00004344                R_SCI_UART_ReceiveResume
 .text.R_SCI_UART_Open
                0x00004348      0x394 CMakeFiles/renesascup_smartmedicine.elf.dir/ra/fsp/src/r_sci_uart/r_sci_uart.c.obj
                0x00004348                R_SCI_UART_Open
 .text.sci_uart_txi_isr
                0x000046dc       0x9c CMakeFiles/renesascup_smartmedicine.elf.dir/ra/fsp/src/r_sci_uart/r_sci_uart.c.obj
                0x000046dc                sci_uart_txi_isr
 .text.sci_uart_rxi_isr
                0x00004778       0x90 CMakeFiles/renesascup_smartmedicine.elf.dir/ra/fsp/src/r_sci_uart/r_sci_uart.c.obj
                0x00004778                sci_uart_rxi_isr
 .text.sci_uart_tei_isr
                0x00004808       0x48 CMakeFiles/renesascup_smartmedicine.elf.dir/ra/fsp/src/r_sci_uart/r_sci_uart.c.obj
                0x00004808                sci_uart_tei_isr
 .text.sci_uart_eri_isr
                0x00004850       0x78 CMakeFiles/renesascup_smartmedicine.elf.dir/ra/fsp/src/r_sci_uart/r_sci_uart.c.obj
                0x00004850                sci_uart_eri_isr
 .text.R_SPI_CallbackSet
                0x000048c8       0x10 CMakeFiles/renesascup_smartmedicine.elf.dir/ra/fsp/src/r_spi/r_spi.c.obj
                0x000048c8                R_SPI_CallbackSet
 .text.R_SPI_Close
                0x000048d8       0xc8 CMakeFiles/renesascup_smartmedicine.elf.dir/ra/fsp/src/r_spi/r_spi.c.obj
                0x000048d8                R_SPI_Close
 .text.r_spi_write_read_common
                0x000049a0      0x19c CMakeFiles/renesascup_smartmedicine.elf.dir/ra/fsp/src/r_spi/r_spi.c.obj
 .text.R_SPI_Read
                0x00004b3c       0x1c CMakeFiles/renesascup_smartmedicine.elf.dir/ra/fsp/src/r_spi/r_spi.c.obj
                0x00004b3c                R_SPI_Read
 .text.R_SPI_Write
                0x00004b58       0x18 CMakeFiles/renesascup_smartmedicine.elf.dir/ra/fsp/src/r_spi/r_spi.c.obj
                0x00004b58                R_SPI_Write
 .text.R_SPI_WriteRead
                0x00004b70       0x10 CMakeFiles/renesascup_smartmedicine.elf.dir/ra/fsp/src/r_spi/r_spi.c.obj
                0x00004b70                R_SPI_WriteRead
 .text.r_spi_transmit
                0x00004b80       0x68 CMakeFiles/renesascup_smartmedicine.elf.dir/ra/fsp/src/r_spi/r_spi.c.obj
 .text.r_spi_call_callback
                0x00004be8       0x40 CMakeFiles/renesascup_smartmedicine.elf.dir/ra/fsp/src/r_spi/r_spi.c.obj
 .text.R_SPI_Open
                0x00004c28      0x30c CMakeFiles/renesascup_smartmedicine.elf.dir/ra/fsp/src/r_spi/r_spi.c.obj
                0x00004c28                R_SPI_Open
 .text.spi_rxi_isr
                0x00004f34       0x9c CMakeFiles/renesascup_smartmedicine.elf.dir/ra/fsp/src/r_spi/r_spi.c.obj
                0x00004f34                spi_rxi_isr
 .text.spi_tx_dmac_callback
                0x00004fd0       0x50 CMakeFiles/renesascup_smartmedicine.elf.dir/ra/fsp/src/r_spi/r_spi.c.obj
                0x00004fd0                spi_tx_dmac_callback
 .text.spi_tei_isr
                0x00005020       0xe8 CMakeFiles/renesascup_smartmedicine.elf.dir/ra/fsp/src/r_spi/r_spi.c.obj
                0x00005020                spi_tei_isr
 .text.spi_eri_isr
                0x00005108       0xec CMakeFiles/renesascup_smartmedicine.elf.dir/ra/fsp/src/r_spi/r_spi.c.obj
                0x00005108                spi_eri_isr
 .text.prvTaskExitError
                0x000051f4        0x4 CMakeFiles/renesascup_smartmedicine.elf.dir/ra/fsp/src/rm_freertos_port/port.c.obj
 .text.SVC_Handler
                0x000051f8       0x18 CMakeFiles/renesascup_smartmedicine.elf.dir/ra/fsp/src/rm_freertos_port/port.c.obj
                0x000051f8                SVC_Handler
 .text.PendSV_Handler
                0x00005210       0x44 CMakeFiles/renesascup_smartmedicine.elf.dir/ra/fsp/src/rm_freertos_port/port.c.obj
                0x00005210                PendSV_Handler
 .text.rm_freertos_port_restore_task_stackless
                0x00005254       0x24 CMakeFiles/renesascup_smartmedicine.elf.dir/ra/fsp/src/rm_freertos_port/port.c.obj
                0x00005254                rm_freertos_port_restore_task_stackless
 .text.SysTick_Handler
                0x00005278       0x24 CMakeFiles/renesascup_smartmedicine.elf.dir/ra/fsp/src/rm_freertos_port/port.c.obj
                0x00005278                SysTick_Handler
 .text.vPortSVCHandler_C
                0x0000529c       0x34 CMakeFiles/renesascup_smartmedicine.elf.dir/ra/fsp/src/rm_freertos_port/port.c.obj
                0x0000529c                vPortSVCHandler_C
 .text.pxPortInitialiseStack
                0x000052d0       0x34 CMakeFiles/renesascup_smartmedicine.elf.dir/ra/fsp/src/rm_freertos_port/port.c.obj
                0x000052d0                pxPortInitialiseStack
 .text.vPortEnterCritical
                0x00005304       0x50 CMakeFiles/renesascup_smartmedicine.elf.dir/ra/fsp/src/rm_freertos_port/port.c.obj
                0x00005304                vPortEnterCritical
 .text.vPortExitCritical
                0x00005354       0x3c CMakeFiles/renesascup_smartmedicine.elf.dir/ra/fsp/src/rm_freertos_port/port.c.obj
                0x00005354                vPortExitCritical
 .text.vPortSetupTimerInterrupt
                0x00005390       0x44 CMakeFiles/renesascup_smartmedicine.elf.dir/ra/fsp/src/rm_freertos_port/port.c.obj
                0x00005390                vPortSetupTimerInterrupt
 .text.xPortStartScheduler
                0x000053d4       0x3c CMakeFiles/renesascup_smartmedicine.elf.dir/ra/fsp/src/rm_freertos_port/port.c.obj
                0x000053d4                xPortStartScheduler
 .text.vPortValidateInterruptPriority
                0x00005410       0x5c CMakeFiles/renesascup_smartmedicine.elf.dir/ra/fsp/src/rm_freertos_port/port.c.obj
                0x00005410                vPortValidateInterruptPriority
 .text.g_spi1_tx_transfer_callback
                0x0000546c        0xc CMakeFiles/renesascup_smartmedicine.elf.dir/ra_gen/GUI_Thread.c.obj
                0x0000546c                g_spi1_tx_transfer_callback
 .text.GUI_Thread_func
                0x00005478       0x14 CMakeFiles/renesascup_smartmedicine.elf.dir/ra_gen/GUI_Thread.c.obj
 .text.GUI_Thread_create
                0x0000548c       0x58 CMakeFiles/renesascup_smartmedicine.elf.dir/ra_gen/GUI_Thread.c.obj
                0x0000548c                GUI_Thread_create
 .text.Motor_thread_func
                0x000054e4       0x14 CMakeFiles/renesascup_smartmedicine.elf.dir/ra_gen/Motor_thread.c.obj
 .text.Motor_thread_create
                0x000054f8       0x4c CMakeFiles/renesascup_smartmedicine.elf.dir/ra_gen/Motor_thread.c.obj
                0x000054f8                Motor_thread_create
 .text.g_common_init
                0x00005544        0x4 CMakeFiles/renesascup_smartmedicine.elf.dir/ra_gen/common_data.c.obj
                0x00005544                g_common_init
 .text.g_hal_init
                0x00005548        0x4 CMakeFiles/renesascup_smartmedicine.elf.dir/ra_gen/hal_data.c.obj
                0x00005548                g_hal_init
 .text.rtos_startup_err_callback_internal
                0x0000554c        0x4 CMakeFiles/renesascup_smartmedicine.elf.dir/ra_gen/main.c.obj
                0x0000554c                rtos_startup_err_callback
                0x0000554c                rtos_startup_err_callback_internal
 .text.rtos_startup_common_init
                0x00005550       0x68 CMakeFiles/renesascup_smartmedicine.elf.dir/ra_gen/main.c.obj
                0x00005550                rtos_startup_common_init
 .text.startup.main
                0x000055b8       0x48 CMakeFiles/renesascup_smartmedicine.elf.dir/ra_gen/main.c.obj
                0x000055b8                main
 .text.vApplicationGetIdleTaskMemory
                0x00005600       0x1c CMakeFiles/renesascup_smartmedicine.elf.dir/ra_gen/main.c.obj
                0x00005600                vApplicationGetIdleTaskMemory
 .text.vApplicationGetTimerTaskMemory
                0x0000561c       0x1c CMakeFiles/renesascup_smartmedicine.elf.dir/ra_gen/main.c.obj
                0x0000561c                vApplicationGetTimerTaskMemory
 .text.GUI_Thread_entry
                0x00005638       0x4c CMakeFiles/renesascup_smartmedicine.elf.dir/src/GUI_Thread_entry.c.obj
                0x00005638                GUI_Thread_entry
 .text.can0_callback
                0x00005684        0x4 CMakeFiles/renesascup_smartmedicine.elf.dir/src/Motor_thread_entry.c.obj
                0x00005684                can0_callback
 .text.Motor_thread_entry
                0x00005688       0x28 CMakeFiles/renesascup_smartmedicine.elf.dir/src/Motor_thread_entry.c.obj
                0x00005688                Motor_thread_entry
 .text.app_touchpad_init
                0x000056b0       0x28 CMakeFiles/renesascup_smartmedicine.elf.dir/src/app/app_i2c_touchpad_test.c.obj
                0x000056b0                app_touchpad_init
 .text.app_touchpad_read
                0x000056d8       0x4c CMakeFiles/renesascup_smartmedicine.elf.dir/src/app/app_i2c_touchpad_test.c.obj
                0x000056d8                app_touchpad_read
 .text.app_spi_display_test
                0x00005724      0x118 CMakeFiles/renesascup_smartmedicine.elf.dir/src/app/app_spi_display_test.c.obj
                0x00005724                app_spi_display_test
 .text.i2c_master2_callback
                0x0000583c       0x58 CMakeFiles/renesascup_smartmedicine.elf.dir/src/drive/GUI/i2c_touchpad_drv.c.obj
                0x0000583c                i2c_master2_callback
 .text.touchpad_driver_init
                0x00005894       0x2c CMakeFiles/renesascup_smartmedicine.elf.dir/src/drive/GUI/i2c_touchpad_drv.c.obj
                0x00005894                touchpad_driver_init
 .text.touchpad_driver_read
                0x000058c0       0xd8 CMakeFiles/renesascup_smartmedicine.elf.dir/src/drive/GUI/i2c_touchpad_drv.c.obj
                0x000058c0                touchpad_driver_read
 .text.spi_send_data_cmd
                0x00005998       0x74 CMakeFiles/renesascup_smartmedicine.elf.dir/src/drive/GUI/spi_display_drv.c.obj
 .text.drv_spi_display_init
                0x00005a0c      0x100 CMakeFiles/renesascup_smartmedicine.elf.dir/src/drive/GUI/spi_display_drv.c.obj
                0x00005a0c                drv_spi_display_init
 .text.spi_display_set_window
                0x00005b0c       0x88 CMakeFiles/renesascup_smartmedicine.elf.dir/src/drive/GUI/spi_display_drv.c.obj
                0x00005b0c                spi_display_set_window
 .text.drv_spi_display_flush_data
                0x00005b94       0x28 CMakeFiles/renesascup_smartmedicine.elf.dir/src/drive/GUI/spi_display_drv.c.obj
                0x00005b94                drv_spi_display_flush_data
 .text.spi1_callback
                0x00005bbc       0x18 CMakeFiles/renesascup_smartmedicine.elf.dir/src/drive/GUI/spi_display_drv.c.obj
                0x00005bbc                spi1_callback
 .text.ZDT_Send_Raw.isra.0
                0x00005bd4       0x34 CMakeFiles/renesascup_smartmedicine.elf.dir/src/drive/ZDT_drv.c.obj
 .text.ZDT_Driver_Init
                0x00005c08       0x10 CMakeFiles/renesascup_smartmedicine.elf.dir/src/drive/ZDT_drv.c.obj
                0x00005c08                ZDT_Driver_Init
 .text.ZDT_Enable
                0x00005c18       0x24 CMakeFiles/renesascup_smartmedicine.elf.dir/src/drive/ZDT_drv.c.obj
                0x00005c18                ZDT_Enable
 .text.drv_uart_init
                0x00005c3c       0x44 CMakeFiles/renesascup_smartmedicine.elf.dir/src/drive/uart_drv.c.obj
                0x00005c3c                drv_uart_init
 .text.uart7_callback
                0x00005c80       0x48 CMakeFiles/renesascup_smartmedicine.elf.dir/src/drive/uart_drv.c.obj
                0x00005c80                uart7_callback
 .text._write   0x00005cc8       0x40 CMakeFiles/renesascup_smartmedicine.elf.dir/src/drive/uart_drv.c.obj
                0x00005cc8                _write
 .text.R_BSP_WarmStart
                0x00005d08       0x18 CMakeFiles/renesascup_smartmedicine.elf.dir/src/hal_warmstart.c.obj
                0x00005d08                R_BSP_WarmStart
 .text.std      0x00005d20       0x6c C:/PROGRA~2/ARMGNU~1/13C7F1~1.2RE/bin/../lib/gcc/arm-none-eabi/13.2.1/thumb/v8-m.main+fp/hard\libg_nano.a(libc_a-findfp.o)
 .text.stdio_exit_handler
                0x00005d8c       0x18 C:/PROGRA~2/ARMGNU~1/13C7F1~1.2RE/bin/../lib/gcc/arm-none-eabi/13.2.1/thumb/v8-m.main+fp/hard\libg_nano.a(libc_a-findfp.o)
 .text.cleanup_stdio
                0x00005da4       0x40 C:/PROGRA~2/ARMGNU~1/13C7F1~1.2RE/bin/../lib/gcc/arm-none-eabi/13.2.1/thumb/v8-m.main+fp/hard\libg_nano.a(libc_a-findfp.o)
 .text.global_stdio_init.part.0
                0x00005de4       0x3c C:/PROGRA~2/ARMGNU~1/13C7F1~1.2RE/bin/../lib/gcc/arm-none-eabi/13.2.1/thumb/v8-m.main+fp/hard\libg_nano.a(libc_a-findfp.o)
 .text.__sfp_lock_acquire
                0x00005e20        0xc C:/PROGRA~2/ARMGNU~1/13C7F1~1.2RE/bin/../lib/gcc/arm-none-eabi/13.2.1/thumb/v8-m.main+fp/hard\libg_nano.a(libc_a-findfp.o)
                0x00005e20                __sfp_lock_acquire
 .text.__sfp_lock_release
                0x00005e2c        0xc C:/PROGRA~2/ARMGNU~1/13C7F1~1.2RE/bin/../lib/gcc/arm-none-eabi/13.2.1/thumb/v8-m.main+fp/hard\libg_nano.a(libc_a-findfp.o)
                0x00005e2c                __sfp_lock_release
 .text.__sinit  0x00005e38       0x30 C:/PROGRA~2/ARMGNU~1/13C7F1~1.2RE/bin/../lib/gcc/arm-none-eabi/13.2.1/thumb/v8-m.main+fp/hard\libg_nano.a(libc_a-findfp.o)
                0x00005e38                __sinit
 .text._fwalk_sglue
                0x00005e68       0x3c C:/PROGRA~2/ARMGNU~1/13C7F1~1.2RE/bin/../lib/gcc/arm-none-eabi/13.2.1/thumb/v8-m.main+fp/hard\libg_nano.a(libc_a-fwalk.o)
                0x00005e68                _fwalk_sglue
 .text.printf   0x00005ea4       0x24 C:/PROGRA~2/ARMGNU~1/13C7F1~1.2RE/bin/../lib/gcc/arm-none-eabi/13.2.1/thumb/v8-m.main+fp/hard\libg_nano.a(libc_a-printf.o)
                0x00005ea4                iprintf
                0x00005ea4                printf
 .text._puts_r  0x00005ec8       0xaa C:/PROGRA~2/ARMGNU~1/13C7F1~1.2RE/bin/../lib/gcc/arm-none-eabi/13.2.1/thumb/v8-m.main+fp/hard\libg_nano.a(libc_a-puts.o)
                0x00005ec8                _puts_r
 *fill*         0x00005f72        0x2 
 .text.puts     0x00005f74       0x10 C:/PROGRA~2/ARMGNU~1/13C7F1~1.2RE/bin/../lib/gcc/arm-none-eabi/13.2.1/thumb/v8-m.main+fp/hard\libg_nano.a(libc_a-puts.o)
                0x00005f74                puts
 .text.__sread  0x00005f84       0x22 C:/PROGRA~2/ARMGNU~1/13C7F1~1.2RE/bin/../lib/gcc/arm-none-eabi/13.2.1/thumb/v8-m.main+fp/hard\libg_nano.a(libc_a-stdio.o)
                0x00005f84                __sread
 .text.__swrite
                0x00005fa6       0x38 C:/PROGRA~2/ARMGNU~1/13C7F1~1.2RE/bin/../lib/gcc/arm-none-eabi/13.2.1/thumb/v8-m.main+fp/hard\libg_nano.a(libc_a-stdio.o)
                0x00005fa6                __swrite
 .text.__sseek  0x00005fde       0x24 C:/PROGRA~2/ARMGNU~1/13C7F1~1.2RE/bin/../lib/gcc/arm-none-eabi/13.2.1/thumb/v8-m.main+fp/hard\libg_nano.a(libc_a-stdio.o)
                0x00005fde                __sseek
 .text.__sclose
                0x00006002        0x8 C:/PROGRA~2/ARMGNU~1/13C7F1~1.2RE/bin/../lib/gcc/arm-none-eabi/13.2.1/thumb/v8-m.main+fp/hard\libg_nano.a(libc_a-stdio.o)
                0x00006002                __sclose
 .text.__swbuf_r
                0x0000600a       0x7c C:/PROGRA~2/ARMGNU~1/13C7F1~1.2RE/bin/../lib/gcc/arm-none-eabi/13.2.1/thumb/v8-m.main+fp/hard\libg_nano.a(libc_a-wbuf.o)
                0x0000600a                __swbuf_r
 *fill*         0x00006086        0x2 
 .text.__swsetup_r
                0x00006088       0xac C:/PROGRA~2/ARMGNU~1/13C7F1~1.2RE/bin/../lib/gcc/arm-none-eabi/13.2.1/thumb/v8-m.main+fp/hard\libg_nano.a(libc_a-wsetup.o)
                0x00006088                __swsetup_r
 .text.memset   0x00006134       0x10 C:/PROGRA~2/ARMGNU~1/13C7F1~1.2RE/bin/../lib/gcc/arm-none-eabi/13.2.1/thumb/v8-m.main+fp/hard\libg_nano.a(libc_a-memset.o)
                0x00006134                memset
 .text._close_r
                0x00006144       0x20 C:/PROGRA~2/ARMGNU~1/13C7F1~1.2RE/bin/../lib/gcc/arm-none-eabi/13.2.1/thumb/v8-m.main+fp/hard\libg_nano.a(libc_a-closer.o)
                0x00006144                _close_r
 .text._lseek_r
                0x00006164       0x24 C:/PROGRA~2/ARMGNU~1/13C7F1~1.2RE/bin/../lib/gcc/arm-none-eabi/13.2.1/thumb/v8-m.main+fp/hard\libg_nano.a(libc_a-lseekr.o)
                0x00006164                _lseek_r
 .text._read_r  0x00006188       0x24 C:/PROGRA~2/ARMGNU~1/13C7F1~1.2RE/bin/../lib/gcc/arm-none-eabi/13.2.1/thumb/v8-m.main+fp/hard\libg_nano.a(libc_a-readr.o)
                0x00006188                _read_r
 .text._write_r
                0x000061ac       0x24 C:/PROGRA~2/ARMGNU~1/13C7F1~1.2RE/bin/../lib/gcc/arm-none-eabi/13.2.1/thumb/v8-m.main+fp/hard\libg_nano.a(libc_a-writer.o)
                0x000061ac                _write_r
 .text.__errno  0x000061d0        0xc C:/PROGRA~2/ARMGNU~1/13C7F1~1.2RE/bin/../lib/gcc/arm-none-eabi/13.2.1/thumb/v8-m.main+fp/hard\libg_nano.a(libc_a-errno.o)
                0x000061d0                __errno
 .text.__retarget_lock_init_recursive
                0x000061dc        0x2 C:/PROGRA~2/ARMGNU~1/13C7F1~1.2RE/bin/../lib/gcc/arm-none-eabi/13.2.1/thumb/v8-m.main+fp/hard\libg_nano.a(libc_a-lock.o)
                0x000061dc                __retarget_lock_init_recursive
 .text.__retarget_lock_acquire_recursive
                0x000061de        0x2 C:/PROGRA~2/ARMGNU~1/13C7F1~1.2RE/bin/../lib/gcc/arm-none-eabi/13.2.1/thumb/v8-m.main+fp/hard\libg_nano.a(libc_a-lock.o)
                0x000061de                __retarget_lock_acquire_recursive
 .text.__retarget_lock_release_recursive
                0x000061e0        0x2 C:/PROGRA~2/ARMGNU~1/13C7F1~1.2RE/bin/../lib/gcc/arm-none-eabi/13.2.1/thumb/v8-m.main+fp/hard\libg_nano.a(libc_a-lock.o)
                0x000061e0                __retarget_lock_release_recursive
 .text.memcpy   0x000061e2       0x1a C:/PROGRA~2/ARMGNU~1/13C7F1~1.2RE/bin/../lib/gcc/arm-none-eabi/13.2.1/thumb/v8-m.main+fp/hard\libg_nano.a(libc_a-memcpy-stub.o)
                0x000061e2                memcpy
 .text._free_r  0x000061fc       0x94 C:/PROGRA~2/ARMGNU~1/13C7F1~1.2RE/bin/../lib/gcc/arm-none-eabi/13.2.1/thumb/v8-m.main+fp/hard\libg_nano.a(libc_a-freer.o)
                0x000061fc                _free_r
 .text.sbrk_aligned
                0x00006290       0x44 C:/PROGRA~2/ARMGNU~1/13C7F1~1.2RE/bin/../lib/gcc/arm-none-eabi/13.2.1/thumb/v8-m.main+fp/hard\libg_nano.a(libc_a-mallocr.o)
 .text._malloc_r
                0x000062d4      0x100 C:/PROGRA~2/ARMGNU~1/13C7F1~1.2RE/bin/../lib/gcc/arm-none-eabi/13.2.1/thumb/v8-m.main+fp/hard\libg_nano.a(libc_a-mallocr.o)
                0x000062d4                _malloc_r
 .text.__malloc_lock
                0x000063d4        0xc C:/PROGRA~2/ARMGNU~1/13C7F1~1.2RE/bin/../lib/gcc/arm-none-eabi/13.2.1/thumb/v8-m.main+fp/hard\libg_nano.a(libc_a-mlock.o)
                0x000063d4                __malloc_lock
 .text.__malloc_unlock
                0x000063e0        0xc C:/PROGRA~2/ARMGNU~1/13C7F1~1.2RE/bin/../lib/gcc/arm-none-eabi/13.2.1/thumb/v8-m.main+fp/hard\libg_nano.a(libc_a-mlock.o)
                0x000063e0                __malloc_unlock
 .text.__sfputc_r
                0x000063ec       0x2e C:/PROGRA~2/ARMGNU~1/13C7F1~1.2RE/bin/../lib/gcc/arm-none-eabi/13.2.1/thumb/v8-m.main+fp/hard\libg_nano.a(libc_a-nano-vfprintf.o)
 .text.__sfputs_r
                0x0000641a       0x24 C:/PROGRA~2/ARMGNU~1/13C7F1~1.2RE/bin/../lib/gcc/arm-none-eabi/13.2.1/thumb/v8-m.main+fp/hard\libg_nano.a(libc_a-nano-vfprintf.o)
                0x0000641a                __sfputs_r
 *fill*         0x0000643e        0x2 
 .text._vfprintf_r
                0x00006440      0x230 C:/PROGRA~2/ARMGNU~1/13C7F1~1.2RE/bin/../lib/gcc/arm-none-eabi/13.2.1/thumb/v8-m.main+fp/hard\libg_nano.a(libc_a-nano-vfprintf.o)
                0x00006440                _vfprintf_r
                0x00006440                _vfiprintf_r
 .text._printf_common
                0x00006670       0xe4 C:/PROGRA~2/ARMGNU~1/13C7F1~1.2RE/bin/../lib/gcc/arm-none-eabi/13.2.1/thumb/v8-m.main+fp/hard\libg_nano.a(libc_a-nano-vfprintf_i.o)
                0x00006670                _printf_common
 .text._printf_i
                0x00006754      0x23c C:/PROGRA~2/ARMGNU~1/13C7F1~1.2RE/bin/../lib/gcc/arm-none-eabi/13.2.1/thumb/v8-m.main+fp/hard\libg_nano.a(libc_a-nano-vfprintf_i.o)
                0x00006754                _printf_i
 .text.__sflush_r
                0x00006990      0x108 C:/PROGRA~2/ARMGNU~1/13C7F1~1.2RE/bin/../lib/gcc/arm-none-eabi/13.2.1/thumb/v8-m.main+fp/hard\libg_nano.a(libc_a-fflush.o)
                0x00006990                __sflush_r
 .text._fflush_r
                0x00006a98       0x50 C:/PROGRA~2/ARMGNU~1/13C7F1~1.2RE/bin/../lib/gcc/arm-none-eabi/13.2.1/thumb/v8-m.main+fp/hard\libg_nano.a(libc_a-fflush.o)
                0x00006a98                _fflush_r
 .text.__swhatbuf_r
                0x00006ae8       0x4a C:/PROGRA~2/ARMGNU~1/13C7F1~1.2RE/bin/../lib/gcc/arm-none-eabi/13.2.1/thumb/v8-m.main+fp/hard\libg_nano.a(libc_a-makebuf.o)
                0x00006ae8                __swhatbuf_r
 .text.__smakebuf_r
                0x00006b32       0x78 C:/PROGRA~2/ARMGNU~1/13C7F1~1.2RE/bin/../lib/gcc/arm-none-eabi/13.2.1/thumb/v8-m.main+fp/hard\libg_nano.a(libc_a-makebuf.o)
                0x00006b32                __smakebuf_r
 *fill*         0x00006baa        0x2 
 .text._fstat_r
                0x00006bac       0x24 C:/PROGRA~2/ARMGNU~1/13C7F1~1.2RE/bin/../lib/gcc/arm-none-eabi/13.2.1/thumb/v8-m.main+fp/hard\libg_nano.a(libc_a-fstatr.o)
                0x00006bac                _fstat_r
 .text._isatty_r
                0x00006bd0       0x20 C:/PROGRA~2/ARMGNU~1/13C7F1~1.2RE/bin/../lib/gcc/arm-none-eabi/13.2.1/thumb/v8-m.main+fp/hard\libg_nano.a(libc_a-isattyr.o)
                0x00006bd0                _isatty_r
 .text._sbrk_r  0x00006bf0       0x20 C:/PROGRA~2/ARMGNU~1/13C7F1~1.2RE/bin/../lib/gcc/arm-none-eabi/13.2.1/thumb/v8-m.main+fp/hard\libg_nano.a(libc_a-sbrkr.o)
                0x00006bf0                _sbrk_r
 .text.memchr   0x00006c10       0x1c C:/PROGRA~2/ARMGNU~1/13C7F1~1.2RE/bin/../lib/gcc/arm-none-eabi/13.2.1/thumb/v8-m.main+fp/hard\libg_nano.a(libc_a-memchr-stub.o)
                0x00006c10                memchr
 .text._close   0x00006c2c       0x10 C:/PROGRA~2/ARMGNU~1/13C7F1~1.2RE/bin/../lib/gcc/arm-none-eabi/13.2.1/thumb/v8-m.main+fp/hard\libnosys.a(close.o)
                0x00006c2c                _close
 .text._fstat   0x00006c3c       0x10 C:/PROGRA~2/ARMGNU~1/13C7F1~1.2RE/bin/../lib/gcc/arm-none-eabi/13.2.1/thumb/v8-m.main+fp/hard\libnosys.a(fstat.o)
                0x00006c3c                _fstat
 .text._isatty  0x00006c4c       0x10 C:/PROGRA~2/ARMGNU~1/13C7F1~1.2RE/bin/../lib/gcc/arm-none-eabi/13.2.1/thumb/v8-m.main+fp/hard\libnosys.a(isatty.o)
                0x00006c4c                _isatty
 .text._lseek   0x00006c5c       0x10 C:/PROGRA~2/ARMGNU~1/13C7F1~1.2RE/bin/../lib/gcc/arm-none-eabi/13.2.1/thumb/v8-m.main+fp/hard\libnosys.a(lseek.o)
                0x00006c5c                _lseek
 .text._read    0x00006c6c       0x10 C:/PROGRA~2/ARMGNU~1/13C7F1~1.2RE/bin/../lib/gcc/arm-none-eabi/13.2.1/thumb/v8-m.main+fp/hard\libnosys.a(read.o)
                0x00006c6c                _read
 *(.rodata*)
 .rodata.pvPortMalloc.str1.4
                0x00006c7c      0xb49 CMakeFiles/renesascup_smartmedicine.elf.dir/ra/aws/FreeRTOS/FreeRTOS/Source/portable/MemMang/heap_4.c.obj
                                0x1f1 (size before relaxing)
 .rodata.vPortFree.str1.4
                0x000077c5      0x184 CMakeFiles/renesascup_smartmedicine.elf.dir/ra/aws/FreeRTOS/FreeRTOS/Source/portable/MemMang/heap_4.c.obj
 *fill*         0x000077c5        0x3 
 .rodata.__func__.0
                0x000077c8       0x1b CMakeFiles/renesascup_smartmedicine.elf.dir/ra/aws/FreeRTOS/FreeRTOS/Source/portable/MemMang/heap_4.c.obj
 *fill*         0x000077e3        0x1 
 .rodata.__func__.1
                0x000077e4        0xa CMakeFiles/renesascup_smartmedicine.elf.dir/ra/aws/FreeRTOS/FreeRTOS/Source/portable/MemMang/heap_4.c.obj
 *fill*         0x000077ee        0x2 
 .rodata.__func__.2
                0x000077f0        0xd CMakeFiles/renesascup_smartmedicine.elf.dir/ra/aws/FreeRTOS/FreeRTOS/Source/portable/MemMang/heap_4.c.obj
 .rodata.vQueueUnregisterQueue.part.0.str1.4
                0x000077fd       0x5c CMakeFiles/renesascup_smartmedicine.elf.dir/ra/aws/FreeRTOS/FreeRTOS/Source/queue.c.obj
 .rodata.xQueueGenericReset.str1.4
                0x000077fd       0x2c CMakeFiles/renesascup_smartmedicine.elf.dir/ra/aws/FreeRTOS/FreeRTOS/Source/queue.c.obj
 .rodata.xQueueGenericCreateStatic.str1.4
                0x000077fd       0x37 CMakeFiles/renesascup_smartmedicine.elf.dir/ra/aws/FreeRTOS/FreeRTOS/Source/queue.c.obj
 .rodata.xQueueCreateCountingSemaphoreStatic.str1.4
                0x000077fd        0x8 CMakeFiles/renesascup_smartmedicine.elf.dir/ra/aws/FreeRTOS/FreeRTOS/Source/queue.c.obj
 .rodata.xQueueGenericSend.str1.4
                0x000077fd       0xfb CMakeFiles/renesascup_smartmedicine.elf.dir/ra/aws/FreeRTOS/FreeRTOS/Source/queue.c.obj
 .rodata.xQueueGenericSendFromISR.str1.4
                0x000077fd       0x22 CMakeFiles/renesascup_smartmedicine.elf.dir/ra/aws/FreeRTOS/FreeRTOS/Source/queue.c.obj
 .rodata.xQueueGiveFromISR.str1.4
                0x000077fd       0x7d CMakeFiles/renesascup_smartmedicine.elf.dir/ra/aws/FreeRTOS/FreeRTOS/Source/queue.c.obj
 .rodata.xQueueReceive.str1.4
                0x000077fd       0x66 CMakeFiles/renesascup_smartmedicine.elf.dir/ra/aws/FreeRTOS/FreeRTOS/Source/queue.c.obj
 *fill*         0x000077fd        0x3 
 .rodata.__func__.2
                0x00007800       0x14 CMakeFiles/renesascup_smartmedicine.elf.dir/ra/aws/FreeRTOS/FreeRTOS/Source/queue.c.obj
 .rodata.__func__.12
                0x00007814       0x14 CMakeFiles/renesascup_smartmedicine.elf.dir/ra/aws/FreeRTOS/FreeRTOS/Source/queue.c.obj
 .rodata.__func__.13
                0x00007828        0xe CMakeFiles/renesascup_smartmedicine.elf.dir/ra/aws/FreeRTOS/FreeRTOS/Source/queue.c.obj
 *fill*         0x00007836        0x2 
 .rodata.__func__.14
                0x00007838       0x12 CMakeFiles/renesascup_smartmedicine.elf.dir/ra/aws/FreeRTOS/FreeRTOS/Source/queue.c.obj
 *fill*         0x0000784a        0x2 
 .rodata.__func__.16
                0x0000784c       0x12 CMakeFiles/renesascup_smartmedicine.elf.dir/ra/aws/FreeRTOS/FreeRTOS/Source/queue.c.obj
 *fill*         0x0000785e        0x2 
 .rodata.__func__.18
                0x00007860       0x24 CMakeFiles/renesascup_smartmedicine.elf.dir/ra/aws/FreeRTOS/FreeRTOS/Source/queue.c.obj
 .rodata.__func__.19
                0x00007884       0x14 CMakeFiles/renesascup_smartmedicine.elf.dir/ra/aws/FreeRTOS/FreeRTOS/Source/queue.c.obj
 .rodata.__func__.21
                0x00007898       0x1a CMakeFiles/renesascup_smartmedicine.elf.dir/ra/aws/FreeRTOS/FreeRTOS/Source/queue.c.obj
 *fill*         0x000078b2        0x2 
 .rodata.__func__.22
                0x000078b4       0x13 CMakeFiles/renesascup_smartmedicine.elf.dir/ra/aws/FreeRTOS/FreeRTOS/Source/queue.c.obj
 .rodata.prvTaskIsTaskSuspended.part.0.str1.4
                0x000078c7       0x5c CMakeFiles/renesascup_smartmedicine.elf.dir/ra/aws/FreeRTOS/FreeRTOS/Source/tasks.c.obj
 .rodata.prvInitialiseNewTask.constprop.0.str1.4
                0x000078c7       0x11 CMakeFiles/renesascup_smartmedicine.elf.dir/ra/aws/FreeRTOS/FreeRTOS/Source/tasks.c.obj
 .rodata.prvCheckTasksWaitingTermination.str1.4
                0x000078c7       0x32 CMakeFiles/renesascup_smartmedicine.elf.dir/ra/aws/FreeRTOS/FreeRTOS/Source/tasks.c.obj
 .rodata.xTaskIncrementTick.part.0.str1.4
                0x000078c7       0x76 CMakeFiles/renesascup_smartmedicine.elf.dir/ra/aws/FreeRTOS/FreeRTOS/Source/tasks.c.obj
 .rodata.xTaskCreateStatic.str1.4
                0x000078c7       0x55 CMakeFiles/renesascup_smartmedicine.elf.dir/ra/aws/FreeRTOS/FreeRTOS/Source/tasks.c.obj
 .rodata.vTaskStartScheduler.str1.4
                0x000078c7       0x12 CMakeFiles/renesascup_smartmedicine.elf.dir/ra/aws/FreeRTOS/FreeRTOS/Source/tasks.c.obj
 .rodata.xTaskResumeAll.str1.4
                0x000078c7       0x1b CMakeFiles/renesascup_smartmedicine.elf.dir/ra/aws/FreeRTOS/FreeRTOS/Source/tasks.c.obj
 .rodata.xTaskDelayUntil.str1.4
                0x000078c7       0x47 CMakeFiles/renesascup_smartmedicine.elf.dir/ra/aws/FreeRTOS/FreeRTOS/Source/tasks.c.obj
 .rodata.vTaskSwitchContext.str1.4
                0x000078c7        0xe CMakeFiles/renesascup_smartmedicine.elf.dir/ra/aws/FreeRTOS/FreeRTOS/Source/tasks.c.obj
 .rodata.vTaskPlaceOnEventList.str1.4
                0x000078c7        0xc CMakeFiles/renesascup_smartmedicine.elf.dir/ra/aws/FreeRTOS/FreeRTOS/Source/tasks.c.obj
 .rodata.xTaskRemoveFromEventList.str1.4
                0x000078c7        0xf CMakeFiles/renesascup_smartmedicine.elf.dir/ra/aws/FreeRTOS/FreeRTOS/Source/tasks.c.obj
 .rodata.vTaskSetTimeOutState.str1.4
                0x000078c7        0xa CMakeFiles/renesascup_smartmedicine.elf.dir/ra/aws/FreeRTOS/FreeRTOS/Source/tasks.c.obj
 .rodata.xTaskCheckForTimeOut.str1.4
                0x000078c7        0xe CMakeFiles/renesascup_smartmedicine.elf.dir/ra/aws/FreeRTOS/FreeRTOS/Source/tasks.c.obj
 *fill*         0x000078c7        0x1 
 .rodata.__func__.8
                0x000078c8       0x15 CMakeFiles/renesascup_smartmedicine.elf.dir/ra/aws/FreeRTOS/FreeRTOS/Source/tasks.c.obj
 *fill*         0x000078dd        0x3 
 .rodata.__func__.11
                0x000078e0       0x19 CMakeFiles/renesascup_smartmedicine.elf.dir/ra/aws/FreeRTOS/FreeRTOS/Source/tasks.c.obj
 *fill*         0x000078f9        0x3 
 .rodata.__func__.12
                0x000078fc       0x20 CMakeFiles/renesascup_smartmedicine.elf.dir/ra/aws/FreeRTOS/FreeRTOS/Source/tasks.c.obj
 .rodata.__func__.14
                0x0000791c       0x16 CMakeFiles/renesascup_smartmedicine.elf.dir/ra/aws/FreeRTOS/FreeRTOS/Source/tasks.c.obj
 *fill*         0x00007932        0x2 
 .rodata.__func__.15