Archive member included to satisfy reference by file (symbol)

C:/PROGRA~2/ARMGNU~1/13C7F1~1.2RE/bin/../lib/gcc/arm-none-eabi/13.2.1/thumb/v8-m.main+fp/hard\libgcc.a(_aeabi_ldivmod.o)
                              CMakeFiles/renesascup_smartmedicine.elf.dir/ra/fsp/src/r_sci_uart/r_sci_uart.c.obj (__aeabi_ldivmod)
C:/PROGRA~2/ARMGNU~1/13C7F1~1.2RE/bin/../lib/gcc/arm-none-eabi/13.2.1/thumb/v8-m.main+fp/hard\libgcc.a(_udivmoddi4.o)
                              C:/PROGRA~2/ARMGNU~1/13C7F1~1.2RE/bin/../lib/gcc/arm-none-eabi/13.2.1/thumb/v8-m.main+fp/hard\libgcc.a(_aeabi_ldivmod.o) (__udivmoddi4)
C:/PROGRA~2/ARMGNU~1/13C7F1~1.2RE/bin/../lib/gcc/arm-none-eabi/13.2.1/thumb/v8-m.main+fp/hard\libgcc.a(_dvmd_tls.o)
                              C:/PROGRA~2/ARMGNU~1/13C7F1~1.2RE/bin/../lib/gcc/arm-none-eabi/13.2.1/thumb/v8-m.main+fp/hard\libgcc.a(_aeabi_ldivmod.o) (__aeabi_ldiv0)
C:/PROGRA~2/ARMGNU~1/13C7F1~1.2RE/bin/../lib/gcc/arm-none-eabi/13.2.1/thumb/v8-m.main+fp/hard\libg_nano.a(libc_a-exit.o)
                              C:/PROGRA~2/ARMGNU~1/13C7F1~1.2RE/bin/../lib/gcc/arm-none-eabi/13.2.1/thumb/v8-m.main+fp/hard/crt0.o (exit)
C:/PROGRA~2/ARMGNU~1/13C7F1~1.2RE/bin/../lib/gcc/arm-none-eabi/13.2.1/thumb/v8-m.main+fp/hard\libg_nano.a(libc_a-findfp.o)
                              C:/PROGRA~2/ARMGNU~1/13C7F1~1.2RE/bin/../lib/gcc/arm-none-eabi/13.2.1/thumb/v8-m.main+fp/hard\libg_nano.a(libc_a-exit.o) (__stdio_exit_handler)
C:/PROGRA~2/ARMGNU~1/13C7F1~1.2RE/bin/../lib/gcc/arm-none-eabi/13.2.1/thumb/v8-m.main+fp/hard\libg_nano.a(libc_a-fwalk.o)
                              C:/PROGRA~2/ARMGNU~1/13C7F1~1.2RE/bin/../lib/gcc/arm-none-eabi/13.2.1/thumb/v8-m.main+fp/hard\libg_nano.a(libc_a-findfp.o) (_fwalk_sglue)
C:/PROGRA~2/ARMGNU~1/13C7F1~1.2RE/bin/../lib/gcc/arm-none-eabi/13.2.1/thumb/v8-m.main+fp/hard\libg_nano.a(libc_a-printf.o)
                              CMakeFiles/renesascup_smartmedicine.elf.dir/src/GUI_Thread_entry.c.obj (printf)
C:/PROGRA~2/ARMGNU~1/13C7F1~1.2RE/bin/../lib/gcc/arm-none-eabi/13.2.1/thumb/v8-m.main+fp/hard\libg_nano.a(libc_a-puts.o)
                              CMakeFiles/renesascup_smartmedicine.elf.dir/src/GUI_Thread_entry.c.obj (puts)
C:/PROGRA~2/ARMGNU~1/13C7F1~1.2RE/bin/../lib/gcc/arm-none-eabi/13.2.1/thumb/v8-m.main+fp/hard\libg_nano.a(libc_a-snprintf.o)
                              CMakeFiles/renesascup_smartmedicine.elf.dir/ra/aws/FreeRTOS/FreeRTOS/Source/tasks.c.obj (snprintf)
C:/PROGRA~2/ARMGNU~1/13C7F1~1.2RE/bin/../lib/gcc/arm-none-eabi/13.2.1/thumb/v8-m.main+fp/hard\libg_nano.a(libc_a-stdio.o)
                              C:/PROGRA~2/ARMGNU~1/13C7F1~1.2RE/bin/../lib/gcc/arm-none-eabi/13.2.1/thumb/v8-m.main+fp/hard\libg_nano.a(libc_a-findfp.o) (__sread)
C:/PROGRA~2/ARMGNU~1/13C7F1~1.2RE/bin/../lib/gcc/arm-none-eabi/13.2.1/thumb/v8-m.main+fp/hard\libg_nano.a(libc_a-wbuf.o)
                              C:/PROGRA~2/ARMGNU~1/13C7F1~1.2RE/bin/../lib/gcc/arm-none-eabi/13.2.1/thumb/v8-m.main+fp/hard\libg_nano.a(libc_a-puts.o) (__swbuf_r)
C:/PROGRA~2/ARMGNU~1/13C7F1~1.2RE/bin/../lib/gcc/arm-none-eabi/13.2.1/thumb/v8-m.main+fp/hard\libg_nano.a(libc_a-wsetup.o)
                              C:/PROGRA~2/ARMGNU~1/13C7F1~1.2RE/bin/../lib/gcc/arm-none-eabi/13.2.1/thumb/v8-m.main+fp/hard\libg_nano.a(libc_a-puts.o) (__swsetup_r)
C:/PROGRA~2/ARMGNU~1/13C7F1~1.2RE/bin/../lib/gcc/arm-none-eabi/13.2.1/thumb/v8-m.main+fp/hard\libg_nano.a(libc_a-memset.o)
                              C:/PROGRA~2/ARMGNU~1/13C7F1~1.2RE/bin/../lib/gcc/arm-none-eabi/13.2.1/thumb/v8-m.main+fp/hard/crt0.o (memset)
C:/PROGRA~2/ARMGNU~1/13C7F1~1.2RE/bin/../lib/gcc/arm-none-eabi/13.2.1/thumb/v8-m.main+fp/hard\libg_nano.a(libc_a-closer.o)
                              C:/PROGRA~2/ARMGNU~1/13C7F1~1.2RE/bin/../lib/gcc/arm-none-eabi/13.2.1/thumb/v8-m.main+fp/hard\libg_nano.a(libc_a-stdio.o) (_close_r)
C:/PROGRA~2/ARMGNU~1/13C7F1~1.2RE/bin/../lib/gcc/arm-none-eabi/13.2.1/thumb/v8-m.main+fp/hard\libg_nano.a(libc_a-reent.o)
                              C:/PROGRA~2/ARMGNU~1/13C7F1~1.2RE/bin/../lib/gcc/arm-none-eabi/13.2.1/thumb/v8-m.main+fp/hard\libg_nano.a(libc_a-closer.o) (errno)
C:/PROGRA~2/ARMGNU~1/13C7F1~1.2RE/bin/../lib/gcc/arm-none-eabi/13.2.1/thumb/v8-m.main+fp/hard\libg_nano.a(libc_a-impure.o)
                              C:/PROGRA~2/ARMGNU~1/13C7F1~1.2RE/bin/../lib/gcc/arm-none-eabi/13.2.1/thumb/v8-m.main+fp/hard\libg_nano.a(libc_a-printf.o) (_impure_ptr)
C:/PROGRA~2/ARMGNU~1/13C7F1~1.2RE/bin/../lib/gcc/arm-none-eabi/13.2.1/thumb/v8-m.main+fp/hard\libg_nano.a(libc_a-lseekr.o)
                              C:/PROGRA~2/ARMGNU~1/13C7F1~1.2RE/bin/../lib/gcc/arm-none-eabi/13.2.1/thumb/v8-m.main+fp/hard\libg_nano.a(libc_a-stdio.o) (_lseek_r)
C:/PROGRA~2/ARMGNU~1/13C7F1~1.2RE/bin/../lib/gcc/arm-none-eabi/13.2.1/thumb/v8-m.main+fp/hard\libg_nano.a(libc_a-readr.o)
                              C:/PROGRA~2/ARMGNU~1/13C7F1~1.2RE/bin/../lib/gcc/arm-none-eabi/13.2.1/thumb/v8-m.main+fp/hard\libg_nano.a(libc_a-stdio.o) (_read_r)
[...]
Memory Configuration

Name             Origin             Length             Attributes
RAM              0x20000000         0x00080000         xrw
FLASH            0x00000000         0x00100000         xr
DATA_FLASH       0x08000000         0x00002000         xr
QSPI_FLASH       0x60000000         0x04000000         xr
OSPI0_CS0        0x68000000         0x08000000         xrw
OSPI0_CS1        0x70000000         0x10000000         xr
OPTION_SETTING_OFS0 0x0100a100         0x00000004         r
OPTION_SETTING_DUALSEL 0x0100a110         0x00000004         r
OPTION_SETTING_OFS1 0x0100a180         0x00000004         r
OPTION_SETTING_BANKSEL 0x0100a190         0x00000004         r
OPTION_SETTING_BPS 0x0100a1c0         0x00000010         r
OPTION_SETTING_PBPS 0x0100a1e0         0x00000010         r
OPTION_SETTING_OFS1_SEC 0x0100a200         0x00000004         r
OPTION_SETTING_BANKSEL_SEC 0x0100a210         0x00000004         r
OPTION_SETTING_BPS_SEC 0x0100a240         0x00000010         r
OPTION_SETTING_PBPS_SEC 0x0100a260         0x00000010         r
OPTION_SETTING_OFS1_SEL 0x0100a280         0x00000004         r
OPTION_SETTING_BANKSEL_SEL 0x0100a290         0x00000004         r
OPTION_SETTING_BPS_SEL 0x0100a2c0         0x00000010         r
*default*        0x00000000         0xffffffff

Linker script and memory map

LOAD C:/PROGRA~2/ARMGNU~1/13C7F1~1.2RE/bin/../lib/gcc/arm-none-eabi/13.2.1/thumb/v8-m.main+fp/hard/crti.o
LOAD C:/PROGRA~2/ARMGNU~1/13C7F1~1.2RE/bin/../lib/gcc/arm-none-eabi/13.2.1/thumb/v8-m.main+fp/hard/crtbegin.o
LOAD C:/PROGRA~2/ARMGNU~1/13C7F1~1.2RE/bin/../lib/gcc/arm-none-eabi/13.2.1/thumb/v8-m.main+fp/hard/crt0.o
LOAD CMakeFiles/renesascup_smartmedicine.elf.dir/ra/aws/FreeRTOS/FreeRTOS/Source/event_groups.c.obj
LOAD CMakeFiles/renesascup_smartmedicine.elf.dir/ra/aws/FreeRTOS/FreeRTOS/Source/list.c.obj
LOAD CMakeFiles/renesascup_smartmedicine.elf.dir/ra/aws/FreeRTOS/FreeRTOS/Source/portable/MemMang/heap_4.c.obj
LOAD CMakeFiles/renesascup_smartmedicine.elf.dir/ra/aws/FreeRTOS/FreeRTOS/Source/queue.c.obj
LOAD CMakeFiles/renesascup_smartmedicine.elf.dir/ra/aws/FreeRTOS/FreeRTOS/Source/stream_buffer.c.obj
LOAD CMakeFiles/renesascup_smartmedicine.elf.dir/ra/aws/FreeRTOS/FreeRTOS/Source/tasks.c.obj
LOAD CMakeFiles/renesascup_smartmedicine.elf.dir/ra/aws/FreeRTOS/FreeRTOS/Source/timers.c.obj
LOAD CMakeFiles/renesascup_smartmedicine.elf.dir/ra/fsp/src/bsp/cmsis/Device/RENESAS/Source/startup.c.obj
LOAD CMakeFiles/renesascup_smartmedicine.elf.dir/ra/fsp/src/bsp/cmsis/Device/RENESAS/Source/system.c.obj
LOAD CMakeFiles/renesascup_smartmedicine.elf.dir/ra/fsp/src/bsp/mcu/all/bsp_clocks.c.obj
LOAD CMakeFiles/renesascup_smartmedicine.elf.dir/ra/fsp/src/bsp/mcu/all/bsp_common.c.obj
LOAD CMakeFiles/renesascup_smartmedicine.elf.dir/ra/fsp/src/bsp/mcu/all/bsp_delay.c.obj
LOAD CMakeFiles/renesascup_smartmedicine.elf.dir/ra/fsp/src/bsp/mcu/all/bsp_group_irq.c.obj
LOAD CMakeFiles/renesascup_smartmedicine.elf.dir/ra/fsp/src/bsp/mcu/all/bsp_guard.c.obj
LOAD CMakeFiles/renesascup_smartmedicine.elf.dir/ra/fsp/src/bsp/mcu/all/bsp_io.c.obj
LOAD CMakeFiles/renesascup_smartmedicine.elf.dir/ra/fsp/src/bsp/mcu/all/bsp_ipc.c.obj
LOAD CMakeFiles/renesascup_smartmedicine.elf.dir/ra/fsp/src/bsp/mcu/all/bsp_irq.c.obj
LOAD CMakeFiles/renesascup_smartmedicine.elf.dir/ra/fsp/src/bsp/mcu/all/bsp_macl.c.obj
LOAD CMakeFiles/renesascup_smartmedicine.elf.dir/ra/fsp/src/bsp/mcu/all/bsp_ospi_b.c.obj
LOAD CMakeFiles/renesascup_smartmedicine.elf.dir/ra/fsp/src/bsp/mcu/all/bsp_register_protection.c.obj
LOAD CMakeFiles/renesascup_smartmedicine.elf.dir/ra/fsp/src/bsp/mcu/all/bsp_sbrk.c.obj
LOAD CMakeFiles/renesascup_smartmedicine.elf.dir/ra/fsp/src/bsp/mcu/all/bsp_sdram.c.obj
LOAD CMakeFiles/renesascup_smartmedicine.elf.dir/ra/fsp/src/bsp/mcu/all/bsp_security.c.obj
LOAD CMakeFiles/renesascup_smartmedicine.elf.dir/ra/fsp/src/bsp/mcu/ra6m5/bsp_linker.c.obj
LOAD CMakeFiles/renesascup_smartmedicine.elf.dir/ra/fsp/src/r_canfd/r_canfd.c.obj
LOAD CMakeFiles/renesascup_smartmedicine.elf.dir/ra/fsp/src/r_iic_master/r_iic_master.c.obj
LOAD CMakeFiles/renesascup_smartmedicine.elf.dir/ra/fsp/src/r_ioport/r_ioport.c.obj
LOAD CMakeFiles/renesascup_smartmedicine.elf.dir/ra/fsp/src/r_sci_uart/r_sci_uart.c.obj
LOAD CMakeFiles/renesascup_smartmedicine.elf.dir/ra/fsp/src/rm_freertos_port/port.c.obj
LOAD CMakeFiles/renesascup_smartmedicine.elf.dir/ra_gen/GUI_Thread.c.obj
LOAD CMakeFiles/renesascup_smartmedicine.elf.dir/ra_gen/Motor_thread.c.obj
LOAD CMakeFiles/renesascup_smartmedicine.elf.dir/ra_gen/common_data.c.obj
LOAD CMakeFiles/renesascup_smartmedicine.elf.dir/ra_gen/hal_data.c.obj
LOAD CMakeFiles/renesascup_smartmedicine.elf.dir/ra_gen/main.c.obj
LOAD CMakeFiles/renesascup_smartmedicine.elf.dir/ra_gen/pin_data.c.obj
LOAD CMakeFiles/renesascup_smartmedicine.elf.dir/ra_gen/vector_data.c.obj
LOAD CMakeFiles/renesascup_smartmedicine.elf.dir/src/GUI_Thread_entry.c.obj
LOAD CMakeFiles/renesascup_smartmedicine.elf.dir/src/Motor_thread_entry.c.obj
LOAD CMakeFiles/renesascup_smartmedicine.elf.dir/src/app/app_i2c_touchpad_test.c.obj
LOAD CMakeFiles/renesascup_smartmedicine.elf.dir/src/app/uart_app.c.obj
LOAD CMakeFiles/renesascup_smartmedicine.elf.dir/src/drive/GUI/i2c_touchpad_drv.c.obj
LOAD CMakeFiles/renesascup_smartmedicine.elf.dir/src/drive/ZDT_drv.c.obj
LOAD CMakeFiles/renesascup_smartmedicine.elf.dir/src/drive/led_drv.c.obj
LOAD CMakeFiles/renesascup_smartmedicine.elf.dir/src/drive/uart_drv.c.obj
LOAD CMakeFiles/renesascup_smartmedicine.elf.dir/src/hal_warmstart.c.obj
START GROUP
LOAD C:/PROGRA~2/ARMGNU~1/13C7F1~1.2RE/bin/../lib/gcc/arm-none-eabi/13.2.1/thumb/v8-m.main+fp/hard\libgcc.a
LOAD C:/PROGRA~2/ARMGNU~1/13C7F1~1.2RE/bin/../lib/gcc/arm-none-eabi/13.2.1/thumb/v8-m.main+fp/hard\libg_nano.a
LOAD C:/PROGRA~2/ARMGNU~1/13C7F1~1.2RE/bin/../lib/gcc/arm-none-eabi/13.2.1/thumb/v8-m.main+fp/hard\libc_nano.a
END GROUP
START GROUP
LOAD C:/PROGRA~2/ARMGNU~1/13C7F1~1.2RE/bin/../lib/gcc/arm-none-eabi/13.2.1/thumb/v8-m.main+fp/hard\libgcc.a
LOAD C:/PROGRA~2/ARMGNU~1/13C7F1~1.2RE/bin/../lib/gcc/arm-none-eabi/13.2.1/thumb/v8-m.main+fp/hard\libc_nano.a
LOAD C:/PROGRA~2/ARMGNU~1/13C7F1~1.2RE/bin/../lib/gcc/arm-none-eabi/13.2.1/thumb/v8-m.main+fp/hard\libnosys.a
END GROUP
START GROUP
LOAD C:/PROGRA~2/ARMGNU~1/13C7F1~1.2RE/bin/../lib/gcc/arm-none-eabi/13.2.1/thumb/v8-m.main+fp/hard\libgcc.a
LOAD C:/PROGRA~2/ARMGNU~1/13C7F1~1.2RE/bin/../lib/gcc/arm-none-eabi/13.2.1/thumb/v8-m.main+fp/hard\libc_nano.a
LOAD C:/PROGRA~2/ARMGNU~1/13C7F1~1.2RE/bin/../lib/gcc/arm-none-eabi/13.2.1/thumb/v8-m.main+fp/hard\libnosys.a
END GROUP
LOAD C:/PROGRA~2/ARMGNU~1/13C7F1~1.2RE/bin/../lib/gcc/arm-none-eabi/13.2.1/thumb/v8-m.main+fp/hard/crtend.o
LOAD C:/PROGRA~2/ARMGNU~1/13C7F1~1.2RE/bin/../lib/gcc/arm-none-eabi/13.2.1/thumb/v8-m.main+fp/hard/crtn.o
                0x20000000                        RAM_START = 0x20000000
                0x00080000                        RAM_LENGTH = 0x80000
                0x00000000                        FLASH_START = 0x0
                0x00100000                        FLASH_LENGTH = 0x100000
                0x08000000                        DATA_FLASH_START = 0x8000000
                0x00002000                        DATA_FLASH_LENGTH = 0x2000
                0x60000000                        QSPI_FLASH_START = 0x60000000
                0x04000000                        QSPI_FLASH_LENGTH = 0x4000000
                0x68000000                        OSPI0_CS0_START = 0x68000000
                0x08000000                        OSPI0_CS0_LENGTH = 0x8000000
                0x70000000                        OSPI0_CS1_START = 0x70000000
                0x10000000                        OSPI0_CS1_LENGTH = 0x10000000
                0x0100a100                        OPTION_SETTING_OFS0_START = 0x100a100
                0x00000004                        OPTION_SETTING_OFS0_LENGTH = 0x4
                0x0100a110                        OPTION_SETTING_DUALSEL_START = 0x100a110
                0x00000004                        OPTION_SETTING_DUALSEL_LENGTH = 0x4
                0x0100a180                        OPTION_SETTING_OFS1_START = 0x100a180
                0x00000004                        OPTION_SETTING_OFS1_LENGTH = 0x4
                0x0100a190                        OPTION_SETTING_BANKSEL_START = 0x100a190
                0x00000004                        OPTION_SETTING_BANKSEL_LENGTH = 0x4
                0x0100a1c0                        OPTION_SETTING_BPS_START = 0x100a1c0
                0x00000010                        OPTION_SETTING_BPS_LENGTH = 0x10
                0x0100a1e0                        OPTION_SETTING_PBPS_START = 0x100a1e0
                0x00000010                        OPTION_SETTING_PBPS_LENGTH = 0x10
                0x0100a200                        OPTION_SETTING_OFS1_SEC_START = 0x100a200
                0x00000004                        OPTION_SETTING_OFS1_SEC_LENGTH = 0x4
                0x0100a210                        OPTION_SETTING_BANKSEL_SEC_START = 0x100a210
                0x00000004                        OPTION_SETTING_BANKSEL_SEC_LENGTH = 0x4
                0x0100a240                        OPTION_SETTING_BPS_SEC_START = 0x100a240
                0x00000010                        OPTION_SETTING_BPS_SEC_LENGTH = 0x10
                0x0100a260                        OPTION_SETTING_PBPS_SEC_START = 0x100a260
                0x00000010                        OPTION_SETTING_PBPS_SEC_LENGTH = 0x10
                0x0100a280                        OPTION_SETTING_OFS1_SEL_START = 0x100a280
                0x00000004                        OPTION_SETTING_OFS1_SEL_LENGTH = 0x4
                0x0100a290                        OPTION_SETTING_BANKSEL_SEL_START = 0x100a290
                0x00000004                        OPTION_SETTING_BANKSEL_SEL_LENGTH = 0x4
                0x0100a2c0                        OPTION_SETTING_BPS_SEL_START = 0x100a2c0
                0x00000010                        OPTION_SETTING_BPS_SEL_LENGTH = 0x10
START GROUP
LOAD C:/PROGRA~2/ARMGNU~1/13C7F1~1.2RE/bin/../lib/gcc/arm-none-eabi/13.2.1/thumb/v8-m.main+fp/hard\libgcc.a
LOAD C:/PROGRA~2/ARMGNU~1/13C7F1~1.2RE/bin/../lib/gcc/arm-none-eabi/13.2.1/thumb/v8-m.main+fp/hard\libc.a
LOAD C:/PROGRA~2/ARMGNU~1/13C7F1~1.2RE/bin/../lib/gcc/arm-none-eabi/13.2.1/thumb/v8-m.main+fp/hard\libm.a
END GROUP

.qspi_flash.startof
                0x60000000        0x0
                0x60000000                        __ddsc_QSPI_FLASH_START = .

.ospi0_cs0.startof
                0x68000000        0x0
                0x68000000                        __ddsc_OSPI0_CS0_START = .

__ospi0_cs0_from_qspi_flash$$
                0x68000000        0x0 load address 0x60000000
                0x68000000                        __ospi0_cs0_from_qspi_flash$$Base = .
                0x60000000                        __ospi0_cs0_from_qspi_flash$$Load = LOADADDR (__ospi0_cs0_from_qspi_flash$$)
 *(.ospi0_cs0_from_qspi_flash)
 *(.ospi0_cs0_code_from_qspi_flash)
                0x68000000                        __ospi0_cs0_from_qspi_flash$$Limit = .

.ram.startof    0x20000000        0x0
                0x20000000                        __ddsc_RAM_START = .

__ram_dtc_vector$$
                0x20000000        0x0
                0x20000000                        __ram_dtc_vector$$Base = .
 *(.fsp_dtc_vector_table)
                0x20000000                        __ram_dtc_vector$$Limit = .

__ram_from_qspi_flash$$
                0x20000000        0x0 load address 0x60000000
                0x20000000                        __ram_from_qspi_flash$$Base = .
                0x60000000                        __ram_from_qspi_flash$$Load = LOADADDR (__ram_from_qspi_flash$$)
 *(.ram_from_qspi_flash)
 *(.ram_code_from_qspi_flash)
                0x20000000                        __ram_from_qspi_flash$$Limit = .

__qspi_flash_readonly$$
                0x60000000        0x0
                0x60000000                        __qspi_flash_readonly$$Base = .
 *(.qspi_flash)
 *(.qspi_flash_code)
                0x60000000                        __qspi_flash_readonly$$Limit = .

__qspi_flash_noinit$$
                0x60000000        0x0
                0x60000000                        __qspi_flash_noinit$$Base = .
 *(.qspi_flash_noinit)
                0x60000000                        __qspi_flash_noinit$$Limit = .

.qspi_flash.endof
                0x60000000        0x0
                0x60000000                        __ddsc_QSPI_FLASH_END = .

.ospi0_cs1.startof
                0x70000000        0x0
                0x70000000                        __ddsc_OSPI0_CS1_START = .

__ospi0_cs0_from_ospi0_cs1$$
                0x68000000        0x0 load address 0x70000000
                0x68000000                        __ospi0_cs0_from_ospi0_cs1$$Base = .
                0x70000000                        __ospi0_cs0_from_ospi0_cs1$$Load = LOADADDR (__ospi0_cs0_from_ospi0_cs1$$)
 *(.ospi0_cs0_from_ospi0_cs1)
 *(.ospi0_cs0_code_from_ospi0_cs1)
                0x68000000                        __ospi0_cs0_from_ospi0_cs1$$Limit = .

__ram_from_ospi0_cs1$$
                0x20000000        0x0 load address 0x70000000
                0x20000000                        __ram_from_ospi0_cs1$$Base = .
                0x70000000                        __ram_from_ospi0_cs1$$Load = LOADADDR (__ram_from_ospi0_cs1$$)
 *(.ram_from_ospi0_cs1)
 *(.ram_code_from_ospi0_cs1)
                0x20000000                        __ram_from_ospi0_cs1$$Limit = .

__ospi0_cs1_readonly$$
                0x70000000        0x0
                0x70000000                        __ospi0_cs1_readonly$$Base = .
 *(.ospi0_cs1)
 *(.ospi0_cs1_code)
                0x70000000                        __ospi0_cs1_readonly$$Limit = .

__ospi0_cs1_noinit$$
                0x70000000        0x0
                0x70000000                        __ospi0_cs1_noinit$$Base = .
 *(.ospi0_cs1_noinit)
                0x70000000                        __ospi0_cs1_noinit$$Limit = .

.ospi0_cs1.endof
                0x70000000        0x0
                0x70000000                        __ddsc_OSPI0_CS1_END = .

.data_flash.startof
                0x08000000        0x0
                0x08000000                        __ddsc_DATA_FLASH_START = .

__ospi0_cs0_from_data_flash$$
                0x68000000        0x0 load address 0x08000000
                0x68000000                        __ospi0_cs0_from_data_flash$$Base = .
                0x08000000                        __ospi0_cs0_from_data_flash$$Load = LOADADDR (__ospi0_cs0_from_data_flash$$)
 *(.ospi0_cs0_from_data_flash)
 *(.ospi0_cs0_code_from_data_flash)
                0x68000000                        __ospi0_cs0_from_data_flash$$Limit = .

__ram_from_data_flash$$
                0x20000000        0x0 load address 0x08000000
                0x20000000                        __ram_from_data_flash$$Base = .
                0x08000000                        __ram_from_data_flash$$Load = LOADADDR (__ram_from_data_flash$$)
 *(.ram_from_data_flash)
 *(.ram_code_from_data_flash)
                0x20000000                        __ram_from_data_flash$$Limit = .

__data_flash_readonly$$
                0x08000000        0x0
                0x08000000                        __data_flash_readonly$$Base = .
 *(.data_flash)
 *(.data_flash_code)
                0x08000000                        __data_flash_readonly$$Limit = .

__data_flash_noinit$$
                0x08000000        0x0
                0x08000000                        __data_flash_noinit$$Base = .
 *(.data_flash_noinit)
                0x08000000                        __data_flash_noinit$$Limit = .

.data_flash.endof
                0x08000000        0x0
                0x08000000                        __ddsc_DATA_FLASH_END = .

.flash.startof  0x00000000        0x0
                0x00000000                        __ddsc_FLASH_START = .

__flash_vectors$$
                0x00000000       0x74
                0x00000000                        __flash_vectors$$Base = .
                0x00000000                        _VECTORS = .
 *(.fixed_vectors)
 .fixed_vectors
                0x00000000       0x40 CMakeFiles/renesascup_smartmedicine.elf.dir/ra/fsp/src/bsp/cmsis/Device/RENESAS/Source/startup.c.obj
                0x00000000                __Vectors
 *(.application_vectors)
 .application_vectors
                0x00000040       0x34 CMakeFiles/renesascup_smartmedicine.elf.dir/ra_gen/vector_data.c.obj
                0x00000040                g_vector_table
                0x00000074                        __flash_vectors$$Limit = .

__flash_noinit$$
                0x00000074        0x0
                0x00000074                        __flash_noinit$$Base = .
 *(.flash_noinit)
                0x00000074                        __flash_noinit$$Limit = .

__ospi0_cs0_from_flash$$
                0x68000000        0x0 load address 0x00000074
                0x68000000                        __ospi0_cs0_from_flash$$Base = .
                0x00000074                        __ospi0_cs0_from_flash$$Load = LOADADDR (__ospi0_cs0_from_flash$$)
 *(.ospi0_cs0_from_flash)
 *(.ospi0_cs0_code_from_flash)
                0x68000000                        __ospi0_cs0_from_flash$$Limit = .

__ospi0_cs0_noinit_nocache$$
                0x68000000        0x0 load address 0x00000080
                0x68000000                        __ospi0_cs0_noinit_nocache$$Base = .
 *(.ospi0_cs0_noinit_nocache)
                0x68000000                        __ospi0_cs0_noinit_nocache$$Limit = .

__ospi0_cs0_zero_nocache$$
                0x68000000        0x0 load address 0x00000074
                0x68000000                        __ospi0_cs0_zero_nocache$$Base = .
 *(.ospi0_cs0_nocache)
                0x68000000                        . = ALIGN (0x20)
                0x68000000                        __ospi0_cs0_zero_nocache$$Limit = .

__ospi0_cs0_noinit$$
                0x68000000        0x0 load address 0x00000074
                0x68000000                        __ospi0_cs0_noinit$$Base = .
 *(.ospi0_cs0_noinit)
                0x68000000                        __ospi0_cs0_noinit$$Limit = .

__ospi0_cs0_zero$$
                0x68000000        0x0 load address 0x00000074
                0x68000000                        __ospi0_cs0_zero$$Base = .
 *(.ospi0_cs0)
                0x68000000                        __ospi0_cs0_zero$$Limit = .

.ospi0_cs0.endof
                0x68000000        0x0
                0x68000000                        __ddsc_OSPI0_CS0_END = .

__ram_from_flash$$
                0x20000000       0xec load address 0x00000074
                0x20000000                        __ram_from_flash$$Base = .
                0x00000074                        __ram_from_flash$$Load = LOADADDR (__ram_from_flash$$)
 *(.ram_from_flash)
 *(.ram_code_from_flash)
 *(.data*)
 .data.g_uart7_baud_setting
                0x20000000        0x4 CMakeFiles/renesascup_smartmedicine.elf.dir/ra_gen/GUI_Thread.c.obj
                0x20000000                g_uart7_baud_setting
 *fill*         0x20000004        0x4 
 .data.can0_extended_cfg
                0x20000008       0x20 CMakeFiles/renesascup_smartmedicine.elf.dir/ra_gen/Motor_thread.c.obj
                0x20000008                can0_extended_cfg
 .data.g_canfd_global_cfg
                0x20000028       0x48 CMakeFiles/renesascup_smartmedicine.elf.dir/ra_gen/Motor_thread.c.obj
                0x20000028                g_canfd_global_cfg
 .data.can0_data_timing_cfg
                0x20000070       0x10 CMakeFiles/renesascup_smartmedicine.elf.dir/ra_gen/Motor_thread.c.obj
                0x20000070                can0_data_timing_cfg
 .data.can0_bit_timing_cfg
                0x20000080       0x10 CMakeFiles/renesascup_smartmedicine.elf.dir/ra_gen/Motor_thread.c.obj
                0x20000080                can0_bit_timing_cfg
 .data.__sglue  0x20000090        0xc C:/PROGRA~2/ARMGNU~1/13C7F1~1.2RE/bin/../lib/gcc/arm-none-eabi/13.2.1/thumb/v8-m.main+fp/hard\libg_nano.a(libc_a-findfp.o)
                0x20000090                __sglue
 .data._impure_ptr
                0x2000009c        0x4 C:/PROGRA~2/ARMGNU~1/13C7F1~1.2RE/bin/../lib/gcc/arm-none-eabi/13.2.1/thumb/v8-m.main+fp/hard\libg_nano.a(libc_a-impure.o)
                0x2000009c                _impure_ptr
 .data._impure_data
                0x200000a0       0x4c C:/PROGRA~2/ARMGNU~1/13C7F1~1.2RE/bin/../lib/gcc/arm-none-eabi/13.2.1/thumb/v8-m.main+fp/hard\libg_nano.a(libc_a-impure.o)
                0x200000a0                _impure_data
 *(vtable)
                0x200000ec                        __ram_from_flash$$Limit = .

.tm_clone_table
                0x200000ec        0x0 load address 0x00000160
 .tm_clone_table
                0x200000ec        0x0 C:/PROGRA~2/ARMGNU~1/13C7F1~1.2RE/bin/../lib/gcc/arm-none-eabi/13.2.1/thumb/v8-m.main+fp/hard/crtbegin.o
 .tm_clone_table
                0x200000ec        0x0 C:/PROGRA~2/ARMGNU~1/13C7F1~1.2RE/bin/../lib/gcc/arm-none-eabi/13.2.1/thumb/v8-m.main+fp/hard/crtend.o

.igot.plt       0x200000ec        0x0 load address 0x00000160
 .igot.plt      0x200000ec        0x0 C:/PROGRA~2/ARMGNU~1/13C7F1~1.2RE/bin/../lib/gcc/arm-none-eabi/13.2.1/thumb/v8-m.main+fp/hard/crtbegin.o

__ram_noinit_nocache$$
                0x20000100        0x0 load address 0x00000160
                0x20000100                        __ram_noinit_nocache$$Base = .
 *(.ram_noinit_nocache)
                0x20000100                        __ram_noinit_nocache$$Limit = .

__ram_zero_nocache$$
                0x200000ec       0x14 load address 0x00000160
                0x200000ec                        __ram_zero_nocache$$Base = .
 *(.ram_nocache)
                0x20000100                        . = ALIGN (0x20)
 *fill*         0x200000ec       0x14 
                0x20000100                        __ram_zero_nocache$$Limit = .

__ram_noinit$$  0x20000100      0x41c load address 0x00000160
                0x20000100                        __ram_noinit$$Base = .
 *(.bss.g_heap)
 *(.bss.g_main_stack)
 .bss.g_main_stack
                0x20000100      0x400 CMakeFiles/renesascup_smartmedicine.elf.dir/ra/fsp/src/bsp/cmsis/Device/RENESAS/Source/startup.c.obj
                0x20000100                g_main_stack
 *(.ram_noinit)
 .ram_noinit    0x20000500       0x1c CMakeFiles/renesascup_smartmedicine.elf.dir/ra/fsp/src/bsp/mcu/all/bsp_clocks.c.obj
 *(.noinit)
                0x2000051c                        __ram_noinit$$Limit = .

__ram_zero$$    0x20000520    0x19ab8 load address 0x00000160
                0x20000520                        __ram_zero$$Base = .
 *(.ram)
 *(.bss*)
 .bss.completed.1
                0x20000520        0x1 C:/PROGRA~2/ARMGNU~1/13C7F1~1.2RE/bin/../lib/gcc/arm-none-eabi/13.2.1/thumb/v8-m.main+fp/hard/crtbegin.o
 *fill*         0x20000521        0x3 
 .bss.object.0  0x20000524       0x18 C:/PROGRA~2/ARMGNU~1/13C7F1~1.2RE/bin/../lib/gcc/arm-none-eabi/13.2.1/thumb/v8-m.main+fp/hard/crtbegin.o
 .bss.xNumberOfSuccessfulFrees
                0x2000053c        0x4 CMakeFiles/renesascup_smartmedicine.elf.dir/ra/aws/FreeRTOS/FreeRTOS/Source/portable/MemMang/heap_4.c.obj
 .bss.xNumberOfSuccessfulAllocations
                0x20000540        0x4 CMakeFiles/renesascup_smartmedicine.elf.dir/ra/aws/FreeRTOS/FreeRTOS/Source/portable/MemMang/heap_4.c.obj
 .bss.xMinimumEverFreeBytesRemaining
                0x20000544        0x4 CMakeFiles/renesascup_smartmedicine.elf.dir/ra/aws/FreeRTOS/FreeRTOS/Source/portable/MemMang/heap_4.c.obj
 .bss.xFreeBytesRemaining
                0x20000548        0x4 CMakeFiles/renesascup_smartmedicine.elf.dir/ra/aws/FreeRTOS/FreeRTOS/Source/portable/MemMang/heap_4.c.obj
 .bss.pxEnd     0x2000054c        0x4 CMakeFiles/renesascup_smartmedicine.elf.dir/ra/aws/FreeRTOS/FreeRTOS/Source/portable/MemMang/heap_4.c.obj
 .bss.xStart    0x20000550        0x8 CMakeFiles/renesascup_smartmedicine.elf.dir/ra/aws/FreeRTOS/FreeRTOS/Source/portable/MemMang/heap_4.c.obj
 .bss.ucHeap    0x20000558    0x19000 CMakeFiles/renesascup_smartmedicine.elf.dir/ra/aws/FreeRTOS/FreeRTOS/Source/portable/MemMang/heap_4.c.obj
 .bss.xQueueRegistry
                0x20019558       0x50 CMakeFiles/renesascup_smartmedicine.elf.dir/ra/aws/FreeRTOS/FreeRTOS/Source/queue.c.obj
                0x20019558                xQueueRegistry
 .bss.uxSchedulerSuspended
                0x200195a8        0x4 CMakeFiles/renesascup_smartmedicine.elf.dir/ra/aws/FreeRTOS/FreeRTOS/Source/tasks.c.obj
 .bss.xIdleTaskHandles
                0x200195ac        0x4 CMakeFiles/renesascup_smartmedicine.elf.dir/ra/aws/FreeRTOS/FreeRTOS/Source/tasks.c.obj
 .bss.xNextTaskUnblockTime
                0x200195b0        0x4 CMakeFiles/renesascup_smartmedicine.elf.dir/ra/aws/FreeRTOS/FreeRTOS/Source/tasks.c.obj
 .bss.uxTaskNumber
                0x200195b4        0x4 CMakeFiles/renesascup_smartmedicine.elf.dir/ra/aws/FreeRTOS/FreeRTOS/Source/tasks.c.obj
 .bss.xNumOfOverflows
                0x200195b8        0x4 CMakeFiles/renesascup_smartmedicine.elf.dir/ra/aws/FreeRTOS/FreeRTOS/Source/tasks.c.obj
 .bss.xYieldPendings
                0x200195bc        0x4 CMakeFiles/renesascup_smartmedicine.elf.dir/ra/aws/FreeRTOS/FreeRTOS/Source/tasks.c.obj
 .bss.xPendedTicks
                0x200195c0        0x4 CMakeFiles/renesascup_smartmedicine.elf.dir/ra/aws/FreeRTOS/FreeRTOS/Source/tasks.c.obj
 .bss.xSchedulerRunning
                0x200195c4        0x4 CMakeFiles/renesascup_smartmedicine.elf.dir/ra/aws/FreeRTOS/FreeRTOS/Source/tasks.c.obj
 .bss.uxTopReadyPriority
                0x200195c8        0x4 CMakeFiles/renesascup_smartmedicine.elf.dir/ra/aws/FreeRTOS/FreeRTOS/Source/tasks.c.obj
 .bss.xTickCount
                0x200195cc        0x4 CMakeFiles/renesascup_smartmedicine.elf.dir/ra/aws/FreeRTOS/FreeRTOS/Source/tasks.c.obj
 .bss.uxCurrentNumberOfTasks
                0x200195d0        0x4 CMakeFiles/renesascup_smartmedicine.elf.dir/ra/aws/FreeRTOS/FreeRTOS/Source/tasks.c.obj
 .bss.xSuspendedTaskList
                0x200195d4       0x14 CMakeFiles/renesascup_smartmedicine.elf.dir/ra/aws/FreeRTOS/FreeRTOS/Source/tasks.c.obj
 .bss.uxDeletedTasksWaitingCleanUp
                0x200195e8        0x4 CMakeFiles/renesascup_smartmedicine.elf.dir/ra/aws/FreeRTOS/FreeRTOS/Source/tasks.c.obj
 .bss.xTasksWaitingTermination
                0x200195ec       0x14 CMakeFiles/renesascup_smartmedicine.elf.dir/ra/aws/FreeRTOS/FreeRTOS/Source/tasks.c.obj
 .bss.xPendingReadyList
                0x20019600       0x14 CMakeFiles/renesascup_smartmedicine.elf.dir/ra/aws/FreeRTOS/FreeRTOS/Source/tasks.c.obj
 .bss.pxOverflowDelayedTaskList
                0x20019614        0x4 CMakeFiles/renesascup_smartmedicine.elf.dir/ra/aws/FreeRTOS/FreeRTOS/Source/tasks.c.obj
 .bss.pxDelayedTaskList
                0x20019618        0x4 CMakeFiles/renesascup_smartmedicine.elf.dir/ra/aws/FreeRTOS/FreeRTOS/Source/tasks.c.obj
 .bss.xDelayedTaskList2
                0x2001961c       0x14 CMakeFiles/renesascup_smartmedicine.elf.dir/ra/aws/FreeRTOS/FreeRTOS/Source/tasks.c.obj
 .bss.xDelayedTaskList1
                0x20019630       0x14 CMakeFiles/renesascup_smartmedicine.elf.dir/ra/aws/FreeRTOS/FreeRTOS/Source/tasks.c.obj
 .bss.pxReadyTasksLists
                0x20019644       0x64 CMakeFiles/renesascup_smartmedicine.elf.dir/ra/aws/FreeRTOS/FreeRTOS/Source/tasks.c.obj
 .bss.pxCurrentTCB
                0x200196a8        0x4 CMakeFiles/renesascup_smartmedicine.elf.dir/ra/aws/FreeRTOS/FreeRTOS/Source/tasks.c.obj
                0x200196a8                pxCurrentTCB
 .bss.xStaticTimerQueue.14
                0x200196ac       0x50 CMakeFiles/renesascup_smartmedicine.elf.dir/ra/aws/FreeRTOS/FreeRTOS/Source/timers.c.obj
 .bss.ucStaticTimerQueueStorage.15
                0x200196fc       0x78 CMakeFiles/renesascup_smartmedicine.elf.dir/ra/aws/FreeRTOS/FreeRTOS/Source/timers.c.obj
 .bss.xLastTime.17
                0x20019774        0x4 CMakeFiles/renesascup_smartmedicine.elf.dir/ra/aws/FreeRTOS/FreeRTOS/Source/timers.c.obj
 .bss.xTimerTaskHandle
                0x20019778        0x4 CMakeFiles/renesascup_smartmedicine.elf.dir/ra/aws/FreeRTOS/FreeRTOS/Source/timers.c.obj
 .bss.xTimerQueue
                0x2001977c        0x4 CMakeFiles/renesascup_smartmedicine.elf.dir/ra/aws/FreeRTOS/FreeRTOS/Source/timers.c.obj
 .bss.pxOverflowTimerList
                0x20019780        0x4 CMakeFiles/renesascup_smartmedicine.elf.dir/ra/aws/FreeRTOS/FreeRTOS/Source/timers.c.obj
 .bss.pxCurrentTimerList
                0x20019784        0x4 CMakeFiles/renesascup_smartmedicine.elf.dir/ra/aws/FreeRTOS/FreeRTOS/Source/timers.c.obj
 .bss.xActiveTimerList2
                0x20019788       0x14 CMakeFiles/renesascup_smartmedicine.elf.dir/ra/aws/FreeRTOS/FreeRTOS/Source/timers.c.obj
 .bss.xActiveTimerList1
                0x2001979c       0x14 CMakeFiles/renesascup_smartmedicine.elf.dir/ra/aws/FreeRTOS/FreeRTOS/Source/timers.c.obj
 .bss.SystemCoreClock
                0x200197b0        0x4 CMakeFiles/renesascup_smartmedicine.elf.dir/ra/fsp/src/bsp/cmsis/Device/RENESAS/Source/system.c.obj
                0x200197b0                SystemCoreClock
 .bss.g_bsp_group_irq_sources
                0x200197b4       0x40 CMakeFiles/renesascup_smartmedicine.elf.dir/ra/fsp/src/bsp/mcu/all/bsp_group_irq.c.obj
                0x200197b4                g_bsp_group_irq_sources
 .bss.g_protect_pfswe_counter
                0x200197f4        0x4 CMakeFiles/renesascup_smartmedicine.elf.dir/ra/fsp/src/bsp/mcu/all/bsp_io.c.obj
                0x200197f4                g_protect_pfswe_counter
 .bss.gp_renesas_isr_context
                0x200197f8       0x34 CMakeFiles/renesascup_smartmedicine.elf.dir/ra/fsp/src/bsp/mcu/all/bsp_irq.c.obj
                0x200197f8                gp_renesas_isr_context
 .bss.g_protect_counters
                0x2001982c        0xa CMakeFiles/renesascup_smartmedicine.elf.dir/ra/fsp/src/bsp/mcu/all/bsp_register_protection.c.obj
                0x2001982c                g_protect_counters
 *fill*         0x20019836        0x2 
 .bss.gp_ctrl   0x20019838        0x8 CMakeFiles/renesascup_smartmedicine.elf.dir/ra/fsp/src/r_canfd/r_canfd.c.obj
 .bss.g_mask_level_before_disable
                0x20019840        0x4 CMakeFiles/renesascup_smartmedicine.elf.dir/ra/fsp/src/rm_freertos_port/port.c.obj
 .bss.uxCriticalNesting
                0x20019844        0x4 CMakeFiles/renesascup_smartmedicine.elf.dir/ra/fsp/src/rm_freertos_port/port.c.obj
 .bss.g_uart7_ctrl
                0x20019848       0x30 CMakeFiles/renesascup_smartmedicine.elf.dir/ra_gen/GUI_Thread.c.obj
                0x20019848                g_uart7_ctrl
 .bss.g_i2c_master2_ctrl
                0x20019878       0x40 CMakeFiles/renesascup_smartmedicine.elf.dir/ra_gen/GUI_Thread.c.obj
                0x20019878                g_i2c_master2_ctrl
 .bss.GUI_Thread
                0x200198b8        0x4 CMakeFiles/renesascup_smartmedicine.elf.dir/ra_gen/GUI_Thread.c.obj
                0x200198b8                GUI_Thread
 .bss.GUI_Thread_memory
                0x200198bc       0x68 CMakeFiles/renesascup_smartmedicine.elf.dir/ra_gen/GUI_Thread.c.obj
 .bss.can0_ctrl
                0x20019924       0x1c CMakeFiles/renesascup_smartmedicine.elf.dir/ra_gen/Motor_thread.c.obj
                0x20019924                can0_ctrl
 .bss.Motor_thread
                0x20019940        0x4 CMakeFiles/renesascup_smartmedicine.elf.dir/ra_gen/Motor_thread.c.obj
                0x20019940                Motor_thread
 .bss.g_ioport_ctrl
                0x20019944        0x8 CMakeFiles/renesascup_smartmedicine.elf.dir/ra_gen/common_data.c.obj
                0x20019944                g_ioport_ctrl
 .bss.uxTimerTaskStack.3
                0x2001994c      0x200 CMakeFiles/renesascup_smartmedicine.elf.dir/ra_gen/main.c.obj
 .bss.xTimerTaskTCB.2
                0x20019b4c       0x68 CMakeFiles/renesascup_smartmedicine.elf.dir/ra_gen/main.c.obj
 .bss.uxIdleTaskStack.1
                0x20019bb4      0x200 CMakeFiles/renesascup_smartmedicine.elf.dir/ra_gen/main.c.obj
 .bss.xIdleTaskTCB.0
                0x20019db4       0x68 CMakeFiles/renesascup_smartmedicine.elf.dir/ra_gen/main.c.obj
 .bss.g_fsp_common_initialized_semaphore_memory
                0x20019e1c       0x50 CMakeFiles/renesascup_smartmedicine.elf.dir/ra_gen/main.c.obj
                0x20019e1c                g_fsp_common_initialized_semaphore_memory
 .bss.g_fsp_common_initialized_semaphore
                0x20019e6c        0x4 CMakeFiles/renesascup_smartmedicine.elf.dir/ra_gen/main.c.obj
                0x20019e6c                g_fsp_common_initialized_semaphore
 .bss.g_fsp_common_initialized
                0x20019e70        0x1 CMakeFiles/renesascup_smartmedicine.elf.dir/ra_gen/main.c.obj
                0x20019e70                g_fsp_common_initialized
 *fill*         0x20019e71        0x3 
 .bss.g_fsp_common_thread_count
                0x20019e74        0x4 CMakeFiles/renesascup_smartmedicine.elf.dir/ra_gen/main.c.obj
                0x20019e74                g_fsp_common_thread_count
 .bss.last_y.0  0x20019e78        0x2 CMakeFiles/renesascup_smartmedicine.elf.dir/src/app/app_i2c_touchpad_test.c.obj
 .bss.last_x.1  0x20019e7a        0x2 CMakeFiles/renesascup_smartmedicine.elf.dir/src/app/app_i2c_touchpad_test.c.obj
 .bss.g_i2c_err
                0x20019e7c        0x1 CMakeFiles/renesascup_smartmedicine.elf.dir/src/drive/GUI/i2c_touchpad_drv.c.obj
 *fill*         0x20019e7d        0x3 
 .bss.g_i2c_done_sem
                0x20019e80        0x4 CMakeFiles/renesascup_smartmedicine.elf.dir/src/drive/GUI/i2c_touchpad_drv.c.obj
 .bss.g_uart_initialized
                0x20019e84        0x1 CMakeFiles/renesascup_smartmedicine.elf.dir/src/drive/uart_drv.c.obj
 *fill*         0x20019e85        0x3 
 .bss.g_uart7_tx_sem
                0x20019e88        0x4 CMakeFiles/renesascup_smartmedicine.elf.dir/src/drive/uart_drv.c.obj
 .bss.__sf      0x20019e8c      0x138 C:/PROGRA~2/ARMGNU~1/13C7F1~1.2RE/bin/../lib/gcc/arm-none-eabi/13.2.1/thumb/v8-m.main+fp/hard\libg_nano.a(libc_a-findfp.o)
                0x20019e8c                __sf
 .bss.__stdio_exit_handler
                0x20019fc4        0x4 C:/PROGRA~2/ARMGNU~1/13C7F1~1.2RE/bin/../lib/gcc/arm-none-eabi/13.2.1/thumb/v8-m.main+fp/hard\libg_nano.a(libc_a-findfp.o)
                0x20019fc4                __stdio_exit_handler
 .bss.errno     0x20019fc8        0x4 C:/PROGRA~2/ARMGNU~1/13C7F1~1.2RE/bin/../lib/gcc/arm-none-eabi/13.2.1/thumb/v8-m.main+fp/hard\libg_nano.a(libc_a-reent.o)
                0x20019fc8                errno
 .bss.__lock___malloc_recursive_mutex
                0x20019fcc        0x1 C:/PROGRA~2/ARMGNU~1/13C7F1~1.2RE/bin/../lib/gcc/arm-none-eabi/13.2.1/thumb/v8-m.main+fp/hard\libg_nano.a(libc_a-lock.o)
                0x20019fcc                __lock___malloc_recursive_mutex
 .bss.__lock___sfp_recursive_mutex
                0x20019fcd        0x1 C:/PROGRA~2/ARMGNU~1/13C7F1~1.2RE/bin/../lib/gcc/arm-none-eabi/13.2.1/thumb/v8-m.main+fp/hard\libg_nano.a(libc_a-lock.o)
                0x20019fcd                __lock___sfp_recursive_mutex
 *fill*         0x20019fce        0x2 
 .bss.__malloc_sbrk_start
                0x20019fd0        0x4 C:/PROGRA~2/ARMGNU~1/13C7F1~1.2RE/bin/../lib/gcc/arm-none-eabi/13.2.1/thumb/v8-m.main+fp/hard\libg_nano.a(libc_a-mallocr.o)
                0x20019fd0                __malloc_sbrk_start
 .bss.__malloc_free_list
                0x20019fd4        0x4 C:/PROGRA~2/ARMGNU~1/13C7F1~1.2RE/bin/../lib/gcc/arm-none-eabi/13.2.1/thumb/v8-m.main+fp/hard\libg_nano.a(libc_a-mallocr.o)
                0x20019fd4                __malloc_free_list
                0x20019fd8                        __ram_zero$$Limit = .

__ram_thread_stack$$
                0x20019fd8      0x400 load address 0x00000160
                0x20019fd8                        __ram_thread_stack$$Base = .
 *(.stack?*)
 .stack.GUI_Thread
                0x20019fd8      0x400 CMakeFiles/renesascup_smartmedicine.elf.dir/ra_gen/GUI_Thread.c.obj
                0x2001a3d8                        __ram_thread_stack$$Limit = .

.ram.endof      0x2001a400        0x0
                0x2001a400                        __ddsc_RAM_END = .

__flash_readonly$$
                0x00000160     0x6950
                0x00000160                        __flash_readonly$$Base = .
 *(.flash)
 *(.flash_code)
 *(.text*)
 .text.deregister_tm_clones
                0x00000160       0x1c C:/PROGRA~2/ARMGNU~1/13C7F1~1.2RE/bin/../lib/gcc/arm-none-eabi/13.2.1/thumb/v8-m.main+fp/hard/crtbegin.o
 .text.register_tm_clones
                0x0000017c       0x28 C:/PROGRA~2/ARMGNU~1/13C7F1~1.2RE/bin/../lib/gcc/arm-none-eabi/13.2.1/thumb/v8-m.main+fp/hard/crtbegin.o
 .text.__do_global_dtors_aux
                0x000001a4       0x28 C:/PROGRA~2/ARMGNU~1/13C7F1~1.2RE/bin/../lib/gcc/arm-none-eabi/13.2.1/thumb/v8-m.main+fp/hard/crtbegin.o
 .text.frame_dummy
                0x000001cc       0x24 C:/PROGRA~2/ARMGNU~1/13C7F1~1.2RE/bin/../lib/gcc/arm-none-eabi/13.2.1/thumb/v8-m.main+fp/hard/crtbegin.o
 .text.vListInitialise
                0x000001f0       0x18 CMakeFiles/renesascup_smartmedicine.elf.dir/ra/aws/FreeRTOS/FreeRTOS/Source/list.c.obj
                0x000001f0                vListInitialise
 .text.vListInitialiseItem
                0x00000208        0x8 CMakeFiles/renesascup_smartmedicine.elf.dir/ra/aws/FreeRTOS/FreeRTOS/Source/list.c.obj
                0x00000208                vListInitialiseItem
 .text.vListInsert
                0x00000210       0x30 CMakeFiles/renesascup_smartmedicine.elf.dir/ra/aws/FreeRTOS/FreeRTOS/Source/list.c.obj
                0x00000210                vListInsert
 .text.uxListRemove
                0x00000240       0x28 CMakeFiles/renesascup_smartmedicine.elf.dir/ra/aws/FreeRTOS/FreeRTOS/Source/list.c.obj
                0x00000240                uxListRemove
 .text.pvPortMalloc
                0x00000268      0x1b8 CMakeFiles/renesascup_smartmedicine.elf.dir/ra/aws/FreeRTOS/FreeRTOS/Source/portable/MemMang/heap_4.c.obj
                0x00000268                pvPortMalloc
 .text.vPortFree
                0x00000420      0x124 CMakeFiles/renesascup_smartmedicine.elf.dir/ra/aws/FreeRTOS/FreeRTOS/Source/portable/MemMang/heap_4.c.obj
                0x00000420                vPortFree
 .text.prvCopyDataToQueue
                0x00000544       0x60 CMakeFiles/renesascup_smartmedicine.elf.dir/ra/aws/FreeRTOS/FreeRTOS/Source/queue.c.obj
 .text.prvUnlockQueue
                0x000005a4       0x8c CMakeFiles/renesascup_smartmedicine.elf.dir/ra/aws/FreeRTOS/FreeRTOS/Source/queue.c.obj
 .text.xQueueGenericReset
                0x00000630       0xbc CMakeFiles/renesascup_smartmedicine.elf.dir/ra/aws/FreeRTOS/FreeRTOS/Source/queue.c.obj
                0x00000630                xQueueGenericReset
 .text.xQueueGenericCreateStatic
                0x000006ec       0x8c CMakeFiles/renesascup_smartmedicine.elf.dir/ra/aws/FreeRTOS/FreeRTOS/Source/queue.c.obj
                0x000006ec                xQueueGenericCreateStatic
 .text.xQueueGenericCreate
                0x00000778       0x68 CMakeFiles/renesascup_smartmedicine.elf.dir/ra/aws/FreeRTOS/FreeRTOS/Source/queue.c.obj
                0x00000778                xQueueGenericCreate
 .text.xQueueCreateCountingSemaphoreStatic
                0x000007e0       0x80 CMakeFiles/renesascup_smartmedicine.elf.dir/ra/aws/FreeRTOS/FreeRTOS/Source/queue.c.obj
                0x000007e0                xQueueCreateCountingSemaphoreStatic
 .text.xQueueGenericSend
                0x00000860      0x198 CMakeFiles/renesascup_smartmedicine.elf.dir/ra/aws/FreeRTOS/FreeRTOS/Source/queue.c.obj
                0x00000860                xQueueGenericSend
 .text.xQueueGiveFromISR
                0x000009f8       0xc4 CMakeFiles/renesascup_smartmedicine.elf.dir/ra/aws/FreeRTOS/FreeRTOS/Source/queue.c.obj
                0x000009f8                xQueueGiveFromISR
 .text.xQueueReceive
                0x00000abc      0x178 CMakeFiles/renesascup_smartmedicine.elf.dir/ra/aws/FreeRTOS/FreeRTOS/Source/queue.c.obj
                0x00000abc                xQueueReceive
 .text.xQueueSemaphoreTake
                0x00000c34      0x154 CMakeFiles/renesascup_smartmedicine.elf.dir/ra/aws/FreeRTOS/FreeRTOS/Source/queue.c.obj
                0x00000c34                xQueueSemaphoreTake
 .text.vQueueAddToRegistry
                0x00000d88       0x64 CMakeFiles/renesascup_smartmedicine.elf.dir/ra/aws/FreeRTOS/FreeRTOS/Source/queue.c.obj
                0x00000d88                vQueueAddToRegistry
 .text.vQueueWaitForMessageRestricted
                0x00000dec       0x50 CMakeFiles/renesascup_smartmedicine.elf.dir/ra/aws/FreeRTOS/FreeRTOS/Source/queue.c.obj
                0x00000dec                vQueueWaitForMessageRestricted
 .text.prvAddNewTaskToReadyList
                0x00000e3c      0x128 CMakeFiles/renesascup_smartmedicine.elf.dir/ra/aws/FreeRTOS/FreeRTOS/Source/tasks.c.obj
 .text.prvAddCurrentTaskToDelayedList
                0x00000f64       0xb8 CMakeFiles/renesascup_smartmedicine.elf.dir/ra/aws/FreeRTOS/FreeRTOS/Source/tasks.c.obj
 .text.prvInitialiseNewTask.constprop.0
                0x0000101c       0xa4 CMakeFiles/renesascup_smartmedicine.elf.dir/ra/aws/FreeRTOS/FreeRTOS/Source/tasks.c.obj
 .text.prvCheckTasksWaitingTermination
                0x000010c0       0x84 CMakeFiles/renesascup_smartmedicine.elf.dir/ra/aws/FreeRTOS/FreeRTOS/Source/tasks.c.obj
 .text.prvIdleTask
                0x00001144       0x34 CMakeFiles/renesascup_smartmedicine.elf.dir/ra/aws/FreeRTOS/FreeRTOS/Source/tasks.c.obj
 .text.xTaskIncrementTick.part.0
                0x00001178      0x194 CMakeFiles/renesascup_smartmedicine.elf.dir/ra/aws/FreeRTOS/FreeRTOS/Source/tasks.c.obj
 .text.xTaskCreateStatic
                0x0000130c       0xa0 CMakeFiles/renesascup_smartmedicine.elf.dir/ra/aws/FreeRTOS/FreeRTOS/Source/tasks.c.obj
                0x0000130c                xTaskCreateStatic
 .text.xTaskCreate
                0x000013ac       0x60 CMakeFiles/renesascup_smartmedicine.elf.dir/ra/aws/FreeRTOS/FreeRTOS/Source/tasks.c.obj
                0x000013ac                xTaskCreate
 .text.vTaskStartScheduler
                0x0000140c       0x9c CMakeFiles/renesascup_smartmedicine.elf.dir/ra/aws/FreeRTOS/FreeRTOS/Source/tasks.c.obj
                0x0000140c                vTaskStartScheduler
 .text.vTaskSuspendAll
                0x000014a8       0x10 CMakeFiles/renesascup_smartmedicine.elf.dir/ra/aws/FreeRTOS/FreeRTOS/Source/tasks.c.obj
                0x000014a8                vTaskSuspendAll
 .text.xTaskResumeAll
                0x000014b8      0x1ac CMakeFiles/renesascup_smartmedicine.elf.dir/ra/aws/FreeRTOS/FreeRTOS/Source/tasks.c.obj
                0x000014b8                xTaskResumeAll
 .text.vTaskDelay
                0x00001664       0x54 CMakeFiles/renesascup_smartmedicine.elf.dir/ra/aws/FreeRTOS/FreeRTOS/Source/tasks.c.obj
                0x00001664                vTaskDelay
 .text.xTaskGetTickCount
                0x000016b8        0xc CMakeFiles/renesascup_smartmedicine.elf.dir/ra/aws/FreeRTOS/FreeRTOS/Source/tasks.c.obj
                0x000016b8                xTaskGetTickCount
 .text.uxTaskGetNumberOfTasks
                0x000016c4        0xc CMakeFiles/renesascup_smartmedicine.elf.dir/ra/aws/FreeRTOS/FreeRTOS/Source/tasks.c.obj
                0x000016c4                uxTaskGetNumberOfTasks
 .text.xTaskIncrementTick
                0x000016d0       0x20 CMakeFiles/renesascup_smartmedicine.elf.dir/ra/aws/FreeRTOS/FreeRTOS/Source/tasks.c.obj
                0x000016d0                xTaskIncrementTick
 .text.vTaskSwitchContext
                0x000016f0       0x8c CMakeFiles/renesascup_smartmedicine.elf.dir/ra/aws/FreeRTOS/FreeRTOS/Source/tasks.c.obj
                0x000016f0                vTaskSwitchContext
 .text.vTaskPlaceOnEventList
                0x0000177c       0x3c CMakeFiles/renesascup_smartmedicine.elf.dir/ra/aws/FreeRTOS/FreeRTOS/Source/tasks.c.obj
                0x0000177c                vTaskPlaceOnEventList
 .text.vTaskPlaceOnEventListRestricted
                0x000017b8       0x6c CMakeFiles/renesascup_smartmedicine.elf.dir/ra/aws/FreeRTOS/FreeRTOS/Source/tasks.c.obj
                0x000017b8                vTaskPlaceOnEventListRestricted
 .text.xTaskRemoveFromEventList
                0x00001824       0xe8 CMakeFiles/renesascup_smartmedicine.elf.dir/ra/aws/FreeRTOS/FreeRTOS/Source/tasks.c.obj
                0x00001824                xTaskRemoveFromEventList
 .text.vTaskInternalSetTimeOutState
                0x0000190c       0x18 CMakeFiles/renesascup_smartmedicine.elf.dir/ra/aws/FreeRTOS/FreeRTOS/Source/tasks.c.obj
                0x0000190c                vTaskInternalSetTimeOutState
 .text.xTaskCheckForTimeOut
                0x00001924       0x90 CMakeFiles/renesascup_smartmedicine.elf.dir/ra/aws/FreeRTOS/FreeRTOS/Source/tasks.c.obj
                0x00001924                xTaskCheckForTimeOut
 .text.vTaskMissedYield
                0x000019b4        0xc CMakeFiles/renesascup_smartmedicine.elf.dir/ra/aws/FreeRTOS/FreeRTOS/Source/tasks.c.obj
                0x000019b4                vTaskMissedYield
 .text.xTaskGetSchedulerState
                0x000019c0       0x20 CMakeFiles/renesascup_smartmedicine.elf.dir/ra/aws/FreeRTOS/FreeRTOS/Source/tasks.c.obj
                0x000019c0                xTaskGetSchedulerState
 .text.prvCheckForValidListAndQueue
                0x000019e0       0x6c CMakeFiles/renesascup_smartmedicine.elf.dir/ra/aws/FreeRTOS/FreeRTOS/Source/timers.c.obj
 .text.prvProcessExpiredTimer
                0x00001a4c       0x90 CMakeFiles/renesascup_smartmedicine.elf.dir/ra/aws/FreeRTOS/FreeRTOS/Source/timers.c.obj
 .text.prvTimerTask
                0x00001adc      0x25c CMakeFiles/renesascup_smartmedicine.elf.dir/ra/aws/FreeRTOS/FreeRTOS/Source/timers.c.obj
 .text.xTimerCreateTimerTask
                0x00001d38       0x6c CMakeFiles/renesascup_smartmedicine.elf.dir/ra/aws/FreeRTOS/FreeRTOS/Source/timers.c.obj
                0x00001d38                xTimerCreateTimerTask
 .text.Default_Handler
                0x00001da4        0x4 CMakeFiles/renesascup_smartmedicine.elf.dir/ra/fsp/src/bsp/cmsis/Device/RENESAS/Source/startup.c.obj
                0x00001da4                HardFault_Handler
                0x00001da4                UsageFault_Handler
                0x00001da4                SecureFault_Handler
                0x00001da4                Default_Handler
                0x00001da4                MemManage_Handler
                0x00001da4                BusFault_Handler
                0x00001da4                DebugMon_Handler
 .text.Reset_Handler
                0x00001da8        0xc CMakeFiles/renesascup_smartmedicine.elf.dir/ra/fsp/src/bsp/cmsis/Device/RENESAS/Source/startup.c.obj
                0x00001da8                Reset_Handler
 .text.SystemRuntimeInit
                0x00001db4       0x64 CMakeFiles/renesascup_smartmedicine.elf.dir/ra/fsp/src/bsp/cmsis/Device/RENESAS/Source/system.c.obj
 .text.SystemInit
                0x00001e18       0xc0 CMakeFiles/renesascup_smartmedicine.elf.dir/ra/fsp/src/bsp/cmsis/Device/RENESAS/Source/system.c.obj
                0x00001e18                SystemInit
 .text.SystemCoreClockUpdate
                0x00001ed8       0x28 CMakeFiles/renesascup_smartmedicine.elf.dir/ra/fsp/src/bsp/mcu/all/bsp_clocks.c.obj
                0x00001ed8                SystemCoreClockUpdate
 .text.R_BSP_SubClockStabilizeWaitAfterReset
                0x00001f00        0x4 CMakeFiles/renesascup_smartmedicine.elf.dir/ra/fsp/src/bsp/mcu/all/bsp_clocks.c.obj
                0x00001f00                R_BSP_SubClockStabilizeWaitAfterReset
 .text.bsp_clock_init
                0x00001f04      0x1b4 CMakeFiles/renesascup_smartmedicine.elf.dir/ra/fsp/src/bsp/mcu/all/bsp_clocks.c.obj
                0x00001f04                bsp_clock_init
 .text.R_BSP_Init_RTC
                0x000020b8       0xb0 CMakeFiles/renesascup_smartmedicine.elf.dir/ra/fsp/src/bsp/mcu/all/bsp_clocks.c.obj
                0x000020b8                R_BSP_Init_RTC
 .text.bsp_init_internal
                0x00002168        0x4 CMakeFiles/renesascup_smartmedicine.elf.dir/ra/fsp/src/bsp/mcu/all/bsp_common.c.obj
                0x00002168                bsp_init_internal
                0x00002168                bsp_init
 .text.__assert_func
                0x0000216c        0x4 CMakeFiles/renesascup_smartmedicine.elf.dir/ra/fsp/src/bsp/mcu/all/bsp_common.c.obj
                0x0000216c                __assert_func
 .text.bsp_prv_software_delay_loop
                0x00002170        0xc CMakeFiles/renesascup_smartmedicine.elf.dir/ra/fsp/src/bsp/mcu/all/bsp_delay.c.obj
                0x00002170                bsp_prv_software_delay_loop
 .text.R_BSP_SoftwareDelay
                0x0000217c       0x8c CMakeFiles/renesascup_smartmedicine.elf.dir/ra/fsp/src/bsp/mcu/all/bsp_delay.c.obj
                0x0000217c                R_BSP_SoftwareDelay
 .text.NMI_Handler
                0x00002208       0x3c CMakeFiles/renesascup_smartmedicine.elf.dir/ra/fsp/src/bsp/mcu/all/bsp_group_irq.c.obj
                0x00002208                NMI_Handler
 .text.bsp_irq_cfg
                0x00002244       0x94 CMakeFiles/renesascup_smartmedicine.elf.dir/ra/fsp/src/bsp/mcu/all/bsp_irq.c.obj
                0x00002244                bsp_irq_cfg
 .text.R_BSP_RegisterProtectEnable
                0x000022d8       0x60 CMakeFiles/renesascup_smartmedicine.elf.dir/ra/fsp/src/bsp/mcu/all/bsp_register_protection.c.obj
                0x000022d8                R_BSP_RegisterProtectEnable
 .text.R_BSP_RegisterProtectDisable
                0x00002338       0x54 CMakeFiles/renesascup_smartmedicine.elf.dir/ra/fsp/src/bsp/mcu/all/bsp_register_protection.c.obj
                0x00002338                R_BSP_RegisterProtectDisable
 .text._sbrk    0x0000238c       0x14 CMakeFiles/renesascup_smartmedicine.elf.dir/ra/fsp/src/bsp/mcu/all/bsp_sbrk.c.obj
                0x0000238c                _sbrk
 .text.R_CANFD_InfoGet
                0x000023a0       0x44 CMakeFiles/renesascup_smartmedicine.elf.dir/ra/fsp/src/r_canfd/r_canfd.c.obj
                0x000023a0                R_CANFD_InfoGet
 .text.R_CANFD_CallbackSet
                0x000023e4       0x10 CMakeFiles/renesascup_smartmedicine.elf.dir/ra/fsp/src/r_canfd/r_canfd.c.obj
                0x000023e4                R_CANFD_CallbackSet
 .text.r_canfd_mb_read
                0x000023f4       0x84 CMakeFiles/renesascup_smartmedicine.elf.dir/ra/fsp/src/r_canfd/r_canfd.c.obj
 .text.R_CANFD_Read
                0x00002478       0x5c CMakeFiles/renesascup_smartmedicine.elf.dir/ra/fsp/src/r_canfd/r_canfd.c.obj
                0x00002478                R_CANFD_Read
 .text.r_canfd_call_callback
                0x000024d4       0x3c CMakeFiles/renesascup_smartmedicine.elf.dir/ra/fsp/src/r_canfd/r_canfd.c.obj
 .text.r_canfd_mode_transition
                0x00002510      0x148 CMakeFiles/renesascup_smartmedicine.elf.dir/ra/fsp/src/r_canfd/r_canfd.c.obj
 .text.R_CANFD_Close
                0x00002658       0xf4 CMakeFiles/renesascup_smartmedicine.elf.dir/ra/fsp/src/r_canfd/r_canfd.c.obj
                0x00002658                R_CANFD_Close
 .text.R_CANFD_ModeTransition
                0x0000274c       0x94 CMakeFiles/renesascup_smartmedicine.elf.dir/ra/fsp/src/r_canfd/r_canfd.c.obj
                0x0000274c                R_CANFD_ModeTransition
 .text.R_CANFD_Write
                0x000027e0      0x114 CMakeFiles/renesascup_smartmedicine.elf.dir/ra/fsp/src/r_canfd/r_canfd.c.obj
                0x000027e0                R_CANFD_Write
 .text.R_CANFD_Open
                0x000028f4      0x370 CMakeFiles/renesascup_smartmedicine.elf.dir/ra/fsp/src/r_canfd/r_canfd.c.obj
                0x000028f4                R_CANFD_Open
 .text.canfd_error_isr
                0x00002c64       0xd4 CMakeFiles/renesascup_smartmedicine.elf.dir/ra/fsp/src/r_canfd/r_canfd.c.obj
                0x00002c64                canfd_error_isr
 .text.canfd_rx_fifo_isr
                0x00002d38       0xb4 CMakeFiles/renesascup_smartmedicine.elf.dir/ra/fsp/src/r_canfd/r_canfd.c.obj
                0x00002d38                canfd_rx_fifo_isr
 .text.canfd_channel_tx_isr
                0x00002dec      0x128 CMakeFiles/renesascup_smartmedicine.elf.dir/ra/fsp/src/r_canfd/r_canfd.c.obj
                0x00002dec                canfd_channel_tx_isr
 .text.canfd_common_fifo_rx_isr
                0x00002f14       0xd4 CMakeFiles/renesascup_smartmedicine.elf.dir/ra/fsp/src/r_canfd/r_canfd.c.obj
                0x00002f14                canfd_common_fifo_rx_isr
 .text.R_IIC_MASTER_SlaveAddressSet
                0x00002fe8        0xc CMakeFiles/renesascup_smartmedicine.elf.dir/ra/fsp/src/r_iic_master/r_iic_master.c.obj
                0x00002fe8                R_IIC_MASTER_SlaveAddressSet
 .text.R_IIC_MASTER_CallbackSet
                0x00002ff4       0x10 CMakeFiles/renesascup_smartmedicine.elf.dir/ra/fsp/src/r_iic_master/r_iic_master.c.obj
                0x00002ff4                R_IIC_MASTER_CallbackSet
 .text.R_IIC_MASTER_StatusGet
                0x00003004       0x18 CMakeFiles/renesascup_smartmedicine.elf.dir/ra/fsp/src/r_iic_master/r_iic_master.c.obj
                0x00003004                R_IIC_MASTER_StatusGet
 .text.iic_master_notify
                0x0000301c       0x3c CMakeFiles/renesascup_smartmedicine.elf.dir/ra/fsp/src/r_iic_master/r_iic_master.c.obj
 .text.iic_master_run_hw_master
                0x00003058      0x10c CMakeFiles/renesascup_smartmedicine.elf.dir/ra/fsp/src/r_iic_master/r_iic_master.c.obj
 .text.R_IIC_MASTER_Write
                0x00003164       0x30 CMakeFiles/renesascup_smartmedicine.elf.dir/ra/fsp/src/r_iic_master/r_iic_master.c.obj
                0x00003164                R_IIC_MASTER_Write
 .text.R_IIC_MASTER_Read
                0x00003194       0x34 CMakeFiles/renesascup_smartmedicine.elf.dir/ra/fsp/src/r_iic_master/r_iic_master.c.obj
                0x00003194                R_IIC_MASTER_Read
 .text.iic_master_open_hw_master
                0x000031c8      0x1b4 CMakeFiles/renesascup_smartmedicine.elf.dir/ra/fsp/src/r_iic_master/r_iic_master.c.obj
 .text.R_IIC_MASTER_Open
                0x0000337c       0x78 CMakeFiles/renesascup_smartmedicine.elf.dir/ra/fsp/src/r_iic_master/r_iic_master.c.obj
                0x0000337c                R_IIC_MASTER_Open
 .text.R_IIC_MASTER_Abort
                0x000033f4       0x30 CMakeFiles/renesascup_smartmedicine.elf.dir/ra/fsp/src/r_iic_master/r_iic_master.c.obj
                0x000033f4                R_IIC_MASTER_Abort
 .text.R_IIC_MASTER_Close
                0x00003424       0xd8 CMakeFiles/renesascup_smartmedicine.elf.dir/ra/fsp/src/r_iic_master/r_iic_master.c.obj
                0x00003424                R_IIC_MASTER_Close
 .text.iic_master_rxi_isr
                0x000034fc      0x180 CMakeFiles/renesascup_smartmedicine.elf.dir/ra/fsp/src/r_iic_master/r_iic_master.c.obj
                0x000034fc                iic_master_rxi_isr
 .text.iic_master_txi_isr
                0x0000367c      0x108 CMakeFiles/renesascup_smartmedicine.elf.dir/ra/fsp/src/r_iic_master/r_iic_master.c.obj
                0x0000367c                iic_master_txi_isr
 .text.iic_master_tei_isr
                0x00003784       0xd8 CMakeFiles/renesascup_smartmedicine.elf.dir/ra/fsp/src/r_iic_master/r_iic_master.c.obj
                0x00003784                iic_master_tei_isr
 .text.iic_master_eri_isr
                0x0000385c      0x13c CMakeFiles/renesascup_smartmedicine.elf.dir/ra/fsp/src/r_iic_master/r_iic_master.c.obj
                0x0000385c                iic_master_eri_isr
 .text.bsp_vbatt_init
                0x00003998       0xe8 CMakeFiles/renesascup_smartmedicine.elf.dir/ra/fsp/src/r_ioport/r_ioport.c.obj
 .text.r_ioport_pins_config
                0x00003a80       0xac CMakeFiles/renesascup_smartmedicine.elf.dir/ra/fsp/src/r_ioport/r_ioport.c.obj
 .text.R_IOPORT_Open
                0x00003b2c       0x14 CMakeFiles/renesascup_smartmedicine.elf.dir/ra/fsp/src/r_ioport/r_ioport.c.obj
                0x00003b2c                R_IOPORT_Open
 .text.R_SCI_UART_Close
                0x00003b40       0xcc CMakeFiles/renesascup_smartmedicine.elf.dir/ra/fsp/src/r_sci_uart/r_sci_uart.c.obj
                0x00003b40                R_SCI_UART_Close
 .text.R_SCI_UART_Read
                0x00003c0c        0xc CMakeFiles/renesascup_smartmedicine.elf.dir/ra/fsp/src/r_sci_uart/r_sci_uart.c.obj
                0x00003c0c                R_SCI_UART_Read
 .text.R_SCI_UART_Write
                0x00003c18       0x48 CMakeFiles/renesascup_smartmedicine.elf.dir/ra/fsp/src/r_sci_uart/r_sci_uart.c.obj
                0x00003c18                R_SCI_UART_Write
 .text.R_SCI_UART_CallbackSet
                0x00003c60       0x10 CMakeFiles/renesascup_smartmedicine.elf.dir/ra/fsp/src/r_sci_uart/r_sci_uart.c.obj
                0x00003c60                R_SCI_UART_CallbackSet
 .text.R_SCI_UART_BaudSet
                0x00003c70       0x5c CMakeFiles/renesascup_smartmedicine.elf.dir/ra/fsp/src/r_sci_uart/r_sci_uart.c.obj
                0x00003c70                R_SCI_UART_BaudSet
 .text.R_SCI_UART_InfoGet
                0x00003ccc        0xc CMakeFiles/renesascup_smartmedicine.elf.dir/ra/fsp/src/r_sci_uart/r_sci_uart.c.obj
                0x00003ccc                R_SCI_UART_InfoGet
 .text.R_SCI_UART_Abort
                0x00003cd8       0x3c CMakeFiles/renesascup_smartmedicine.elf.dir/ra/fsp/src/r_sci_uart/r_sci_uart.c.obj
                0x00003cd8                R_SCI_UART_Abort
 .text.R_SCI_UART_ReadStop
                0x00003d14       0x14 CMakeFiles/renesascup_smartmedicine.elf.dir/ra/fsp/src/r_sci_uart/r_sci_uart.c.obj
                0x00003d14                R_SCI_UART_ReadStop
 .text.R_SCI_UART_ReceiveSuspend
                0x00003d28        0x4 CMakeFiles/renesascup_smartmedicine.elf.dir/ra/fsp/src/r_sci_uart/r_sci_uart.c.obj
                0x00003d28                R_SCI_UART_ReceiveSuspend
 .text.r_sci_uart_call_callback
                0x00003d2c       0x44 CMakeFiles/renesascup_smartmedicine.elf.dir/ra/fsp/src/r_sci_uart/r_sci_uart.c.obj
 .text.R_SCI_UART_ReceiveResume
                0x00003d70        0x4 CMakeFiles/renesascup_smartmedicine.elf.dir/ra/fsp/src/r_sci_uart/r_sci_uart.c.obj
                0x00003d70                R_SCI_UART_ReceiveResume
 .text.R_SCI_UART_Open
                0x00003d74      0x394 CMakeFiles/renesascup_smartmedicine.elf.dir/ra/fsp/src/r_sci_uart/r_sci_uart.c.obj
                0x00003d74                R_SCI_UART_Open
 .text.sci_uart_txi_isr
                0x00004108       0x9c CMakeFiles/renesascup_smartmedicine.elf.dir/ra/fsp/src/r_sci_uart/r_sci_uart.c.obj
                0x00004108                sci_uart_txi_isr
 .text.sci_uart_rxi_isr
                0x000041a4       0x90 CMakeFiles/renesascup_smartmedicine.elf.dir/ra/fsp/src/r_sci_uart/r_sci_uart.c.obj
                0x000041a4                sci_uart_rxi_isr
 .text.sci_uart_tei_isr
                0x00004234       0x48 CMakeFiles/renesascup_smartmedicine.elf.dir/ra/fsp/src/r_sci_uart/r_sci_uart.c.obj
                0x00004234                sci_uart_tei_isr
 .text.sci_uart_eri_isr
                0x0000427c       0x78 CMakeFiles/renesascup_smartmedicine.elf.dir/ra/fsp/src/r_sci_uart/r_sci_uart.c.obj
                0x0000427c                sci_uart_eri_isr
 .text.prvTaskExitError
                0x000042f4        0x4 CMakeFiles/renesascup_smartmedicine.elf.dir/ra/fsp/src/rm_freertos_port/port.c.obj
 .text.SVC_Handler
                0x000042f8       0x18 CMakeFiles/renesascup_smartmedicine.elf.dir/ra/fsp/src/rm_freertos_port/port.c.obj
                0x000042f8                SVC_Handler
 .text.PendSV_Handler
                0x00004310       0x44 CMakeFiles/renesascup_smartmedicine.elf.dir/ra/fsp/src/rm_freertos_port/port.c.obj
                0x00004310                PendSV_Handler
 .text.rm_freertos_port_restore_task_stackless
                0x00004354       0x24 CMakeFiles/renesascup_smartmedicine.elf.dir/ra/fsp/src/rm_freertos_port/port.c.obj
                0x00004354                rm_freertos_port_restore_task_stackless
 .text.SysTick_Handler
                0x00004378       0x24 CMakeFiles/renesascup_smartmedicine.elf.dir/ra/fsp/src/rm_freertos_port/port.c.obj
                0x00004378                SysTick_Handler
 .text.vPortSVCHandler_C
                0x0000439c       0x34 CMakeFiles/renesascup_smartmedicine.elf.dir/ra/fsp/src/rm_freertos_port/port.c.obj
                0x0000439c                vPortSVCHandler_C
 .text.pxPortInitialiseStack
                0x000043d0       0x34 CMakeFiles/renesascup_smartmedicine.elf.dir/ra/fsp/src/rm_freertos_port/port.c.obj
                0x000043d0                pxPortInitialiseStack
 .text.vPortEnterCritical
                0x00004404       0x50 CMakeFiles/renesascup_smartmedicine.elf.dir/ra/fsp/src/rm_freertos_port/port.c.obj
                0x00004404                vPortEnterCritical
 .text.vPortExitCritical
                0x00004454       0x3c CMakeFiles/renesascup_smartmedicine.elf.dir/ra/fsp/src/rm_freertos_port/port.c.obj
                0x00004454                vPortExitCritical
 .text.vPortSetupTimerInterrupt
                0x00004490       0x44 CMakeFiles/renesascup_smartmedicine.elf.dir/ra/fsp/src/rm_freertos_port/port.c.obj
                0x00004490                vPortSetupTimerInterrupt
 .text.xPortStartScheduler
                0x000044d4       0x3c CMakeFiles/renesascup_smartmedicine.elf.dir/ra/fsp/src/rm_freertos_port/port.c.obj
                0x000044d4                xPortStartScheduler
 .text.vPortValidateInterruptPriority
                0x00004510       0x5c CMakeFiles/renesascup_smartmedicine.elf.dir/ra/fsp/src/rm_freertos_port/port.c.obj
                0x00004510                vPortValidateInterruptPriority
 .text.GUI_Thread_func
                0x0000456c       0x14 CMakeFiles/renesascup_smartmedicine.elf.dir/ra_gen/GUI_Thread.c.obj
 .text.GUI_Thread_create
                0x00004580       0x58 CMakeFiles/renesascup_smartmedicine.elf.dir/ra_gen/GUI_Thread.c.obj
                0x00004580                GUI_Thread_create
 .text.Motor_thread_func
                0x000045d8       0x14 CMakeFiles/renesascup_smartmedicine.elf.dir/ra_gen/Motor_thread.c.obj
 .text.Motor_thread_create
                0x000045ec       0x4c CMakeFiles/renesascup_smartmedicine.elf.dir/ra_gen/Motor_thread.c.obj
                0x000045ec                Motor_thread_create
 .text.g_common_init
                0x00004638        0x4 CMakeFiles/renesascup_smartmedicine.elf.dir/ra_gen/common_data.c.obj
                0x00004638                g_common_init
 .text.g_hal_init
                0x0000463c        0x4 CMakeFiles/renesascup_smartmedicine.elf.dir/ra_gen/hal_data.c.obj
                0x0000463c                g_hal_init
 .text.rtos_startup_err_callback_internal
                0x00004640        0x4 CMakeFiles/renesascup_smartmedicine.elf.dir/ra_gen/main.c.obj
                0x00004640                rtos_startup_err_callback
                0x00004640                rtos_startup_err_callback_internal
 .text.rtos_startup_common_init
                0x00004644       0x68 CMakeFiles/renesascup_smartmedicine.elf.dir/ra_gen/main.c.obj
                0x00004644                rtos_startup_common_init
 .text.startup.main
                0x000046ac       0x48 CMakeFiles/renesascup_smartmedicine.elf.dir/ra_gen/main.c.obj
                0x000046ac                main
 .text.vApplicationGetIdleTaskMemory
                0x000046f4       0x1c CMakeFiles/renesascup_smartmedicine.elf.dir/ra_gen/main.c.obj
                0x000046f4                vApplicationGetIdleTaskMemory
 .text.vApplicationGetTimerTaskMemory
                0x00004710       0x1c CMakeFiles/renesascup_smartmedicine.elf.dir/ra_gen/main.c.obj
                0x00004710                vApplicationGetTimerTaskMemory
 .text.GUI_Thread_entry
                0x0000472c       0x44 CMakeFiles/renesascup_smartmedicine.elf.dir/src/GUI_Thread_entry.c.obj
                0x0000472c                GUI_Thread_entry
 .text.can0_callback
                0x00004770        0x4 CMakeFiles/renesascup_smartmedicine.elf.dir/src/Motor_thread_entry.c.obj
                0x00004770                can0_callback
 .text.Motor_thread_entry
                0x00004774       0x28 CMakeFiles/renesascup_smartmedicine.elf.dir/src/Motor_thread_entry.c.obj
                0x00004774                Motor_thread_entry
 .text.app_touchpad_init
                0x0000479c       0x28 CMakeFiles/renesascup_smartmedicine.elf.dir/src/app/app_i2c_touchpad_test.c.obj
                0x0000479c                app_touchpad_init
 .text.app_touchpad_read
                0x000047c4       0x4c CMakeFiles/renesascup_smartmedicine.elf.dir/src/app/app_i2c_touchpad_test.c.obj
                0x000047c4                app_touchpad_read
 .text.i2c_master2_callback
                0x00004810       0x58 CMakeFiles/renesascup_smartmedicine.elf.dir/src/drive/GUI/i2c_touchpad_drv.c.obj
                0x00004810                i2c_master2_callback
 .text.touchpad_driver_init
                0x00004868       0x2c CMakeFiles/renesascup_smartmedicine.elf.dir/src/drive/GUI/i2c_touchpad_drv.c.obj
                0x00004868                touchpad_driver_init
 .text.touchpad_driver_read
                0x00004894       0xd8 CMakeFiles/renesascup_smartmedicine.elf.dir/src/drive/GUI/i2c_touchpad_drv.c.obj
                0x00004894                touchpad_driver_read
 .text.ZDT_Send_Raw.isra.0
                0x0000496c       0x34 CMakeFiles/renesascup_smartmedicine.elf.dir/src/drive/ZDT_drv.c.obj
 .text.ZDT_Driver_Init
                0x000049a0       0x10 CMakeFiles/renesascup_smartmedicine.elf.dir/src/drive/ZDT_drv.c.obj
                0x000049a0                ZDT_Driver_Init
 .text.ZDT_Enable
                0x000049b0       0x24 CMakeFiles/renesascup_smartmedicine.elf.dir/src/drive/ZDT_drv.c.obj
                0x000049b0                ZDT_Enable
 .text.drv_uart_init
                0x000049d4       0x44 CMakeFiles/renesascup_smartmedicine.elf.dir/src/drive/uart_drv.c.obj
                0x000049d4                drv_uart_init
 .text.uart7_callback
                0x00004a18       0x48 CMakeFiles/renesascup_smartmedicine.elf.dir/src/drive/uart_drv.c.obj
                0x00004a18                uart7_callback
 .text._write   0x00004a60       0x40 CMakeFiles/renesascup_smartmedicine.elf.dir/src/drive/uart_drv.c.obj
                0x00004a60                _write
 .text.R_BSP_WarmStart
                0x00004aa0       0x18 CMakeFiles/renesascup_smartmedicine.elf.dir/src/hal_warmstart.c.obj
                0x00004aa0                R_BSP_WarmStart
 .text.std      0x00004ab8       0x6c C:/PROGRA~2/ARMGNU~1/13C7F1~1.2RE/bin/../lib/gcc/arm-none-eabi/13.2.1/thumb/v8-m.main+fp/hard\libg_nano.a(libc_a-findfp.o)
 .text.stdio_exit_handler
                0x00004b24       0x18 C:/PROGRA~2/ARMGNU~1/13C7F1~1.2RE/bin/../lib/gcc/arm-none-eabi/13.2.1/thumb/v8-m.main+fp/hard\libg_nano.a(libc_a-findfp.o)
 .text.cleanup_stdio
                0x00004b3c       0x40 C:/PROGRA~2/ARMGNU~1/13C7F1~1.2RE/bin/../lib/gcc/arm-none-eabi/13.2.1/thumb/v8-m.main+fp/hard\libg_nano.a(libc_a-findfp.o)
 .text.global_stdio_init.part.0
                0x00004b7c       0x3c C:/PROGRA~2/ARMGNU~1/13C7F1~1.2RE/bin/../lib/gcc/arm-none-eabi/13.2.1/thumb/v8-m.main+fp/hard\libg_nano.a(libc_a-findfp.o)
 .text.__sfp_lock_acquire
                0x00004bb8        0xc C:/PROGRA~2/ARMGNU~1/13C7F1~1.2RE/bin/../lib/gcc/arm-none-eabi/13.2.1/thumb/v8-m.main+fp/hard\libg_nano.a(libc_a-findfp.o)
                0x00004bb8                __sfp_lock_acquire
 .text.__sfp_lock_release
                0x00004bc4        0xc C:/PROGRA~2/ARMGNU~1/13C7F1~1.2RE/bin/../lib/gcc/arm-none-eabi/13.2.1/thumb/v8-m.main+fp/hard\libg_nano.a(libc_a-findfp.o)
                0x00004bc4                __sfp_lock_release
 .text.__sinit  0x00004bd0       0x30 C:/PROGRA~2/ARMGNU~1/13C7F1~1.2RE/bin/../lib/gcc/arm-none-eabi/13.2.1/thumb/v8-m.main+fp/hard\libg_nano.a(libc_a-findfp.o)
                0x00004bd0                __sinit
 .text._fwalk_sglue
                0x00004c00       0x3c C:/PROGRA~2/ARMGNU~1/13C7F1~1.2RE/bin/../lib/gcc/arm-none-eabi/13.2.1/thumb/v8-m.main+fp/hard\libg_nano.a(libc_a-fwalk.o)
                0x00004c00                _fwalk_sglue
 .text.printf   0x00004c3c       0x24 C:/PROGRA~2/ARMGNU~1/13C7F1~1.2RE/bin/../lib/gcc/arm-none-eabi/13.2.1/thumb/v8-m.main+fp/hard\libg_nano.a(libc_a-printf.o)
                0x00004c3c                iprintf
                0x00004c3c                printf
 .text._puts_r  0x00004c60       0xaa C:/PROGRA~2/ARMGNU~1/13C7F1~1.2RE/bin/../lib/gcc/arm-none-eabi/13.2.1/thumb/v8-m.main+fp/hard\libg_nano.a(libc_a-puts.o)
                0x00004c60                _puts_r
 *fill*         0x00004d0a        0x2 
 .text.puts     0x00004d0c       0x10 C:/PROGRA~2/ARMGNU~1/13C7F1~1.2RE/bin/../lib/gcc/arm-none-eabi/13.2.1/thumb/v8-m.main+fp/hard\libg_nano.a(libc_a-puts.o)
                0x00004d0c                puts
 .text.__sread  0x00004d1c       0x22 C:/PROGRA~2/ARMGNU~1/13C7F1~1.2RE/bin/../lib/gcc/arm-none-eabi/13.2.1/thumb/v8-m.main+fp/hard\libg_nano.a(libc_a-stdio.o)
                0x00004d1c                __sread
 .text.__swrite
                0x00004d3e       0x38 C:/PROGRA~2/ARMGNU~1/13C7F1~1.2RE/bin/../lib/gcc/arm-none-eabi/13.2.1/thumb/v8-m.main+fp/hard\libg_nano.a(libc_a-stdio.o)
                0x00004d3e                __swrite
 .text.__sseek  0x00004d76       0x24 C:/PROGRA~2/ARMGNU~1/13C7F1~1.2RE/bin/../lib/gcc/arm-none-eabi/13.2.1/thumb/v8-m.main+fp/hard\libg_nano.a(libc_a-stdio.o)
                0x00004d76                __sseek
 .text.__sclose
                0x00004d9a        0x8 C:/PROGRA~2/ARMGNU~1/13C7F1~1.2RE/bin/../lib/gcc/arm-none-eabi/13.2.1/thumb/v8-m.main+fp/hard\libg_nano.a(libc_a-stdio.o)
                0x00004d9a                __sclose
 .text.__swbuf_r
                0x00004da2       0x7c C:/PROGRA~2/ARMGNU~1/13C7F1~1.2RE/bin/../lib/gcc/arm-none-eabi/13.2.1/thumb/v8-m.main+fp/hard\libg_nano.a(libc_a-wbuf.o)
                0x00004da2                __swbuf_r
 *fill*         0x00004e1e        0x2 
 .text.__swsetup_r
                0x00004e20       0xac C:/PROGRA~2/ARMGNU~1/13C7F1~1.2RE/bin/../lib/gcc/arm-none-eabi/13.2.1/thumb/v8-m.main+fp/hard\libg_nano.a(libc_a-wsetup.o)
                0x00004e20                __swsetup_r
 .text.memset   0x00004ecc       0x10 C:/PROGRA~2/ARMGNU~1/13C7F1~1.2RE/bin/../lib/gcc/arm-none-eabi/13.2.1/thumb/v8-m.main+fp/hard\libg_nano.a(libc_a-memset.o)
                0x00004ecc                memset
 .text._close_r
                0x00004edc       0x20 C:/PROGRA~2/ARMGNU~1/13C7F1~1.2RE/bin/../lib/gcc/arm-none-eabi/13.2.1/thumb/v8-m.main+fp/hard\libg_nano.a(libc_a-closer.o)
                0x00004edc                _close_r
 .text._lseek_r
                0x00004efc       0x24 C:/PROGRA~2/ARMGNU~1/13C7F1~1.2RE/bin/../lib/gcc/arm-none-eabi/13.2.1/thumb/v8-m.main+fp/hard\libg_nano.a(libc_a-lseekr.o)
                0x00004efc                _lseek_r
 .text._read_r  0x00004f20       0x24 C:/PROGRA~2/ARMGNU~1/13C7F1~1.2RE/bin/../lib/gcc/arm-none-eabi/13.2.1/thumb/v8-m.main+fp/hard\libg_nano.a(libc_a-readr.o)
                0x00004f20                _read_r
 .text._write_r
                0x00004f44       0x24 C:/PROGRA~2/ARMGNU~1/13C7F1~1.2RE/bin/../lib/gcc/arm-none-eabi/13.2.1/thumb/v8-m.main+fp/hard\libg_nano.a(libc_a-writer.o)
                0x00004f44                _write_r
 .text.__errno  0x00004f68        0xc C:/PROGRA~2/ARMGNU~1/13C7F1~1.2RE/bin/../lib/gcc/arm-none-eabi/13.2.1/thumb/v8-m.main+fp/hard\libg_nano.a(libc_a-errno.o)
                0x00004f68                __errno
 .text.__retarget_lock_init_recursive
                0x00004f74        0x2 C:/PROGRA~2/ARMGNU~1/13C7F1~1.2RE/bin/../lib/gcc/arm-none-eabi/13.2.1/thumb/v8-m.main+fp/hard\libg_nano.a(libc_a-lock.o)
                0x00004f74                __retarget_lock_init_recursive
 .text.__retarget_lock_acquire_recursive
                0x00004f76        0x2 C:/PROGRA~2/ARMGNU~1/13C7F1~1.2RE/bin/../lib/gcc/arm-none-eabi/13.2.1/thumb/v8-m.main+fp/hard\libg_nano.a(libc_a-lock.o)
                0x00004f76                __retarget_lock_acquire_recursive
 .text.__retarget_lock_release_recursive
                0x00004f78        0x2 C:/PROGRA~2/ARMGNU~1/13C7F1~1.2RE/bin/../lib/gcc/arm-none-eabi/13.2.1/thumb/v8-m.main+fp/hard\libg_nano.a(libc_a-lock.o)
                0x00004f78                __retarget_lock_release_recursive
 .text.memcpy   0x00004f7a       0x1a C:/PROGRA~2/ARMGNU~1/13C7F1~1.2RE/bin/../lib/gcc/arm-none-eabi/13.2.1/thumb/v8-m.main+fp/hard\libg_nano.a(libc_a-memcpy-stub.o)
                0x00004f7a                memcpy
 .text._free_r  0x00004f94       0x94 C:/PROGRA~2/ARMGNU~1/13C7F1~1.2RE/bin/../lib/gcc/arm-none-eabi/13.2.1/thumb/v8-m.main+fp/hard\libg_nano.a(libc_a-freer.o)
                0x00004f94                _free_r
 .text.sbrk_aligned
                0x00005028       0x44 C:/PROGRA~2/ARMGNU~1/13C7F1~1.2RE/bin/../lib/gcc/arm-none-eabi/13.2.1/thumb/v8-m.main+fp/hard\libg_nano.a(libc_a-mallocr.o)
 .text._malloc_r
                0x0000506c      0x100 C:/PROGRA~2/ARMGNU~1/13C7F1~1.2RE/bin/../lib/gcc/arm-none-eabi/13.2.1/thumb/v8-m.main+fp/hard\libg_nano.a(libc_a-mallocr.o)
                0x0000506c                _malloc_r
 .text.__malloc_lock
                0x0000516c        0xc C:/PROGRA~2/ARMGNU~1/13C7F1~1.2RE/bin/../lib/gcc/arm-none-eabi/13.2.1/thumb/v8-m.main+fp/hard\libg_nano.a(libc_a-mlock.o)
                0x0000516c                __malloc_lock
 .text.__malloc_unlock
                0x00005178        0xc C:/PROGRA~2/ARMGNU~1/13C7F1~1.2RE/bin/../lib/gcc/arm-none-eabi/13.2.1/thumb/v8-m.main+fp/hard\libg_nano.a(libc_a-mlock.o)
                0x00005178                __malloc_unlock
 .text.__sfputc_r
                0x00005184       0x2e C:/PROGRA~2/ARMGNU~1/13C7F1~1.2RE/bin/../lib/gcc/arm-none-eabi/13.2.1/thumb/v8-m.main+fp/hard\libg_nano.a(libc_a-nano-vfprintf.o)
 .text.__sfputs_r
                0x000051b2       0x24 C:/PROGRA~2/ARMGNU~1/13C7F1~1.2RE/bin/../lib/gcc/arm-none-eabi/13.2.1/thumb/v8-m.main+fp/hard\libg_nano.a(libc_a-nano-vfprintf.o)
                0x000051b2                __sfputs_r
 *fill*         0x000051d6        0x2 
 .text._vfprintf_r
                0x000051d8      0x230 C:/PROGRA~2/ARMGNU~1/13C7F1~1.2RE/bin/../lib/gcc/arm-none-eabi/13.2.1/thumb/v8-m.main+fp/hard\libg_nano.a(libc_a-nano-vfprintf.o)
                0x000051d8                _vfprintf_r
                0x000051d8                _vfiprintf_r
 .text._printf_common
                0x00005408       0xe4 C:/PROGRA~2/ARMGNU~1/13C7F1~1.2RE/bin/../lib/gcc/arm-none-eabi/13.2.1/thumb/v8-m.main+fp/hard\libg_nano.a(libc_a-nano-vfprintf_i.o)
                0x00005408                _printf_common
 .text._printf_i
                0x000054ec      0x23c C:/PROGRA~2/ARMGNU~1/13C7F1~1.2RE/bin/../lib/gcc/arm-none-eabi/13.2.1/thumb/v8-m.main+fp/hard\libg_nano.a(libc_a-nano-vfprintf_i.o)
                0x000054ec                _printf_i
 .text.__sflush_r
                0x00005728      0x108 C:/PROGRA~2/ARMGNU~1/13C7F1~1.2RE/bin/../lib/gcc/arm-none-eabi/13.2.1/thumb/v8-m.main+fp/hard\libg_nano.a(libc_a-fflush.o)
                0x00005728                __sflush_r
 .text._fflush_r
                0x00005830       0x50 C:/PROGRA~2/ARMGNU~1/13C7F1~1.2RE/bin/../lib/gcc/arm-none-eabi/13.2.1/thumb/v8-m.main+fp/hard\libg_nano.a(libc_a-fflush.o)
                0x00005830                _fflush_r
 .text.__swhatbuf_r
                0x00005880       0x4a C:/PROGRA~2/ARMGNU~1/13C7F1~1.2RE/bin/../lib/gcc/arm-none-eabi/13.2.1/thumb/v8-m.main+fp/hard\libg_nano.a(libc_a-makebuf.o)
                0x00005880                __swhatbuf_r
 .text.__smakebuf_r
                0x000058ca       0x78 C:/PROGRA~2/ARMGNU~1/13C7F1~1.2RE/bin/../lib/gcc/arm-none-eabi/13.2.1/thumb/v8-m.main+fp/hard\libg_nano.a(libc_a-makebuf.o)
                0x000058ca                __smakebuf_r
 *fill*         0x00005942        0x2 
 .text._fstat_r
                0x00005944       0x24 C:/PROGRA~2/ARMGNU~1/13C7F1~1.2RE/bin/../lib/gcc/arm-none-eabi/13.2.1/thumb/v8-m.main+fp/hard\libg_nano.a(libc_a-fstatr.o)
                0x00005944                _fstat_r
 .text._isatty_r
                0x00005968       0x20 C:/PROGRA~2/ARMGNU~1/13C7F1~1.2RE/bin/../lib/gcc/arm-none-eabi/13.2.1/thumb/v8-m.main+fp/hard\libg_nano.a(libc_a-isattyr.o)
                0x00005968                _isatty_r
 .text._sbrk_r  0x00005988       0x20 C:/PROGRA~2/ARMGNU~1/13C7F1~1.2RE/bin/../lib/gcc/arm-none-eabi/13.2.1/thumb/v8-m.main+fp/hard\libg_nano.a(libc_a-sbrkr.o)
                0x00005988                _sbrk_r
 .text.memchr   0x000059a8       0x1c C:/PROGRA~2/ARMGNU~1/13C7F1~1.2RE/bin/../lib/gcc/arm-none-eabi/13.2.1/thumb/v8-m.main+fp/hard\libg_nano.a(libc_a-memchr-stub.o)
                0x000059a8                memchr
 .text._close   0x000059c4       0x10 C:/PROGRA~2/ARMGNU~1/13C7F1~1.2RE/bin/../lib/gcc/arm-none-eabi/13.2.1/thumb/v8-m.main+fp/hard\libnosys.a(close.o)
                0x000059c4                _close
 .text._fstat   0x000059d4       0x10 C:/PROGRA~2/ARMGNU~1/13C7F1~1.2RE/bin/../lib/gcc/arm-none-eabi/13.2.1/thumb/v8-m.main+fp/hard\libnosys.a(fstat.o)
                0x000059d4                _fstat
 .text._isatty  0x000059e4       0x10 C:/PROGRA~2/ARMGNU~1/13C7F1~1.2RE/bin/../lib/gcc/arm-none-eabi/13.2.1/thumb/v8-m.main+fp/hard\libnosys.a(isatty.o)
                0x000059e4                _isatty
 .text._lseek   0x000059f4       0x10 C:/PROGRA~2/ARMGNU~1/13C7F1~1.2RE/bin/../lib/gcc/arm-none-eabi/13.2.1/thumb/v8-m.main+fp/hard\libnosys.a(lseek.o)
                0x000059f4                _lseek
 .text._read    0x00005a04       0x10 C:/PROGRA~2/ARMGNU~1/13C7F1~1.2RE/bin/../lib/gcc/arm-none-eabi/13.2.1/thumb/v8-m.main+fp/hard\libnosys.a(read.o)
                0x00005a04                _read
 *(.rodata*)
 .rodata.pvPortMalloc.str1.4
                0x00005a14      0xae6 CMakeFiles/renesascup_smartmedicine.elf.dir/ra/aws/FreeRTOS/FreeRTOS/Source/portable/MemMang/heap_4.c.obj
                                0x1f1 (size before relaxing)
 .rodata.vPortFree.str1.4
                0x000064fa      0x184 CMakeFiles/renesascup_smartmedicine.elf.dir/ra/aws/FreeRTOS/FreeRTOS/Source/portable/MemMang/heap_4.c.obj
 *fill*         0x000064fa        0x2 
 .rodata.__func__.0
                0x000064fc       0x1b CMakeFiles/renesascup_smartmedicine.elf.dir/ra/aws/FreeRTOS/FreeRTOS/Source/portable/MemMang/heap_4.c.obj
 *fill*         0x00006517        0x1 
 .rodata.__func__.1
                0x00006518        0xa CMakeFiles/renesascup_smartmedicine.elf.dir/ra/aws/FreeRTOS/FreeRTOS/Source/portable/MemMang/heap_4.c.obj
 *fill*         0x00006522        0x2 
 .rodata.__func__.2
                0x00006524        0xd CMakeFiles/renesascup_smartmedicine.elf.dir/ra/aws/FreeRTOS/FreeRTOS/Source/portable/MemMang/heap_4.c.obj
 .rodata.vQueueUnregisterQueue.part.0.str1.4
                0x00006531       0x5c CMakeFiles/renesascup_smartmedicine.elf.dir/ra/aws/FreeRTOS/FreeRTOS/Source/queue.c.obj
 .rodata.xQueueGenericReset.str1.4
                0x00006531       0x2c CMakeFiles/renesascup_smartmedicine.elf.dir/ra/aws/FreeRTOS/FreeRTOS/Source/queue.c.obj
 .rodata.xQueueGenericCreateStatic.str1.4
                0x00006531       0x37 CMakeFiles/renesascup_smartmedicine.elf.dir/ra/aws/FreeRTOS/FreeRTOS/Source/queue.c.obj
 .rodata.xQueueCreateCountingSemaphoreStatic.str1.4
                0x00006531        0x8 CMakeFiles/renesascup_smartmedicine.elf.dir/ra/aws/FreeRTOS/FreeRTOS/Source/queue.c.obj
 .rodata.xQueueGenericSend.str1.4
                0x00006531       0xfb CMakeFiles/renesascup_smartmedicine.elf.dir/ra/aws/FreeRTOS/FreeRTOS/Source/queue.c.obj
 .rodata.xQueueGenericSendFromISR.str1.4
                0x00006531       0x22 CMakeFiles/renesascup_smartmedicine.elf.dir/ra/aws/FreeRTOS/FreeRTOS/Source/queue.c.obj
 .rodata.xQueueGiveFromISR.str1.4
                0x00006531       0x7d CMakeFiles/renesascup_smartmedicine.elf.dir/ra/aws/FreeRTOS/FreeRTOS/Source/queue.c.obj
 .rodata.xQueueReceive.str1.4
                0x00006531       0x66 CMakeFiles/renesascup_smartmedicine.elf.dir/ra/aws/FreeRTOS/FreeRTOS/Source/queue.c.obj
 *fill*         0x00006531        0x3 
 .rodata.__func__.2
                0x00006534       0x14 CMakeFiles/renesascup_smartmedicine.elf.dir/ra/aws/FreeRTOS/FreeRTOS/Source/queue.c.obj
 .rodata.__func__.12
                0x00006548       0x14 CMakeFiles/renesascup_smartmedicine.elf.dir/ra/aws/FreeRTOS/FreeRTOS/Source/queue.c.obj
 .rodata.__func__.13
                0x0000655c        0xe CMakeFiles/renesascup_smartmedicine.elf.dir/ra/aws/FreeRTOS/FreeRTOS/Source/queue.c.obj
 *fill*         0x0000656a        0x2 
 .rodata.__func__.14
                0x0000656c       0x12 CMakeFiles/renesascup_smartmedicine.elf.dir/ra/aws/FreeRTOS/FreeRTOS/Source/queue.c.obj
 *fill*         0x0000657e        0x2 
 .rodata.__func__.16
                0x00006580       0x12 CMakeFiles/renesascup_smartmedicine.elf.dir/ra/aws/FreeRTOS/FreeRTOS/Source/queue.c.obj
 *fill*         0x00006592        0x2 
 .rodata.__func__.18
                0x00006594       0x24 CMakeFiles/renesascup_smartmedicine.elf.dir/ra/aws/FreeRTOS/FreeRTOS/Source/queue.c.obj
 .rodata.__func__.19
                0x000065b8       0x14 CMakeFiles/renesascup_smartmedicine.elf.dir/ra/aws/FreeRTOS/FreeRTOS/Source/queue.c.obj
 .rodata.__func__.21
                0x000065cc       0x1a CMakeFiles/renesascup_smartmedicine.elf.dir/ra/aws/FreeRTOS/FreeRTOS/Source/queue.c.obj
 *fill*         0x000065e6        0x2 
 .rodata.__func__.22
                0x000065e8       0x13 CMakeFiles/renesascup_smartmedicine.elf.dir/ra/aws/FreeRTOS/FreeRTOS/Source/queue.c.obj
 .rodata.prvTaskIsTaskSuspended.part.0.str1.4
                0x000065fb       0x5c CMakeFiles/renesascup_smartmedicine.elf.dir/ra/aws/FreeRTOS/FreeRTOS/Source/tasks.c.obj
 .rodata.prvInitialiseNewTask.constprop.0.str1.4
                0x000065fb       0x11 CMakeFiles/renesascup_smartmedicine.elf.dir/ra/aws/FreeRTOS/FreeRTOS/Source/tasks.c.obj
 .rodata.prvCheckTasksWaitingTermination.str1.4
                0x000065fb       0x32 CMakeFiles/renesascup_smartmedicine.elf.dir/ra/aws/FreeRTOS/FreeRTOS/Source/tasks.c.obj
 .rodata.xTaskIncrementTick.part.0.str1.4
                0x000065fb       0x76 CMakeFiles/renesascup_smartmedicine.elf.dir/ra/aws/FreeRTOS/FreeRTOS/Source/tasks.c.obj
 .rodata.xTaskCreateStatic.str1.4
                0x000065fb       0x55 CMakeFiles/renesascup_smartmedicine.elf.dir/ra/aws/FreeRTOS/FreeRTOS/Source/tasks.c.obj
 .rodata.vTaskStartScheduler.str1.4
                0x000065fb       0x12 CMakeFiles/renesascup_smartmedicine.elf.dir/ra/aws/FreeRTOS/FreeRTOS/Source/tasks.c.obj
 .rodata.xTaskResumeAll.str1.4
                0x000065fb       0x1b CMakeFiles/renesascup_smartmedicine.elf.dir/ra/aws/FreeRTOS/FreeRTOS/Source/tasks.c.obj
 .rodata.xTaskDelayUntil.str1.4
                0x000065fb       0x47 CMakeFiles/renesascup_smartmedicine.elf.dir/ra/aws/FreeRTOS/FreeRTOS/Source/tasks.c.obj
 .rodata.vTaskSwitchContext.str1.4
                0x000065fb        0xe CMakeFiles/renesascup_smartmedicine.elf.dir/ra/aws/FreeRTOS/FreeRTOS/Source/tasks.c.obj
 .rodata.vTaskPlaceOnEventList.str1.4
                0x000065fb        0xc CMakeFiles/renesascup_smartmedicine.elf.dir/ra/aws/FreeRTOS/FreeRTOS/Source/tasks.c.obj
 .rodata.xTaskRemoveFromEventList.str1.4
                0x000065fb        0xf CMakeFiles/renesascup_smartmedicine.elf.dir/ra/aws/FreeRTOS/FreeRTOS/Source/tasks.c.obj
 .rodata.vTaskSetTimeOutState.str1.4
                0x000065fb        0xa CMakeFiles/renesascup_smartmedicine.elf.dir/ra/aws/FreeRTOS/FreeRTOS/Source/tasks.c.obj
 .rodata.xTaskCheckForTimeOut.str1.4
                0x000065fb        0xe CMakeFiles/renesascup_smartmedicine.elf.dir/ra/aws/FreeRTOS/FreeRTOS/Source/tasks.c.obj
 *fill*         0x000065fb        0x1 
 .rodata.__func__.8
                0x000065fc       0x15 CMakeFiles/renesascup_smartmedicine.elf.dir/ra/aws/FreeRTOS/FreeRTOS/Source/tasks.c.obj
 *fill*         0x00006611        0x3 
 .rodata.__func__.11
                0x00006614       0x19 CMakeFiles/renesascup_smartmedicine.elf.dir/ra/aws/FreeRTOS/FreeRTOS/Source/tasks.c.obj
 *fill*         0x0000662d        0x3 
 .rodata.__func__.12
                0x00006630       0x20 CMakeFiles/renesascup_smartmedicine.elf.dir/ra/aws/FreeRTOS/FreeRTOS/Source/tasks.c.obj
 .rodata.__func__.14
                0x00006650       0x16 CMakeFiles/renesascup_smartmedicine.elf.dir/ra/aws/FreeRTOS/FreeRTOS/Source/tasks.c.obj
 *fill*         0x00006666        0x2 
 .rodata.__func__.15
                0x00006668       0x13 CMakeFiles/renesascup_smartmedicine.elf.dir/ra/aws/FreeRTOS/FreeRTOS/Source/tasks.c.obj
 *fill*         0x0000667b        0x1 
 .rodata.__func__.16
                0x0000667c       0x13 CMakeFiles/renesascup_smartmedicine.elf.dir/ra/aws/FreeRTOS/FreeRTOS/Source/tasks.c.obj
 *fill*         0x0000668f        0x1 
 .rodata.__func__.20
                0x00006690        0xf CMakeFiles/renesascup_smartmedicine.elf.dir/ra/aws/FreeRTOS/FreeRTOS/Source/tasks.c.obj
 *fill*         0x0000669f        0x1 
 .rodata.__func__.21
                0x000066a0       0x14 CMakeFiles/renesascup_smartmedicine.elf.dir/ra/aws/FreeRTOS/FreeRTOS/Source/tasks.c.obj
 .rodata.__func__.28
                0x000066b4        0xb CMakeFiles/renesascup_smartmedicine.elf.dir/ra/aws/FreeRTOS/FreeRTOS/Source/tasks.c.obj
 *fill*         0x000066bf        0x1 
 .rodata.__func__.30
                0x000066c0        0xd CMakeFiles/renesascup_smartmedicine.elf.dir/ra/aws/FreeRTOS/FreeRTOS/Source/tasks.c.obj
 *fill*         0x000066cd        0x3 
 .rodata.__func__.32
                0x000066d0       0x15 CMakeFiles/renesascup_smartmedicine.elf.dir/ra/aws/FreeRTOS/FreeRTOS/Source/tasks.c.obj
 *fill*         0x000066e5        0x3 
 .rodata.__func__.33
                0x000066e8       0x14 CMakeFiles/renesascup_smartmedicine.elf.dir/ra/aws/FreeRTOS/FreeRTOS/Source/tasks.c.obj
 .rodata.uxTopUsedPriority
                0x000066fc        0x4 CMakeFiles/renesascup_smartmedicine.elf.dir/ra/aws/FreeRTOS/FreeRTOS/Source/tasks.c.obj
 .rodata.prvCheckForValidListAndQueue.str1.4
                0x00006700        0x5 CMakeFiles/renesascup_smartmedicine.elf.dir/ra/aws/FreeRTOS/FreeRTOS/Source/timers.c.obj
 .rodata.prvInitialiseNewTimer.part.0.str1.4
                0x00006700       0x71 CMakeFiles/renesascup_smartmedicine.elf.dir/ra/aws/FreeRTOS/FreeRTOS/Source/timers.c.obj
 .rodata.prvTimerTask.str1.4
                0x00006700       0x25 CMakeFiles/renesascup_smartmedicine.elf.dir/ra/aws/FreeRTOS/FreeRTOS/Source/timers.c.obj
 .rodata.xTimerCreateTimerTask.str1.4
                0x00006700       0x10 CMakeFiles/renesascup_smartmedicine.elf.dir/ra/aws/FreeRTOS/FreeRTOS/Source/timers.c.obj
 .rodata.__func__.16
                0x00006700       0x1b CMakeFiles/renesascup_smartmedicine.elf.dir/ra/aws/FreeRTOS/FreeRTOS/Source/timers.c.obj
 *fill*         0x0000671b        0x1 
 .rodata.__func__.18
                0x0000671c       0x16 CMakeFiles/renesascup_smartmedicine.elf.dir/ra/aws/FreeRTOS/FreeRTOS/Source/timers.c.obj
 *fill*         0x00006732        0x2 
 .rodata.g_prcr_masks
                0x00006734        0xa CMakeFiles/renesascup_smartmedicine.elf.dir/ra/fsp/src/bsp/mcu/all/bsp_register_protection.c.obj
 *fill*         0x0000673e        0x2 
 .rodata.g_init_info
                0x00006740       0x18 CMakeFiles/renesascup_smartmedicine.elf.dir/ra/fsp/src/bsp/mcu/ra6m5/bsp_linker.c.obj
                0x00006740                g_init_info
 .rodata.nocache_list
                0x00006758       0x10 CMakeFiles/renesascup_smartmedicine.elf.dir/ra/fsp/src/bsp/mcu/ra6m5/bsp_linker.c.obj
 .rodata.copy_list
                0x00006768       0x80 CMakeFiles/renesascup_smartmedicine.elf.dir/ra/fsp/src/bsp/mcu/ra6m5/bsp_linker.c.obj
 .rodata.zero_list
                0x000067e8       0x30 CMakeFiles/renesascup_smartmedicine.elf.dir/ra/fsp/src/bsp/mcu/ra6m5/bsp_linker.c.obj
 .rodata.g_canfd_on_canfd
                0x00006818       0x1c CMakeFiles/renesascup_smartmedicine.elf.dir/ra/fsp/src/r_canfd/r_canfd.c.obj
                0x00006818                g_canfd_on_canfd
 .rodata.dlc_to_bytes
                0x00006834       0x10 CMakeFiles/renesascup_smartmedicine.elf.dir/ra/fsp/src/r_canfd/r_canfd.c.obj
 .rodata.g_i2c_master_on_iic
                0x00006844       0x20 CMakeFiles/renesascup_smartmedicine.elf.dir/ra/fsp/src/r_iic_master/r_iic_master.c.obj
                0x00006844                g_i2c_master_on_iic
 .rodata.g_vbatt_pins_input
                0x00006864        0x6 CMakeFiles/renesascup_smartmedicine.elf.dir/ra/fsp/src/r_ioport/r_ioport.c.obj
 *fill*         0x0000686a        0x2 
 .rodata.g_uart_on_sci
                0x0000686c       0x2c CMakeFiles/renesascup_smartmedicine.elf.dir/ra/fsp/src/r_sci_uart/r_sci_uart.c.obj
                0x0000686c                g_uart_on_sci
 .rodata.vPortSVCHandler_C.str1.4
                0x00006898       0x63 CMakeFiles/renesascup_smartmedicine.elf.dir/ra/fsp/src/rm_freertos_port/port.c.obj
 .rodata.vPortEnterCritical.str1.4
                0x00006898       0x46 CMakeFiles/renesascup_smartmedicine.elf.dir/ra/fsp/src/rm_freertos_port/port.c.obj
 .rodata.vPortExitCritical.str1.4
                0x00006898       0x12 CMakeFiles/renesascup_smartmedicine.elf.dir/ra/fsp/src/rm_freertos_port/port.c.obj
 .rodata.vPortValidateInterruptPriority.str1.4
                0x00006898       0x64 CMakeFiles/renesascup_smartmedicine.elf.dir/ra/fsp/src/rm_freertos_port/port.c.obj
 .rodata.__func__.0
                0x00006898       0x1f CMakeFiles/renesascup_smartmedicine.elf.dir/ra/fsp/src/rm_freertos_port/port.c.obj
 *fill*         0x000068b7        0x1 
 .rodata.__func__.1
                0x000068b8       0x12 CMakeFiles/renesascup_smartmedicine.elf.dir/ra/fsp/src/rm_freertos_port/port.c.obj
 *fill*         0x000068ca        0x2 
 .rodata.__func__.2
                0x000068cc       0x13 CMakeFiles/renesascup_smartmedicine.elf.dir/ra/fsp/src/rm_freertos_port/port.c.obj
 *fill*         0x000068df        0x1 
 .rodata.__func__.3
                0x000068e0       0x12 CMakeFiles/renesascup_smartmedicine.elf.dir/ra/fsp/src/rm_freertos_port/port.c.obj
 .rodata.GUI_Thread_create.str1.4
                0x000068f2        0xb CMakeFiles/renesascup_smartmedicine.elf.dir/ra_gen/GUI_Thread.c.obj
 *fill*         0x000068f2        0x2 
 .rodata.GUI_Thread_parameters
                0x000068f4        0x4 CMakeFiles/renesascup_smartmedicine.elf.dir/ra_gen/GUI_Thread.c.obj
                0x000068f4                GUI_Thread_parameters
 .rodata.g_uart7
                0x000068f8        0xc CMakeFiles/renesascup_smartmedicine.elf.dir/ra_gen/GUI_Thread.c.obj
                0x000068f8                g_uart7
 .rodata.g_uart7_cfg
                0x00006904       0x20 CMakeFiles/renesascup_smartmedicine.elf.dir/ra_gen/GUI_Thread.c.obj
                0x00006904                g_uart7_cfg
 .rodata.g_uart7_cfg_extend
                0x00006924       0x14 CMakeFiles/renesascup_smartmedicine.elf.dir/ra_gen/GUI_Thread.c.obj
                0x00006924                g_uart7_cfg_extend
 .rodata.g_i2c_master2
                0x00006938        0xc CMakeFiles/renesascup_smartmedicine.elf.dir/ra_gen/GUI_Thread.c.obj
                0x00006938                g_i2c_master2
 .rodata.g_i2c_master2_cfg
                0x00006944       0x28 CMakeFiles/renesascup_smartmedicine.elf.dir/ra_gen/GUI_Thread.c.obj
                0x00006944                g_i2c_master2_cfg
 .rodata.g_i2c_master2_extend
                0x0000696c        0x8 CMakeFiles/renesascup_smartmedicine.elf.dir/ra_gen/GUI_Thread.c.obj
                0x0000696c                g_i2c_master2_extend
 .rodata.Motor_thread_create.str1.4
                0x00006974        0xd CMakeFiles/renesascup_smartmedicine.elf.dir/ra_gen/Motor_thread.c.obj
 .rodata.Motor_thread_parameters
                0x00006974        0x4 CMakeFiles/renesascup_smartmedicine.elf.dir/ra_gen/Motor_thread.c.obj
                0x00006974                Motor_thread_parameters
 .rodata.can0   0x00006978        0xc CMakeFiles/renesascup_smartmedicine.elf.dir/ra_gen/Motor_thread.c.obj
                0x00006978                can0
 .rodata.can0_cfg
                0x00006984       0x18 CMakeFiles/renesascup_smartmedicine.elf.dir/ra_gen/Motor_thread.c.obj
                0x00006984                can0_cfg
 .rodata.g_bsp_pin_cfg
                0x0000699c        0xc CMakeFiles/renesascup_smartmedicine.elf.dir/ra_gen/pin_data.c.obj
                0x0000699c                g_bsp_pin_cfg
 .rodata.g_bsp_pin_cfg_data
                0x000069a8       0x58 CMakeFiles/renesascup_smartmedicine.elf.dir/ra_gen/pin_data.c.obj
                0x000069a8                g_bsp_pin_cfg_data
 .rodata.g_interrupt_event_link_select
                0x00006a00       0x1a CMakeFiles/renesascup_smartmedicine.elf.dir/ra_gen/vector_data.c.obj
                0x00006a00                g_interrupt_event_link_select
 .rodata.GUI_Thread_entry.str1.4
                0x00006a1a       0x3a CMakeFiles/renesascup_smartmedicine.elf.dir/src/GUI_Thread_entry.c.obj
 *fill*         0x00006a1a        0x2 
 .rodata.my_can_filter
                0x00006a1c       0x10 CMakeFiles/renesascup_smartmedicine.elf.dir/src/Motor_thread_entry.c.obj
                0x00006a1c                my_can_filter
 .rodata.app_touchpad_init.str1.4
                0x00006a2c       0x3a CMakeFiles/renesascup_smartmedicine.elf.dir/src/app/app_i2c_touchpad_test.c.obj
 .rodata._vfprintf_r.str1.1
                0x00006a2c       0x33 C:/PROGRA~2/ARMGNU~1/13C7F1~1.2RE/bin/../lib/gcc/arm-none-eabi/13.2.1/thumb/v8-m.main+fp/hard\libg_nano.a(libc_a-nano-vfprintf.o)
                                 0x11 (size before relaxing)
 .rodata._printf_i.str1.1
                0x00006a5f       0x22 C:/PROGRA~2/ARMGNU~1/13C7F1~1.2RE/bin/../lib/gcc/arm-none-eabi/13.2.1/thumb/v8-m.main+fp/hard\libg_nano.a(libc_a-nano-vfprintf_i.o)
 *(.mcuboot_sce9_key)
 *(.version)
 *fill*         0x00006a5f        0x1 
 .version       0x00006a60       0x50 CMakeFiles/renesascup_smartmedicine.elf.dir/ra/fsp/src/bsp/mcu/all/bsp_common.c.obj
                0x00006ab0                        __flash_readonly$$Limit = .

.glue_7         0x00006ab0        0x0
 .glue_7        0x00006ab0        0x0 linker stubs

.glue_7t        0x00006ab0        0x0
 .glue_7t       0x00006ab0        0x0 linker stubs

.vfp11_veneer   0x00006ab0        0x0
 .vfp11_veneer  0x00006ab0        0x0 linker stubs

.v4_bx          0x00006ab0        0x0